******************************************************************************
             TMS320C2000 Linker PC v15.12.3                    
******************************************************************************
>> Linked Wed Jun 28 17:52:59 2017

OUTPUT FILE NAME:   <umc_smart2.out>
ENTRY POINT SYMBOL: "_c_int00"  address: 0000f552


MEMORY CONFIGURATION

         name            origin    length      used     unused   attr    fill
----------------------  --------  ---------  --------  --------  ----  --------
PAGE 0:
  BEGIN                 00000000   00000002  00000002  00000000  RWIX
  RAMM0                 00000050   000003b0  00000124  0000028c  RWIX
  RAML0_L8              00008000   0000b800  00008649  000031b7  RWIX
  FPUTABLES             003fd590   000006a0  00000000  000006a0  RWIX
  IQTABLES              003fdc30   00000b50  00000b50  00000000  RWIX
  IQTABLES2             003fe780   0000008c  00000000  0000008c  RWIX
  IQTABLES3             003fe80c   000000aa  00000000  000000aa  RWIX
  BOOTROM               003ff3b0   00000c10  00000000  00000c10  RWIX
  RESET                 003fffc0   00000002  00000000  00000002  RWIX

PAGE 1:
  BOOT_RSVD             00000002   0000004e  00000000  0000004e  RWIX
  RAMM1                 00000400   00000400  000003b0  00000050  RWIX
  USB_RAM               00040000   00000800  00000000  00000800  RWIX


SECTION ALLOCATION MAP

 output                                  attributes/
section   page    origin      length       input sections
--------  ----  ----------  ----------   ----------------
codestart 
*          0    00000000    00000002     
                  00000000    00000002     CodeStartBranch.obj (codestart)

.cinit     0    00000050    000000f4     
                  00000050    000000a0     main.obj (.cinit)
                  000000f0    00000029     dlog4ch.obj (.cinit)
                  00000119    0000000e     rts2800_fpu32.lib : exit.obj (.cinit)
                  00000127    0000000d     motorware.obj (.cinit)
                  00000134    00000005     rts2800_fpu32.lib : _lock.obj (.cinit:__lock)
                  00000139    00000005                       : _lock.obj (.cinit:__unlock)
                  0000013e    00000004                       : errno.obj (.cinit)
                  00000142    00000002     --HOLE-- [fill = 0]

.switch    0    00000144    00000030     
                  00000144    00000030     protocol.obj (.switch:_PROTO_router)

.text      0    00008000    00007900     
                  00008000    00001660     hal.obj (.text)
                  00009660    0000106a     ctrlQEP.obj (.text)
                  0000a6ca    0000102c     user_online.obj (.text)
                  0000b6f6    00000792     motorware.obj (.text)
                  0000be88    0000066a     pwm.obj (.text)
                  0000c4f2    0000037f     rts2800_fpu32.lib : e_powf.obj (.text)
                  0000c871    0000036b     candrv.obj (.text)
                  0000cbdc    0000031d     clk.obj (.text)
                  0000cef9    0000031a     gpio.obj (.text)
                  0000d213    000002e2     adc.obj (.text)
                  0000d4f5    00000289     sci.obj (.text)
                  0000d77e    00000284     EFile.obj (.text)
                  0000da02    0000027a     isr.obj (.text)
                  0000dc7c    0000026f     i2c.obj (.text)
                  0000deeb    0000026c     isr.obj (.text:retain)
                  0000e157    00000252     enc.obj (.text)
                  0000e3a9    00000203     pie.obj (.text)
                  0000e5ac    000001d0     spi.obj (.text)
                  0000e77c    000001ca     main.obj (.text)
                  0000e946    0000019f     hdlc.obj (.text)
                  0000eae5    00000193     protocol.obj (.text)
                  0000ec78    0000012b     defaults.obj (.text)
                  0000eda3    00000129     throttle.obj (.text)
                  0000eecc    00000127     rts2800_fpu32.lib : e_logf.obj (.text)
                  0000eff3    00000115     inv_smart.obj (.text)
                  0000f108    000000c0     pll.obj (.text)
                  0000f1c8    0000008b     wdog.obj (.text)
                  0000f253    00000088     rts2800_fpu32.lib : fs_div.obj (.text)
                  0000f2db    00000083                       : fd_mpy.obj (.text)
                  0000f35e    0000006f     pwr.obj (.text)
                  0000f3cd    00000067     offset.obj (.text)
                  0000f434    00000067     rts2800_fpu32.lib : s_scalbnf.obj (.text)
                  0000f49b    0000005f     timer.obj (.text)
                  0000f4fa    00000058     rts2800_fpu32.lib : s_ceilf.obj (.text)
                  0000f552    00000056                       : boot.obj (.text)
                  0000f5a8    00000054     filter_fo.obj (.text)
                  0000f5fc    00000053     osc.obj (.text)
                  0000f64f    00000050     accelerator.obj (.text)
                  0000f69f    0000004f     flash.obj (.text)
                  0000f6ee    0000004c     cpu.obj (.text)
                  0000f73a    0000004b     dlog4chc.obj (.text)
                  0000f785    00000046     rts2800_fpu32.lib : cpy_tbl.obj (.text)
                  0000f7cb    00000029                       : exit.obj (.text)
                  0000f7f4    00000025                       : e_sqrtf.obj (.text)
                  0000f819    00000022                       : i_div.obj (.text)
                  0000f83b    0000001f                       : fd_tol.obj (.text)
                  0000f85a    0000001c                       : fs_tofd.obj (.text)
                  0000f876    0000001a                       : cpy_utils.obj (.text)
                  0000f890    00000019                       : args_main.obj (.text)
                  0000f8a9    00000011                       : s_copysignf.obj (.text)
                  0000f8ba    0000000e     crc_utils.obj (.text)
                  0000f8c8    0000000e     faults.obj (.text)
                  0000f8d6    0000000c     qep.obj (.text)
                  0000f8e2    0000000a     pie.obj (.text:retain)
                  0000f8ec    00000009     rts2800_fpu32.lib : _lock.obj (.text)
                  0000f8f5    00000008     CodeStartBranch.obj (.text)
                  0000f8fd    00000002     rts2800_fpu32.lib : pre_init.obj (.text)
                  0000f8ff    00000001                       : startup.obj (.text)

ramfuncs   0    000105db    0000006e     
                  000105db    0000006a     flash.obj (ramfuncs)
                  00010645    00000004     usDelay.obj (ramfuncs)

.pinit     0    00000050    00000000     UNINITIALIZED

.reset     0    003fffc0    00000002     DSECT
                  003fffc0    00000002     rts2800_fpu32.lib : boot.obj (.reset)

.ebss      0    0000f900    00000740     UNINITIALIZED
                  0000f900    000003ca     hal.obj (.ebss)
                  0000fcca    0000001a     dlog4ch.obj (.ebss)
                  0000fce4    0000000e     motorware.obj (.ebss)
                  0000fcf2    00000006     rts2800_fpu32.lib : exit.obj (.ebss)
                  0000fcf8    00000002                       : _lock.obj (.ebss:__lock)
                  0000fcfa    00000002                       : _lock.obj (.ebss:__unlock)
                  0000fcfc    00000001     cpu.obj (.ebss)
                  0000fcfd    00000001     rts2800_fpu32.lib : errno.obj (.ebss)
                  0000fcfe    00000002     --HOLE--
                  0000fd00    00000242     main.obj (.ebss)
                  0000ff42    0000003e     --HOLE--
                  0000ff80    00000074     hdlc.obj (.ebss)
                  0000fff4    0000000c     --HOLE--
                  00010000    00000040     ecan_new.obj (.ebss)

DLOG       0    00010040    00000320     UNINITIALIZED
                  00010040    00000320     dlog4chc.obj (DLOG)

.econst    0    00010360    0000018c     
                  00010360    00000100     crc_utils.obj (.econst:_crc_ccitt_table)
                  00010460    00000032     rts2800_fpu32.lib : e_powf.obj (.econst)
                  00010492    00000010                       : e_logf.obj (.econst)
                  000104a2    00000008     motorware.obj (.econst)
                  000104aa    00000008     user_online.obj (.econst)
                  000104b2    00000006     rts2800_fpu32.lib : s_scalbnf.obj (.econst)
                  000104b8    00000004     ctrlQEP.obj (.econst:_$P$T0$1)
                  000104bc    00000004     ctrlQEP.obj (.econst:_$P$T1$2)
                  000104c0    00000004     ctrlQEP.obj (.econst:_$P$T2$3)
                  000104c4    00000004     ctrlQEP.obj (.econst:_$P$T3$4)
                  000104c8    00000004     ctrlQEP.obj (.econst:_$P$T4$5)
                  000104cc    00000004     ctrlQEP.obj (.econst:_$P$T5$6)
                  000104d0    00000004     rts2800_fpu32.lib : e_powf.obj (.econst:_bp)
                  000104d4    00000004                       : e_powf.obj (.econst:_dp_h)
                  000104d8    00000004                       : e_powf.obj (.econst:_dp_l)
                  000104dc    00000004     ctrlQEP.obj (.econst)
                  000104e0    00000004     hal.obj (.econst)
                  000104e4    00000002     protocol.obj (.econst:_$P$T0$1)
                  000104e6    00000002     protocol.obj (.econst:_$P$T1$2)
                  000104e8    00000002     protocol.obj (.econst:_$P$T2$3)
                  000104ea    00000002     rts2800_fpu32.lib : s_ceilf.obj (.econst)

IQmath     0    000104ec    000000ef     
                  000104ec    00000047     IQmath_fpu32.lib : IQ24div.obj (IQmath)
                  00010533    00000042                      : IQ24sqrt.obj (IQmath)
                  00010575    00000029                      : IQ24sinPU.obj (IQmath)
                  0001059e    00000027                      : IQ24cosPU.obj (IQmath)
                  000105c5    00000016                      : IQ30toF.obj (IQmath)

IQmathTables 
*          0    003fdc30    00000b50     NOLOAD SECTION
                  003fdc30    00000b50     IQmath_fpu32.lib : IQmathTables.obj (IQmathTables)

.stack     1    00000400    000003b0     UNINITIALIZED
                  00000400    000003b0     --HOLE--

MODULE SUMMARY

       Module                code    ro data   rw data
       ------                ----    -------   -------
    .\
       hal.obj               5728    0         974    
       ctrlQEP.obj           4202    0         28     
       user_online.obj       4140    0         8      
       motorware.obj         1938    0         35     
       pwm.obj               1642    0         0      
       isr.obj               1254    0         0      
       main.obj              458     0         738    
       candrv.obj            875     0         0      
       dlog4chc.obj          75      0         800    
       clk.obj               797     0         0      
       gpio.obj              794     0         0      
       adc.obj               738     0         0      
       sci.obj               649     0         0      
       EFile.obj             644     0         0      
       i2c.obj               623     0         0      
       enc.obj               594     0         0      
       hdlc.obj              415     0         116    
       pie.obj               525     0         0      
       spi.obj               464     0         0      
       protocol.obj          403     0         54     
       defaults.obj          299     0         0      
       throttle.obj          297     0         0      
       inv_smart.obj         277     0         0      
       crc_utils.obj         14      0         256    
       pll.obj               192     0         0      
       flash.obj             185     0         0      
       wdog.obj              139     0         0      
       pwr.obj               111     0         0      
       offset.obj            103     0         0      
       timer.obj             95      0         0      
       filter_fo.obj         84      0         0      
       osc.obj               83      0         0      
       accelerator.obj       80      0         0      
       cpu.obj               76      0         1      
       dlog4ch.obj           0       0         67     
       ecan_new.obj          0       0         64     
       faults.obj            14      0         0      
       qep.obj               12      0         0      
       CodeStartBranch.obj   10      0         0      
       usDelay.obj           4       0         0      
    +--+---------------------+-------+---------+---------+
       Total:                29033   0         3141   
                                                      
    C:/ti/ccsv6/tools/compiler/c2000_15.12.3.LTS/lib/rts2800_fpu32.lib
       e_powf.obj            895     0         62     
       e_logf.obj            295     0         16     
       fs_div.obj            136     0         0      
       fd_mpy.obj            131     0         0      
       s_scalbnf.obj         103     0         6      
       s_ceilf.obj           88      0         2      
       boot.obj              86      0         0      
       cpy_tbl.obj           70      0         0      
       exit.obj              41      0         20     
       e_sqrtf.obj           37      0         0      
       i_div.obj             34      0         0      
       fd_tol.obj            31      0         0      
       fs_tofd.obj           28      0         0      
       cpy_utils.obj         26      0         0      
       args_main.obj         25      0         0      
       _lock.obj             9       0         14     
       s_copysignf.obj       17      0         0      
       errno.obj             0       0         5      
       pre_init.obj          2       0         0      
       startup.obj           1       0         0      
    +--+---------------------+-------+---------+---------+
       Total:                2055    0         125    
                                                      
    D:/Work/Git/umclib/modules/iqmath/lib/f28x/float/IQmath_fpu32.lib
       IQmathTables.obj      0       0         2896   
       IQ24div.obj           71      0         0      
       IQ24sqrt.obj          66      0         0      
       IQ24sinPU.obj         41      0         0      
       IQ24cosPU.obj         39      0         0      
       IQ30toF.obj           22      0         0      
    +--+---------------------+-------+---------+---------+
       Total:                239     0         2896   
                                                      
       Stack:                0       0         944    
    +--+---------------------+-------+---------+---------+
       Grand Total:          31327   0         7106   


GLOBAL DATA SYMBOLS: SORTED BY DATA PAGE

address     data page           name
--------    ----------------    ----
00000400      10 (00000400)     __stack

0000f900     3e4 (0000f900)     _accelerator

0000f940     3e5 (0000f940)     _memory

0000f9c0     3e7 (0000f9c0)     _encoder

0000fb00     3ec (0000fb00)     _hal

0000fcca     3f3 (0000fcc0)     _DlogCh3
0000fccb     3f3 (0000fcc0)     _DlogCh4
0000fccc     3f3 (0000fcc0)     _DlogCh1
0000fccd     3f3 (0000fcc0)     _DlogCh2
0000fcce     3f3 (0000fcc0)     _dlog
0000fce4     3f3 (0000fcc0)     _gCounter_updateGlobals
0000fce5     3f3 (0000fcc0)     _Flag_Latch_softwareUpdate
0000fce6     3f3 (0000fcc0)     _gTorque_Flux_Iq_pu_to_Nm_sf
0000fce8     3f3 (0000fcc0)     _gFlux_pu_to_VpHz_sf
0000fcea     3f3 (0000fcc0)     _gFlux_pu_to_Wb_sf
0000fcec     3f3 (0000fcc0)     _controller_obj
0000fcee     3f3 (0000fcc0)     _gMaxCurrentSlope
0000fcf0     3f3 (0000fcc0)     _gTorque_Ls_Id_Iq_pu_to_Nm_sf
0000fcf2     3f3 (0000fcc0)     ___TI_enable_exit_profile_output
0000fcf4     3f3 (0000fcc0)     ___TI_cleanup_ptr
0000fcf6     3f3 (0000fcc0)     ___TI_dtors_ptr
0000fcf8     3f3 (0000fcc0)     __lock
0000fcfa     3f3 (0000fcc0)     __unlock
0000fcfc     3f3 (0000fcc0)     _cpu
0000fcfd     3f3 (0000fcc0)     _errno

0000fd00     3f4 (0000fd00)     _crc
0000fd01     3f4 (0000fd00)     _k1
0000fd02     3f4 (0000fd00)     _k4
0000fd03     3f4 (0000fd00)     _k2
0000fd04     3f4 (0000fd00)     _g_enDCDC
0000fd05     3f4 (0000fd00)     _thrSuccess
0000fd06     3f4 (0000fd00)     _g_enHV
0000fd07     3f4 (0000fd00)     _gLEDcnt2
0000fd08     3f4 (0000fd00)     _g_enIGBT
0000fd09     3f4 (0000fd00)     _g_sw1
0000fd0a     3f4 (0000fd00)     _k3
0000fd0b     3f4 (0000fd00)     _gLEDCadenceFast
0000fd0c     3f4 (0000fd00)     _g_sw2
0000fd0d     3f4 (0000fd00)     _gLEDCadenceSlow
0000fd0e     3f4 (0000fd00)     _gLEDcnt1
0000fd10     3f4 (0000fd00)     _angle
0000fd12     3f4 (0000fd00)     _throttleA
0000fd14     3f4 (0000fd00)     _faultsHandle
0000fd16     3f4 (0000fd00)     _throttleB
0000fd18     3f4 (0000fd00)     _throttleResult
0000fd1a     3f4 (0000fd00)     _ctrlHandle
0000fd1c     3f4 (0000fd00)     _defaultsHandle
0000fd1e     3f4 (0000fd00)     _halHandle
0000fd20     3f4 (0000fd00)     _smartHandle
0000fd22     3f4 (0000fd00)     _protoHandle
0000fd24     3f4 (0000fd00)     _efileHandle
0000fd26     3f4 (0000fd00)     _FAULTS_handler
0000fd2a     3f4 (0000fd00)     _gPwmData
0000fd30     3f4 (0000fd00)     _SMART_inverter

0000fd40     3f5 (0000fd40)     _EFile
0000fd4a     3f5 (0000fd40)     _protocol
0000fd56     3f5 (0000fd40)     _gAdcData
0000fd64     3f5 (0000fd40)     _gAdcDataSec

0000fd80     3f6 (0000fd80)     _defaults

0000fe00     3f8 (0000fe00)     _gMotorVars

0000fe80     3fa (0000fe80)     _gUserParams

0000ff80     3fe (0000ff80)     _hdlc

00010000     400 (00010000)     _CanaShadow

00010040     401 (00010040)     _DLOG_4CH_buff1

00010108     404 (00010100)     _DLOG_4CH_buff2

000101d0     407 (000101c0)     _DLOG_4CH_buff3

00010298     40a (00010280)     _DLOG_4CH_buff4

00010360     40d (00010340)     _crc_ccitt_table

003fdc30    ff70 (003fdc00)     _IQsinTable

003fdd30    ff74 (003fdd00)     _IQcosTable

003fe030    ff80 (003fe000)     _IQsinTableEnd

003fe132    ff84 (003fe100)     _IQcosTableEnd
003fe132    ff84 (003fe100)     _IQdivRoundSatTable

003fe140    ff85 (003fe140)     _IQdivTable

003fe342    ff8d (003fe340)     _IQdivTableEnd
003fe342    ff8d (003fe340)     _IQisqrtRoundSatTable
003fe342    ff8d (003fe340)     _IQsqrtRoundSatTable
003fe352    ff8d (003fe340)     _IQisqrtTable
003fe352    ff8d (003fe340)     _IQsqrtTable

003fe454    ff91 (003fe440)     _IQatan2HalfPITable
003fe454    ff91 (003fe440)     _IQisqrtTableEnd
003fe454    ff91 (003fe440)     _IQsqrtTableEnd

003fe492    ff92 (003fe480)     _IQatan2Table

003fe618    ff98 (003fe600)     _IQ30mpyRndSatTable
003fe618    ff98 (003fe600)     _IQatan2TableEnd
003fe618    ff98 (003fe600)     _IQmpyRndSatTable
003fe624    ff98 (003fe600)     _IQ29mpyRndSatTable
003fe630    ff98 (003fe600)     _IQ28mpyRndSatTable
003fe63c    ff98 (003fe600)     _IQ27mpyRndSatTable

003fe648    ff99 (003fe640)     _IQ26mpyRndSatTable
003fe654    ff99 (003fe640)     _IQ25mpyRndSatTable
003fe660    ff99 (003fe640)     _IQ24mpyRndSatTable
003fe66c    ff99 (003fe640)     _IQ23mpyRndSatTable
003fe678    ff99 (003fe640)     _IQ22mpyRndSatTable

003fe684    ff9a (003fe680)     _IQ21mpyRndSatTable
003fe690    ff9a (003fe680)     _IQ20mpyRndSatTable
003fe69c    ff9a (003fe680)     _IQ19mpyRndSatTable
003fe6a8    ff9a (003fe680)     _IQ18mpyRndSatTable
003fe6b4    ff9a (003fe680)     _IQ17mpyRndSatTable

003fe6c0    ff9b (003fe6c0)     _IQ16mpyRndSatTable
003fe6cc    ff9b (003fe6c0)     _IQ15mpyRndSatTable
003fe6d8    ff9b (003fe6c0)     _IQ14mpyRndSatTable
003fe6e4    ff9b (003fe6c0)     _IQ13mpyRndSatTable
003fe6f0    ff9b (003fe6c0)     _IQ12mpyRndSatTable
003fe6fc    ff9b (003fe6c0)     _IQ11mpyRndSatTable

003fe708    ff9c (003fe700)     _IQ10mpyRndSatTable
003fe714    ff9c (003fe700)     _IQ9mpyRndSatTable
003fe720    ff9c (003fe700)     _IQ8mpyRndSatTable
003fe72c    ff9c (003fe700)     _IQ7mpyRndSatTable
003fe738    ff9c (003fe700)     _IQ6mpyRndSatTable

003fe744    ff9d (003fe740)     _IQ5mpyRndSatTable
003fe750    ff9d (003fe740)     _IQ4mpyRndSatTable
003fe75c    ff9d (003fe740)     _IQ3mpyRndSatTable
003fe768    ff9d (003fe740)     _IQ2mpyRndSatTable
003fe774    ff9d (003fe740)     _IQ1mpyRndSatTable

003fe780    ff9e (003fe780)     _IQmpyRndSatTableEnd


GLOBAL SYMBOLS: SORTED ALPHABETICALLY BY Name 

page  address   name                                             
----  -------   ----                                             
0     00008000  .text                                            
0     0000f7cb  C$$EXIT                                          
0     0000f2db  FD$$MPY                                          
0     0000f83b  FD$$TOL                                          
0     0000f253  FS$$DIV                                          
0     0000f85a  FS$$TOFD                                         
0     0000f819  I$$DIV                                           
0     0000f82a  I$$MOD                                           
0     0000f64f  _ACCEL_init                                      
0     0000f65b  _ACCEL_setParams                                 
0     0000f680  _ACCEL_setup                                     
0     0000d213  _ADC_disable                                     
0     0000d223  _ADC_disableBandGap                              
0     0000d233  _ADC_disableInt                                  
0     0000d471  _ADC_disableNoOverlapMode                        
0     0000d252  _ADC_disableRefBuffers                           
0     0000d4e5  _ADC_disableVoltRefLoConv                        
0     0000d262  _ADC_enable                                      
0     0000d272  _ADC_enableBandGap                               
0     0000d282  _ADC_enableInt                                   
0     0000d461  _ADC_enableNoOverlapMode                         
0     0000d2a1  _ADC_enableRefBuffers                            
0     0000d4d5  _ADC_enableVoltRefLoConv                         
0     0000d437  _ADC_getDivideSelect                             
0     0000d2b1  _ADC_init                                        
0     0000d2c0  _ADC_powerDown                                   
0     0000d2d0  _ADC_powerUp                                     
0     0000d2e0  _ADC_reset                                       
0     0000d449  _ADC_setDivideSelect                             
0     0000d30b  _ADC_setIntMode                                  
0     0000d336  _ADC_setIntPulseGenMode                          
0     0000d34e  _ADC_setIntSrc                                   
0     0000d4c4  _ADC_setOffTrim                                  
0     0000d379  _ADC_setSampleMode                               
0     0000d2f0  _ADC_setSampleOverlapMode                        
0     0000d397  _ADC_setSocChanNumber                            
0     0000d3e2  _ADC_setSocFrc                                   
0     0000d3f6  _ADC_setSocFrcWord                               
0     0000d3b0  _ADC_setSocSampleDelay                           
0     0000d3c9  _ADC_setSocTrigSrc                               
0     0000d407  _ADC_setTempSensorSrc                            
0     0000d41f  _ADC_setVoltRefSrc                               
0     0000d481  _ADC_setupSocTrigSrc                             
0     0000cbdc  _CLK_disableAdcClock                             
0     0000cbea  _CLK_disableClaClock                             
0     0000cbf8  _CLK_disableClkIn                                
0     0000cc03  _CLK_disableCompClock                            
0     0000cc10  _CLK_disableCpuTimerClock                        
0     0000cc20  _CLK_disableCrystalOsc                           
0     0000cc2b  _CLK_disableEcanaClock                           
0     0000cc39  _CLK_disableEcap1Clock                           
0     0000cc47  _CLK_disableEqep1Clock                           
0     0000cc55  _CLK_disableEqep2Clock                           
0     0000cc63  _CLK_disableGpioInputClock                       
0     0000cc71  _CLK_disableHrPwmClock                           
0     0000cc7f  _CLK_disableI2cClock                             
0     0000cc8d  _CLK_disableLinAClock                            
0     0000cc9b  _CLK_disableOsc1                                 
0     0000cca6  _CLK_disableOsc1HaltMode                         
0     0000ccb1  _CLK_disableOsc2                                 
0     0000ccbc  _CLK_disableOsc2HaltMode                         
0     0000ccc7  _CLK_disablePwmClock                             
0     0000ccd9  _CLK_disableSciaClock                            
0     0000cce7  _CLK_disableScibClock                            
0     0000ccf5  _CLK_disableSpiaClock                            
0     0000cd03  _CLK_disableSpibClock                            
0     0000cd0e  _CLK_disableTbClockSync                          
0     0000cd1c  _CLK_disableWatchDogHaltMode                     
0     0000cd27  _CLK_enableAdcClock                              
0     0000cd35  _CLK_enableClaClock                              
0     0000cda4  _CLK_enableClkIn                                 
0     0000cd43  _CLK_enableCompClock                             
0     0000cd52  _CLK_enableCpuTimerClock                         
0     0000cd61  _CLK_enableCrystalOsc                            
0     0000cd6c  _CLK_enableEcanaClock                            
0     0000cd96  _CLK_enableEcap1Clock                            
0     0000cd7a  _CLK_enableEqep1Clock                            
0     0000cd88  _CLK_enableEqep2Clock                            
0     0000cdaf  _CLK_enableGpioInputClock                        
0     0000cdbd  _CLK_enableHrPwmClock                            
0     0000cdcb  _CLK_enableI2cClock                              
0     0000cdd9  _CLK_enableLinAClock                             
0     0000cde7  _CLK_enableOsc1                                  
0     0000cdf2  _CLK_enableOsc1HaltMode                          
0     0000cdfd  _CLK_enableOsc2                                  
0     0000ce08  _CLK_enableOsc2HaltMode                          
0     0000ce13  _CLK_enablePwmClock                              
0     0000ce24  _CLK_enableSciaClock                             
0     0000ce32  _CLK_enableScibClock                             
0     0000ce40  _CLK_enableSpiaClock                             
0     0000ce4e  _CLK_enableSpibClock                             
0     0000ce5c  _CLK_enableTbClockSync                           
0     0000ce6a  _CLK_enableWatchDogHaltMode                      
0     0000ce75  _CLK_init                                        
0     0000ce81  _CLK_setClkOutPreScaler                          
0     0000ce90  _CLK_setLowSpdPreScaler                          
0     0000ceae  _CLK_setOsc2Src                                  
0     0000ce9f  _CLK_setOscSrc                                   
0     0000cecc  _CLK_setTimer2PreScale                           
0     0000cedb  _CLK_setTimer2Src                                
0     0000ceea  _CLK_setWatchDogSrc                              
0     0000cebd  _CLK_setXClkInSrc                                
0     0000f6ee  _CPU_clearIntFlags                               
0     0000f6f4  _CPU_disableDebugInt                             
0     0000f6fa  _CPU_disableGlobalInts                           
0     0000f700  _CPU_disableInt                                  
0     0000f709  _CPU_disableInts                                 
0     0000f70f  _CPU_disableProtectedRegisterWrite               
0     0000f715  _CPU_enableDebugInt                              
0     0000f71b  _CPU_enableGlobalInts                            
0     0000f721  _CPU_enableInt                                   
0     0000f729  _CPU_enableProtectedRegisterWrite                
0     0000f72f  _CPU_init                                        
0     0000a104  _CTRL_getGains                                   
0     0000a11a  _CTRL_getIab_filt_pu                             
0     0000a12c  _CTRL_getIab_in_pu                               
0     0000a13e  _CTRL_getIdq_in_pu                               
0     0000a150  _CTRL_getIdq_ref_pu                              
0     0000a162  _CTRL_getMagCurrent_pu                           
0     0000a168  _CTRL_getMaximumSpeed_pu                         
0     0000a16e  _CTRL_getVab_in_pu                               
0     0000a180  _CTRL_getVab_out_pu                              
0     0000a192  _CTRL_getVdq_out_pu                              
abs   003fa721  _CTRL_getVersion                                 
0     0000a1a4  _CTRL_getWaitTimes                               
abs   003fa6fb  _CTRL_initCtrl                                   
0     0000a1bf  _CTRL_run                                        
abs   003fa5d1  _CTRL_runTraj                                    
abs   003f9e64  _CTRL_setEstParams                               
0     0000a217  _CTRL_setGains                                   
0     0000a229  _CTRL_setMagCurrent_pu                           
0     0000a230  _CTRL_setMaximumSpeed_pu                         
0     0000a237  _CTRL_setParams                                  
0     0000a53b  _CTRL_setSpd_ref_krpm                            
0     0000a52f  _CTRL_setSpd_ref_pu                              
abs   003f9d31  _CTRL_setUserMotorParams                         
0     0000a5c7  _CTRL_setWaitTimes                               
0     0000a555  _CTRL_setup                                      
0     0000a571  _CTRL_setupClarke_I                              
0     0000a5a1  _CTRL_setupClarke_V                              
abs   003f9b43  _CTRL_setupCtrl                                  
abs   003f99a5  _CTRL_setupEstIdleState                          
abs   003f996a  _CTRL_setupEstOnLineState                        
abs   003f9806  _CTRL_setupTraj                                  
0     0000a5e3  _CTRL_updateState                                
0     00010000  _CanaShadow                                      
0     0000ec78  _DEFAULTS_init                                   
0     00010040  _DLOG_4CH_buff1                                  
0     00010108  _DLOG_4CH_buff2                                  
0     000101d0  _DLOG_4CH_buff3                                  
0     00010298  _DLOG_4CH_buff4                                  
0     0000f73a  _DLOG_4CH_init                                   
0     0000f745  _DLOG_4CH_update                                 
0     0000fccc  _DlogCh1                                         
0     0000fccd  _DlogCh2                                         
0     0000fcca  _DlogCh3                                         
0     0000fccb  _DlogCh4                                         
0     0000fd40  _EFile                                           
0     0000d994  _EFile_formatConfig                              
0     0000d786  _EFile_init                                      
0     0000d9a9  _EFile_readConfig                                
0     0000d86b  _EFile_readFile                                  
0     0000d7ae  _EFile_readHeader                                
0     0000d797  _EFile_setCP                                     
0     0000d9c8  _EFile_writeConfig                               
0     0000d8f8  _EFile_writeFile                                 
0     0000d80e  _EFile_writeHeader                               
0     0000e235  _ENC_calcElecAngle                               
0     0000e393  _ENC_getSpeedRPM                                 
0     0000e157  _ENC_init                                        
0     0000e26f  _ENC_run                                         
0     0000e166  _ENC_setup                                       
abs   003f86ad  _EST_computeDirection_qFmt                       
abs   003f9760  _EST_doCurrentCtrl                               
abs   003f9758  _EST_doSpeedCtrl                                 
abs   003f8c0d  _EST_getAngle_pu                                 
abs   003f96be  _EST_getFlux_VpHz                                
abs   003f96ab  _EST_getFlux_pu                                  
abs   003f968e  _EST_getFm_pu                                    
abs   003f9632  _EST_getIdRated                                  
abs   003f95ff  _EST_getLs_coarse_max_pu                         
abs   003f95f5  _EST_getLs_d_H                                   
abs   003f95f0  _EST_getLs_d_pu                                  
abs   003f95ce  _EST_getLs_q_H                                   
abs   003f95c9  _EST_getLs_q_pu                                  
abs   003f95bd  _EST_getMaxCurrentSlope_pu                       
abs   003f95b3  _EST_getOneOverDcBus_pu                          
abs   003f95ad  _EST_getRr_Ohm                                   
abs   003f9513  _EST_getRs_Ohm                                   
abs   003f94c6  _EST_getSpeed_krpm                               
abs   003f861b  _EST_getState                                    
abs   003f9458  _EST_get_krpm_to_pu_sf                           
abs   003f938d  _EST_isError                                     
abs   003f9386  _EST_isIdle                                      
abs   003f937f  _EST_isLockRotor                                 
abs   003f8679  _EST_isMotorIdentified                           
abs   003f9378  _EST_isOnLine                                    
abs   003f927b  _EST_run                                         
abs   003f8bf5  _EST_setDir_qFmt                                 
abs   003f8be8  _EST_setFe_neg_max_pu                            
abs   003f8be4  _EST_setFe_pos_min_pu                            
abs   003f8bdb  _EST_setFlag_enableForceAngle                    
abs   003f8bd3  _EST_setFlag_enableRsRecalc                      
abs   003f8b80  _EST_setId_ref_pu                                
abs   003f8b7a  _EST_setIdle                                     
abs   003f8b67  _EST_setIdle_all                                 
abs   003f8b63  _EST_setIq_ref_pu                                
abs   003f8b45  _EST_setLs_d_pu                                  
abs   003f8af1  _EST_setLs_qFmt                                  
abs   003f8ae7  _EST_setLs_q_pu                                  
abs   003f8adb  _EST_setMaxCurrentSlope_pu                       
abs   003f8a18  _EST_setRs_pu                                    
abs   003f89f5  _EST_updateId_ref_pu                             
abs   003f8713  _EST_updateState                                 
abs   003f861d  _EST_useZeroIq_ref                               
0     0000fd26  _FAULTS_handler                                  
0     0000f8c8  _FAULTS_init                                     
0     0000f5a8  _FILTER_FO_getDenCoeffs                          
0     0000f5b1  _FILTER_FO_getInitialConditions                  
0     0000f5c0  _FILTER_FO_getNumCoeffs                          
0     0000f5cd  _FILTER_FO_init                                  
0     0000f5d9  _FILTER_FO_setDenCoeffs                          
0     0000f5e2  _FILTER_FO_setInitialConditions                  
0     0000f5f0  _FILTER_FO_setNumCoeffs                          
0     0000f69f  _FLASH_clear3VStatus                             
0     000105db  _FLASH_disablePipelineMode                       
0     000105e6  _FLASH_enablePipelineMode                        
0     0000f6aa  _FLASH_get3VStatus                               
0     0000f6b3  _FLASH_getActiveWaitCount                        
0     0000f6bc  _FLASH_getActiveWaitStatus                       
0     0000f6c6  _FLASH_getPowerMode                              
0     0000f6cf  _FLASH_getStandbyWaitCount                       
0     0000f6d8  _FLASH_getStandbyWaitStatus                      
0     0000f6e2  _FLASH_init                                      
0     000105f1  _FLASH_setActiveWaitCount                        
0     000105fd  _FLASH_setNumPagedReadWaitStates                 
0     0001060c  _FLASH_setNumRandomReadWaitStates                
0     0001061b  _FLASH_setOtpWaitStates                          
0     0001062a  _FLASH_setPowerMode                              
0     00010639  _FLASH_setStandbyWaitCount                       
0     0000fce5  _Flag_Latch_softwareUpdate                       
0     0000cef9  _GPIO_getData                                    
0     0000cf1c  _GPIO_getPortData                                
0     0000cf32  _GPIO_init                                       
0     0000d201  _GPIO_lpmSelect                                  
0     0000cfb9  _GPIO_read                                       
0     0000cf73  _GPIO_setDirection                               
0     0000cfa8  _GPIO_setExtInt                                  
0     0000cfed  _GPIO_setHigh                                    
0     0000d00d  _GPIO_setLow                                     
0     0000d02d  _GPIO_setMode                                    
0     0000d09e  _GPIO_setPortData                                
0     0000cf3e  _GPIO_setPullup                                  
0     0000d0b8  _GPIO_setQualification                           
0     0000d147  _GPIO_setQualificationPeriod                     
0     0000d1e1  _GPIO_toggle                                     
0     000084eb  _HAL_AdcCalChanSelect                            
0     00008551  _HAL_AdcCalConversion                            
0     000084ac  _HAL_AdcOffsetSelfCal                            
0     000083a3  _HAL_OscTempComp                                 
0     00008389  _HAL_cal                                         
0     00008770  _HAL_disableGlobalInts                           
0     00008764  _HAL_disableWdog                                 
0     0000878b  _HAL_enableAdcInts                               
0     00008779  _HAL_enableCANInts                               
0     000087d4  _HAL_enableDebugInt                              
0     000087dd  _HAL_enableGlobalInts                            
0     000087ed  _HAL_enablePwmInt                                
0     000087bb  _HAL_enableSPIBInts                              
0     000087a3  _HAL_enableSciRxInts                             
0     00008805  _HAL_enableTZInt                                 
0     00008493  _HAL_getOscTrimValue                             
0     00008889  _HAL_init                                        
0     000089d6  _HAL_initSystemBase                              
0     0000840b  _HAL_osc1Comp                                    
0     0000844f  _HAL_osc2Comp                                    
0     00009616  _HAL_setCurrentTripPoint                         
0     0000962c  _HAL_setOutputDAC                                
0     00008a10  _HAL_setParams                                   
0     0000941a  _HAL_setResolverMode                             
0     00008b6b  _HAL_setupAdcs                                   
0     00008d57  _HAL_setupCAN                                    
0     00008d60  _HAL_setupClks                                   
0     00008845  _HAL_setupFaults                                 
0     00008d84  _HAL_setupFlash                                  
0     00008da9  _HAL_setupGpios                                  
0     00008d30  _HAL_setupI2C                                    
0     00009434  _HAL_setupIOExtender                             
0     00009073  _HAL_setupPeripheralClks                         
0     00009049  _HAL_setupPie                                    
0     000090e3  _HAL_setupPll                                    
0     00009497  _HAL_setupPwmDacs                                
0     00009136  _HAL_setupPwms                                   
0     000092c8  _HAL_setupQEP                                    
0     000093ca  _HAL_setupResolver                               
0     00008ce4  _HAL_setupScia                                   
0     000095c3  _HAL_setupTimers                                 
0     0000e985  _HDLC_charReceiver                               
0     0000ea3f  _HDLC_frameEncoder                               
0     0000e946  _HDLC_init                                       
0     0000e979  _HDLC_sendChar                                   
0     0000e952  _HDLC_setParams                                  
0     0000eab6  _HDLC_txByteStuffing                             
0     0000eac9  _HDLC_update                                     
0     0000de66  _I2C_ReadData                                    
0     0000ddc3  _I2C_WriteData                                   
0     0000dc8f  _I2C_clearRxFifoInt                              
0     0000dc9a  _I2C_clearTxFifoInt                              
0     0000dca5  _I2C_disable                                     
0     0000dd08  _I2C_disableARDYInt                              
0     0000dd36  _I2C_disableRXFIFO                               
0     0000dcf2  _I2C_disableRxRdyInt                             
0     0000dcc6  _I2C_disableStopInt                              
0     0000dd64  _I2C_disableTXFIFO                               
0     0000dcdc  _I2C_disableTxRdyInt                             
0     0000dcb0  _I2C_enable                                      
0     0000dcfd  _I2C_enableARDYInt                               
0     0000dd13  _I2C_enableRXFIFO                                
0     0000dce7  _I2C_enableRxRdyInt                              
0     0000dcbb  _I2C_enableStopInt                               
0     0000dd41  _I2C_enableTXFIFO                                
0     0000dcd1  _I2C_enableTxRdyInt                              
0     0000dd8f  _I2C_init                                        
0     0000dd9b  _I2C_isBusy                                      
0     0000ddaf  _I2C_overrun                                     
0     0000dd2b  _I2C_resetRXFIFO                                 
0     0000dd59  _I2C_resetTXFIFO                                 
0     0000dd6f  _I2C_setFrequency                                
0     0000dd1e  _I2C_setRXFIFOiLevel                             
0     0000dd4c  _I2C_setTXFIFOiLevel                             
0     003fe708  _IQ10mpyRndSatTable                              
0     003fe6fc  _IQ11mpyRndSatTable                              
0     003fe6f0  _IQ12mpyRndSatTable                              
0     003fe6e4  _IQ13mpyRndSatTable                              
0     003fe6d8  _IQ14mpyRndSatTable                              
0     003fe6cc  _IQ15mpyRndSatTable                              
0     003fe6c0  _IQ16mpyRndSatTable                              
0     003fe6b4  _IQ17mpyRndSatTable                              
0     003fe6a8  _IQ18mpyRndSatTable                              
0     003fe69c  _IQ19mpyRndSatTable                              
0     003fe774  _IQ1mpyRndSatTable                               
0     003fe690  _IQ20mpyRndSatTable                              
0     003fe684  _IQ21mpyRndSatTable                              
0     003fe678  _IQ22mpyRndSatTable                              
0     003fe66c  _IQ23mpyRndSatTable                              
0     003fe660  _IQ24mpyRndSatTable                              
0     003fe654  _IQ25mpyRndSatTable                              
0     003fe648  _IQ26mpyRndSatTable                              
0     003fe63c  _IQ27mpyRndSatTable                              
0     003fe630  _IQ28mpyRndSatTable                              
0     003fe624  _IQ29mpyRndSatTable                              
0     003fe768  _IQ2mpyRndSatTable                               
0     003fe618  _IQ30mpyRndSatTable                              
0     003fe75c  _IQ3mpyRndSatTable                               
0     003fe750  _IQ4mpyRndSatTable                               
0     003fe744  _IQ5mpyRndSatTable                               
0     003fe738  _IQ6mpyRndSatTable                               
0     003fe72c  _IQ7mpyRndSatTable                               
0     003fe720  _IQ8mpyRndSatTable                               
0     003fe714  _IQ9mpyRndSatTable                               
0     003fe454  _IQatan2HalfPITable                              
0     003fe492  _IQatan2Table                                    
0     003fe618  _IQatan2TableEnd                                 
0     003fdd30  _IQcosTable                                      
0     003fe132  _IQcosTableEnd                                   
0     003fe132  _IQdivRoundSatTable                              
0     003fe140  _IQdivTable                                      
0     003fe342  _IQdivTableEnd                                   
0     003fe342  _IQisqrtRoundSatTable                            
0     003fe352  _IQisqrtTable                                    
0     003fe454  _IQisqrtTableEnd                                 
0     003fe618  _IQmpyRndSatTable                                
0     003fe780  _IQmpyRndSatTableEnd                             
0     003fdc30  _IQsinTable                                      
0     003fe030  _IQsinTableEnd                                   
0     003fe342  _IQsqrtRoundSatTable                             
0     003fe352  _IQsqrtTable                                     
0     003fe454  _IQsqrtTableEnd                                  
0     0000e01c  _ISR_Can0                                        
0     0000e029  _ISR_SciaRx                                      
0     0000e06d  _ISR_SciaTx                                      
0     0000e07a  _ISR_SpiBTx                                      
0     0000e0b4  _ISR_TZ1                                         
0     0000e0f1  _ISR_TZ2                                         
0     0000e124  _ISR_TZ3                                         
0     0000deeb  _ISR_main                                        
0     0000be66  _MOTORWARE_acim_Dir_qFmtCalc                     
0     0000b982  _MOTORWARE_enableInts                            
0     0000b919  _MOTORWARE_init                                  
0     0000bd73  _MOTORWARE_recalcKpKi                            
0     0000ba7d  _MOTORWARE_runSequencer                          
0     0000bc5a  _MOTORWARE_runSequencer_tuning                   
0     0000be06  _MOTORWARE_setFeLimitZero                        
0     0000b997  _MOTORWARE_updateGlobalVariables_motor           
0     0000ba36  _MOTORWARE_updateIqRef                           
0     0000f3cd  _OFFSET_getBeta                                  
0     0000f3e1  _OFFSET_init                                     
0     0000f3f9  _OFFSET_setBeta                                  
0     0000f418  _OFFSET_setInitCond                              
0     0000f42b  _OFFSET_setOffset                                
0     0000f5fc  _OSC_init                                        
0     0000f608  _OSC_setCoarseTrim                               
0     0000f621  _OSC_setFineTrim                                 
0     0000f63c  _OSC_setTrim                                     
0     0000e3a9  _PIE_clearAllFlags                               
0     0000e3bd  _PIE_clearAllInts                                
0     0000e3c5  _PIE_disable                                     
0     0000e3e6  _PIE_disableAllInts                              
0     0000e3cd  _PIE_disableCaptureInt                           
0     0000e3d8  _PIE_disableExtInt                               
0     0000e3fa  _PIE_disableInt                                  
0     0000e40b  _PIE_enable                                      
0     0000e413  _PIE_enableAdcInt                                
0     0000e44f  _PIE_enableCan0Int                               
0     0000e439  _PIE_enableCaptureInt                            
0     0000e465  _PIE_enableExtInt                                
0     0000e489  _PIE_enableInt                                   
0     0000e499  _PIE_enablePwmInt                                
0     0000e4ae  _PIE_enablePwmTzInt                              
0     0000e444  _PIE_enableSciRxInt                              
0     0000e45a  _PIE_enableSpibTxInt                             
0     0000e4c3  _PIE_enableTimer0Int                             
0     0000e4ce  _PIE_forceInt                                    
0     0000e4de  _PIE_getExtIntCount                              
0     0000e4ec  _PIE_getIntEnables                               
0     0000e4f9  _PIE_getIntFlags                                 
0     0000f8e2  _PIE_illegalIsr                                  
0     0000e506  _PIE_init                                        
0     0000e515  _PIE_registerPieIntHandler                       
0     0000e532  _PIE_registerSystemIntHandler                    
0     0000e548  _PIE_setDefaultIntVectorTable                    
0     0000e563  _PIE_setExtIntPolarity                           
0     0000e579  _PIE_unregisterPieIntHandler                     
0     0000e596  _PIE_unregisterSystemIntHandler                  
0     0000f108  _PLL_disable                                     
0     0000f113  _PLL_disableClkDetect                            
0     0000f11e  _PLL_disableNormRdy                              
0     0000f129  _PLL_disableOsc                                  
0     0000f134  _PLL_enable                                      
0     0000f13f  _PLL_enableClkDetect                             
0     0000f14a  _PLL_enableNormRdy                               
0     0000f155  _PLL_enableOsc                                   
0     0000f160  _PLL_getClkFreq                                  
0     0000f16c  _PLL_getClkStatus                                
0     0000f175  _PLL_getDivideSelect                             
0     0000f17e  _PLL_getLockStatus                               
0     0000f187  _PLL_init                                        
0     0000f193  _PLL_resetClkDetect                              
0     0000f19e  _PLL_setClkFreq                                  
0     0000f1ad  _PLL_setDivideSelect                             
0     0000f1bc  _PLL_setLockPeriod                               
0     0000eb91  _PROTO_commandDefault                            
0     0000ebe2  _PROTO_commandEcho                               
0     0000eb92  _PROTO_commandError                              
0     0000ec43  _PROTO_commandGetMem                             
0     0000ec54  _PROTO_commandSetMem                             
0     0000ebab  _PROTO_commandToggleLED                          
0     0000ebfd  _PROTO_getObsBuff                                
0     0000eaf3  _PROTO_init                                      
0     0000ebc9  _PROTO_readSignature                             
0     0000eb16  _PROTO_router                                    
0     0000eaff  _PROTO_setParams                                 
0     0000be88  _PWM_clearTripZone                               
0     0000be97  _PWM_decrementDeadBandFallingEdgeDelay           
0     0000bea1  _PWM_decrementDeadBandRisingEdgeDelay            
0     0000beab  _PWM_disableAutoConvert                          
0     0000beb9  _PWM_disableChopping                             
0     0000bec4  _PWM_disableCounterLoad                          
0     0000becc  _PWM_disableDeadBand                             
0     0000bed6  _PWM_disableDeadBandHalfCycle                    
0     0000bee1  _PWM_disableDigitalCompareBlankingWindow         
0     0000beef  _PWM_disableDigitalCompareBlankingWindowInversion
0     0000befd  _PWM_disableHrPeriod                             
0     0000bf0b  _PWM_disableHrPhaseSync                          
0     0000bf19  _PWM_disableInt                                  
0     0000bf24  _PWM_disableSocAPulse                            
0     0000bf2f  _PWM_disableSocBPulse                            
0     0000bf47  _PWM_disableTripZoneInt                          
0     0000bf57  _PWM_disableTripZoneSrc                          
0     0000bf3a  _PWM_disableTripZones                            
0     0000bf67  _PWM_enableAutoConvert                           
0     0000bf75  _PWM_enableChopping                              
0     0000bf80  _PWM_enableCounterLoad                           
0     0000bf88  _PWM_enableDeadBandHalfCycle                     
0     0000bf93  _PWM_enableDigitalCompareBlankingWindow          
0     0000bfa1  _PWM_enableDigitalCompareBlankingWindowInversion 
0     0000bfaf  _PWM_enableHrPeriod                              
0     0000bfc8  _PWM_enableHrPhaseSync                           
0     0000bfbd  _PWM_enableInt                                   
0     0000bfd6  _PWM_enableSocAPulse                             
0     0000bfe1  _PWM_enableSocBPulse                             
0     0000bfec  _PWM_enableTripZoneInt                           
0     0000bffb  _PWM_enableTripZoneSrc                           
0     0000c00a  _PWM_getDeadBandFallingEdgeDelay                 
0     0000c014  _PWM_getDeadBandRisingEdgeDelay                  
0     0000c01e  _PWM_getIntCount                                 
0     0000c046  _PWM_getShadowStatus_CmpA                        
0     0000c052  _PWM_getShadowStatus_CmpB                        
0     0000c02a  _PWM_getSocACount                                
0     0000c038  _PWM_getSocBCount                                
0     0000c09a  _PWM_incrementDeadBandFallingEdgeDelay           
0     0000c0a4  _PWM_incrementDeadBandRisingEdgeDelay            
0     0000c0ae  _PWM_init                                        
0     0000c14a  _PWM_setActionQualContSWForce_PwmA               
0     0000c15b  _PWM_setActionQualContSWForce_PwmB               
0     0000c0ba  _PWM_setActionQual_CntDown_CmpA_PwmA             
0     0000c0cc  _PWM_setActionQual_CntDown_CmpA_PwmB             
0     0000c0de  _PWM_setActionQual_CntDown_CmpB_PwmA             
0     0000c0f0  _PWM_setActionQual_CntDown_CmpB_PwmB             
0     0000c102  _PWM_setActionQual_CntUp_CmpA_PwmA               
0     0000c114  _PWM_setActionQual_CntUp_CmpA_PwmB               
0     0000c126  _PWM_setActionQual_CntUp_CmpB_PwmA               
0     0000c138  _PWM_setActionQual_CntUp_CmpB_PwmB               
0     0000c16d  _PWM_setActionQual_Period_PwmA                   
0     0000c17f  _PWM_setActionQual_Period_PwmB                   
0     0000c191  _PWM_setActionQual_Zero_PwmA                     
0     0000c1a2  _PWM_setActionQual_Zero_PwmB                     
0     0000c1b3  _PWM_setChoppingClkFreq                          
0     0000c1c4  _PWM_setChoppingDutyCycle                        
0     0000c1d5  _PWM_setChoppingPulseWidth                       
0     0000c1e6  _PWM_setClkDiv                                   
0     0000c1f2  _PWM_setCount                                    
0     0000c1fb  _PWM_setCounterMode                              
0     0000c207  _PWM_setDeadBandFallingEdgeDelay                 
0     0000c213  _PWM_setDeadBandInputMode                        
0     0000c224  _PWM_setDeadBandOutputMode                       
0     0000c235  _PWM_setDeadBandPolarity                         
0     0000c246  _PWM_setDeadBandRisingEdgeDelay                  
0     0000c2ad  _PWM_setDigitalCompareAEvent1                    
0     0000c2ce  _PWM_setDigitalCompareAEvent2                    
0     0000c2e8  _PWM_setDigitalCompareBEvent1                    
0     0000c309  _PWM_setDigitalCompareBEvent2                    
0     0000c266  _PWM_setDigitalCompareBlankingPulse              
0     0000c27b  _PWM_setDigitalCompareFilterOffset               
0     0000c252  _PWM_setDigitalCompareFilterSource               
0     0000c287  _PWM_setDigitalCompareFilterWindow               
0     0000c293  _PWM_setDigitalCompareInput                      
0     0000c323  _PWM_setHighSpeedClkDiv                          
0     0000c05e  _PWM_setHrControlMode                            
0     0000c072  _PWM_setHrEdgeMode                               
0     0000c086  _PWM_setHrShadowMode                             
0     0000c32f  _PWM_setIntMode                                  
0     0000c340  _PWM_setIntPeriod                                
0     0000c351  _PWM_setLoadMode_CmpA                            
0     0000c35d  _PWM_setLoadMode_CmpB                            
0     0000c36a  _PWM_setPeriod                                   
0     0000c373  _PWM_setPeriodHr                                 
0     0000c394  _PWM_setPeriodLoad                               
0     0000c37f  _PWM_setPhase                                    
0     0000c388  _PWM_setPhaseDir                                 
0     0000c3a0  _PWM_setRunMode                                  
0     0000c3f4  _PWM_setShadowMode_CmpA                          
0     0000c401  _PWM_setShadowMode_CmpB                          
0     0000c3ac  _PWM_setSocAPeriod                               
0     0000c3be  _PWM_setSocAPulseSrc                             
0     0000c3d0  _PWM_setSocBPeriod                               
0     0000c3e2  _PWM_setSocBPulseSrc                             
0     0000c40e  _PWM_setSwSync                                   
0     0000c416  _PWM_setSyncMode                                 
0     0000c422  _PWM_setTripZoneDCEventSelect_DCAEVT1            
0     0000c436  _PWM_setTripZoneDCEventSelect_DCAEVT2            
0     0000c44b  _PWM_setTripZoneDCEventSelect_DCBEVT1            
0     0000c460  _PWM_setTripZoneDCEventSelect_DCBEVT2            
0     0000c475  _PWM_setTripZoneState_DCAEVT1                    
0     0000c48a  _PWM_setTripZoneState_DCAEVT2                    
0     0000c49f  _PWM_setTripZoneState_DCBEVT1                    
0     0000c4b4  _PWM_setTripZoneState_DCBEVT2                    
0     0000c4c9  _PWM_setTripZoneState_TZA                        
0     0000c4dd  _PWM_setTripZoneState_TZB                        
0     0000f35e  _PWR_disableBrownOutReset                        
0     0000f366  _PWR_disableWatchDogInt                          
0     0000f376  _PWR_enableBrownOutReset                         
0     0000f37e  _PWR_enableWatchDogInt                           
0     0000f38e  _PWR_init                                        
0     0000f39d  _PWR_setLowPowerMode                             
0     0000f3b5  _PWR_setNumStandByClocks                         
0     0000f8d6  _QEP_init                                        
0     00010649  _RamfuncsLoadEnd                                 
abs   0000006e  _RamfuncsLoadSize                                
0     000105db  _RamfuncsLoadStart                               
0     000105db  _RamfuncsRunStart                                
0     0000d515  _SCI_clearAutoBaudDetect                         
0     0000d52b  _SCI_clearRxFifoInt                              
0     0000d520  _SCI_clearRxFifoOvf                              
0     0000d536  _SCI_clearTxFifoInt                              
0     0000d541  _SCI_disable                                     
0     0000d549  _SCI_disableAutoBaudAlign                        
0     0000d554  _SCI_disableLoopBack                             
0     0000d55c  _SCI_disableParity                               
0     0000d564  _SCI_disableRx                                   
0     0000d56c  _SCI_disableRxErrorInt                           
0     0000d574  _SCI_disableRxFifoInt                            
0     0000d57f  _SCI_disableRxInt                                
0     0000d587  _SCI_disableSleep                                
0     0000d58f  _SCI_disableTx                                   
0     0000d597  _SCI_disableTxFifoEnh                            
0     0000d5a2  _SCI_disableTxFifoInt                            
0     0000d5ad  _SCI_disableTxInt                                
0     0000d5b5  _SCI_disableTxWake                               
0     0000d5bd  _SCI_enable                                      
0     0000d5c5  _SCI_enableAutoBaudAlign                         
0     0000d5d0  _SCI_enableChannels                              
0     0000d5db  _SCI_enableLoopBack                              
0     0000d5e3  _SCI_enableParity                                
0     0000d5eb  _SCI_enableRx                                    
0     0000d5f3  _SCI_enableRxErrorInt                            
0     0000d60b  _SCI_enableRxFifo                                
0     0000d616  _SCI_enableRxFifoInt                             
0     0000d5fb  _SCI_enableRxInt                                 
0     0000d603  _SCI_enableSleep                                 
0     0000d621  _SCI_enableTx                                    
0     0000d629  _SCI_enableTxFifo                                
0     0000d634  _SCI_enableTxFifoEnh                             
0     0000d63f  _SCI_enableTxFifoInt                             
0     0000d64a  _SCI_enableTxInt                                 
0     0000d652  _SCI_enableTxWake                                
0     0000d65a  _SCI_getDataBlocking                             
0     0000d667  _SCI_getDataNonBlocking                          
0     0000d67b  _SCI_getRxFifoStatus                             
0     0000d687  _SCI_getTxFifoStatus                             
0     0000d693  _SCI_init                                        
0     0000d69f  _SCI_putDataBlocking                             
0     0000d6b0  _SCI_putDataNonBlocking                          
0     0000d6c3  _SCI_reset                                       
0     0000d6cb  _SCI_resetChannels                               
0     0000d6dd  _SCI_resetRxFifo                                 
0     0000d6ef  _SCI_resetTxFifo                                 
0     0000d701  _SCI_setBaudRate                                 
0     0000d70f  _SCI_setCharLength                               
0     0000d71b  _SCI_setMode                                     
0     0000d727  _SCI_setNumStopBits                              
0     0000d73f  _SCI_setParity                                   
0     0000d733  _SCI_setPriority                                 
0     0000d75c  _SCI_setRxFifoIntLevel                           
0     0000d74b  _SCI_setTxDelay                                  
0     0000d76d  _SCI_setTxFifoIntLevel                           
0     0000f027  _SMART_disableDCDC                               
0     0000f063  _SMART_disableHV                                 
0     0000f045  _SMART_disableIGBT                               
0     0000f018  _SMART_enableDCDC                                
0     0000f054  _SMART_enableHV                                  
0     0000f036  _SMART_enableIGBT                                
0     0000f072  _SMART_getExtDCDCen                              
0     0000f081  _SMART_getExtMotorEn                             
0     0000f090  _SMART_getReverseInputState                      
0     0000eff3  _SMART_init                                      
0     0000fd30  _SMART_inverter                                  
0     0000f0c8  _SMART_runSequencer                              
0     0000f0c3  _SMART_setBrakeLight                             
0     0000f09f  _SMART_setSpeedo                                 
0     0000f0b1  _SMART_setTemp                                   
0     0000e5b7  _SPI_clearRxFifoInt                              
0     0000e5ac  _SPI_clearRxFifoOvf                              
0     0000e5c2  _SPI_clearTxFifoInt                              
0     0000e5cd  _SPI_disableInt                                  
0     0000e5d5  _SPI_disableLoopBack                             
0     0000e5dd  _SPI_disableOverRunInt                           
0     0000e5e5  _SPI_disableRxFifoInt                            
0     0000e5f0  _SPI_disableTx                                   
0     0000e5f8  _SPI_disableTxFifoEnh                            
0     0000e603  _SPI_disableTxFifoInt                            
0     0000e60e  _SPI_enable                                      
0     0000e616  _SPI_enableChannels                              
0     0000e621  _SPI_enableInt                                   
0     0000e629  _SPI_enableLoopBack                              
0     0000e631  _SPI_enableOverRunInt                            
0     0000e639  _SPI_enableRxFifo                                
0     0000e644  _SPI_enableRxFifoInt                             
0     0000e64f  _SPI_enableTx                                    
0     0000e657  _SPI_enableTxFifo                                
0     0000e662  _SPI_enableTxFifoEnh                             
0     0000e66d  _SPI_enableTxFifoInt                             
0     0000e690  _SPI_getIntFlagStatus                            
0     0000e678  _SPI_getRxFifoStatus                             
0     0000e699  _SPI_getTxBufferStatus                           
0     0000e684  _SPI_getTxFifoStatus                             
0     0000e6a2  _SPI_init                                        
0     0000e6ae  _SPI_reset                                       
0     0000e6b6  _SPI_resetChannels                               
0     0000e6c1  _SPI_resetRxFifo                                 
0     0000e6cc  _SPI_resetTxFifo                                 
0     0000e6d7  _SPI_setBaudRate                                 
0     0000e6e0  _SPI_setCharLength                               
0     0000e6ec  _SPI_setClkPhase                                 
0     0000e6f5  _SPI_setClkPolarity                              
0     0000e701  _SPI_setMode                                     
0     0000e70a  _SPI_setPriority                                 
0     0000e71b  _SPI_setRxFifoIntLevel                           
0     0000e72c  _SPI_setSteInv                                   
0     0000e73d  _SPI_setSuspend                                  
0     0000e74e  _SPI_setTriWire                                  
0     0000e75f  _SPI_setTxDelay                                  
0     0000e76b  _SPI_setTxFifoIntLevel                           
0     0000edd8  _THROTTLE_calcParams                             
0     0000eda3  _THROTTLE_init                                   
0     0000ee20  _THROTTLE_runState                               
0     0000edaf  _THROTTLE_setParams                              
0     0000ee09  _THROTTLE_setup                                  
0     0000f49b  _TIMER_clearFlag                                 
0     0000f4a3  _TIMER_disableInt                                
0     0000f4ab  _TIMER_enableInt                                 
0     0000f4b3  _TIMER_getStatus                                 
0     0000f4bc  _TIMER_init                                      
0     0000f4c8  _TIMER_setDecimationFactor                       
0     0000f4db  _TIMER_setEmulationMode                          
0     0000f4e7  _TIMER_setPreScaler                              
0     0000b3a3  _USER_calcPIgains                                
0     0000aaa2  _USER_checkForErrors                             
0     0000b637  _USER_computeFlux                                
0     0000b5d5  _USER_computeFlux_pu_to_VpHz_sf                  
0     0000b567  _USER_computeFlux_pu_to_Wb_sf                    
0     0000b4e1  _USER_computeTorque_Flux_Iq_pu_to_Nm_sf          
0     0000b47d  _USER_computeTorque_Ls_Id_Iq_pu_to_Nm_sf         
0     0000b64a  _USER_computeTorque_Nm                           
0     0000b69b  _USER_computeTorque_lbin                         
0     0000b2ef  _USER_getErrorCode                               
0     0000b2f7  _USER_setErrorCode                               
0     0000a6e8  _USER_setParams                                  
0     0000b301  _USER_softwareUpdate1p6                          
0     0000f1c8  _WDOG_clearCounter                               
0     0000f1d6  _WDOG_disable                                    
0     0000f1e6  _WDOG_disableInt                                 
0     0000f1f1  _WDOG_disableOverRide                            
0     0000f1fc  _WDOG_enable                                     
0     0000f20c  _WDOG_enableInt                                  
0     0000f217  _WDOG_enableOverRide                             
0     0000f222  _WDOG_getIntStatus                               
0     0000f22b  _WDOG_init                                       
0     0000f237  _WDOG_setCount                                   
0     0000f240  _WDOG_setPreScaler                               
0     0001059e  __IQ24cosPU                                      
0     000104ec  __IQ24div                                        
0     00010575  __IQ24sinPU                                      
0     00010533  __IQ24sqrt                                       
0     000105c5  __IQ30toF                                        
1     000007b0  __STACK_END                                      
abs   000003b0  __STACK_SIZE                                     
0     0000fcf4  ___TI_cleanup_ptr                                
0     0000fcf6  ___TI_dtors_ptr                                  
0     0000fcf2  ___TI_enable_exit_profile_output                 
abs   ffffffff  ___TI_pprof_out_hndl                             
abs   ffffffff  ___TI_prof_data_size                             
abs   ffffffff  ___TI_prof_data_start                            
abs   ffffffff  ___binit__                                       
abs   ffffffff  ___c_args__                                      
0     00000050  ___cinit__                                       
0     0000f900  ___etext__                                       
abs   ffffffff  ___pinit__                                       
0     00008000  ___text__                                        
0     0000f890  __args_main                                      
0     0000fcf8  __lock                                           
0     0000f8f4  __nop                                            
0     0000f8f0  __register_lock                                  
0     0000f8ec  __register_unlock                                
1     00000400  __stack                                          
0     0000f8ff  __system_post_cinit                              
0     0000f8fd  __system_pre_init                                
0     0000fcfa  __unlock                                         
0     0000f7cb  _abort                                           
0     0000f900  _accelerator                                     
0     0000fd10  _angle                                           
0     0000f552  _c_int00                                         
0     0000f4fa  _ceil                                            
0     0000f4fa  _ceilf                                           
0     0000fcec  _controller_obj                                  
0     0000f785  _copy_in                                         
0     0000f8a9  _copysign                                        
0     0000f8a9  _copysignf                                       
0     0000fcfc  _cpu                                             
0     0000fd00  _crc                                             
0     00010360  _crc_ccitt_table                                 
0     0000f8ba  _crc_ccitt_update                                
0     0000fd1a  _ctrlHandle                                      
0     0000f876  _ddcopy                                          
0     0000fd80  _defaults                                        
0     0000fd1c  _defaultsHandle                                  
0     0000fcce  _dlog                                            
0     0000f876  _dpcopy                                          
0     0000caa5  _ecan_ack                                        
0     0000c993  _ecan_init                                       
0     0000cadc  _ecan_irq                                        
0     0000cb7f  _ecan_read                                       
0     0000ca07  _ecan_write                                      
0     0000fd24  _efileHandle                                     
0     0000f9c0  _encoder                                         
0     0000fcfd  _errno                                           
0     0000f7cd  _exit                                            
0     0000fd14  _faultsHandle                                    
0     0000fd56  _gAdcData                                        
0     0000fd64  _gAdcDataSec                                     
0     0000fce4  _gCounter_updateGlobals                          
0     0000fce8  _gFlux_pu_to_VpHz_sf                             
0     0000fcea  _gFlux_pu_to_Wb_sf                               
0     0000fd0b  _gLEDCadenceFast                                 
0     0000fd0d  _gLEDCadenceSlow                                 
0     0000fd0e  _gLEDcnt1                                        
0     0000fd07  _gLEDcnt2                                        
0     0000fcee  _gMaxCurrentSlope                                
0     0000fe00  _gMotorVars                                      
0     0000fd2a  _gPwmData                                        
0     0000fce6  _gTorque_Flux_Iq_pu_to_Nm_sf                     
0     0000fcf0  _gTorque_Ls_Id_Iq_pu_to_Nm_sf                    
0     0000fe80  _gUserParams                                     
0     0000fd04  _g_enDCDC                                        
0     0000fd06  _g_enHV                                          
0     0000fd08  _g_enIGBT                                        
0     0000fd09  _g_sw1                                           
0     0000fd0c  _g_sw2                                           
0     0000fb00  _hal                                             
0     0000fd1e  _halHandle                                       
0     0000ff80  _hdlc                                            
0     0000fd01  _k1                                              
0     0000fd03  _k2                                              
0     0000fd0a  _k3                                              
0     0000fd02  _k4                                              
0     0000f434  _ldexp                                           
0     0000f434  _ldexpf                                          
0     0000eecc  _log                                             
0     0000eecc  _logf                                            
0     0000e830  _main                                            
0     0000f940  _memory                                          
0     0000f876  _pdcopy                                          
0     0000c4f2  _pow                                             
0     0000c4f2  _powf                                            
0     0000f876  _ppcopy                                          
0     0000fd22  _protoHandle                                     
0     0000fd4a  _protocol                                        
0     0000f434  _scalbn                                          
0     0000f434  _scalbnf                                         
0     0000fd20  _smartHandle                                     
0     0000f7f4  _sqrt                                            
0     0000f7f4  _sqrtf                                           
0     0000fd05  _thrSuccess                                      
0     0000fd12  _throttleA                                       
0     0000fd16  _throttleB                                       
0     0000fd18  _throttleResult                                  
0     00010645  _usDelay                                         
abs   ffffffff  binit                                            
0     00000050  cinit                                            
0     00000000  code_start                                       
0     0000f900  etext                                            
abs   ffffffff  pinit                                            


GLOBAL SYMBOLS: SORTED BY Symbol Address 

page  address   name                                             
----  -------   ----                                             
0     00000000  code_start                                       
0     00000050  ___cinit__                                       
0     00000050  cinit                                            
0     00008000  .text                                            
0     00008000  ___text__                                        
0     00008389  _HAL_cal                                         
0     000083a3  _HAL_OscTempComp                                 
0     0000840b  _HAL_osc1Comp                                    
0     0000844f  _HAL_osc2Comp                                    
0     00008493  _HAL_getOscTrimValue                             
0     000084ac  _HAL_AdcOffsetSelfCal                            
0     000084eb  _HAL_AdcCalChanSelect                            
0     00008551  _HAL_AdcCalConversion                            
0     00008764  _HAL_disableWdog                                 
0     00008770  _HAL_disableGlobalInts                           
0     00008779  _HAL_enableCANInts                               
0     0000878b  _HAL_enableAdcInts                               
0     000087a3  _HAL_enableSciRxInts                             
0     000087bb  _HAL_enableSPIBInts                              
0     000087d4  _HAL_enableDebugInt                              
0     000087dd  _HAL_enableGlobalInts                            
0     000087ed  _HAL_enablePwmInt                                
0     00008805  _HAL_enableTZInt                                 
0     00008845  _HAL_setupFaults                                 
0     00008889  _HAL_init                                        
0     000089d6  _HAL_initSystemBase                              
0     00008a10  _HAL_setParams                                   
0     00008b6b  _HAL_setupAdcs                                   
0     00008ce4  _HAL_setupScia                                   
0     00008d30  _HAL_setupI2C                                    
0     00008d57  _HAL_setupCAN                                    
0     00008d60  _HAL_setupClks                                   
0     00008d84  _HAL_setupFlash                                  
0     00008da9  _HAL_setupGpios                                  
0     00009049  _HAL_setupPie                                    
0     00009073  _HAL_setupPeripheralClks                         
0     000090e3  _HAL_setupPll                                    
0     00009136  _HAL_setupPwms                                   
0     000092c8  _HAL_setupQEP                                    
0     000093ca  _HAL_setupResolver                               
0     0000941a  _HAL_setResolverMode                             
0     00009434  _HAL_setupIOExtender                             
0     00009497  _HAL_setupPwmDacs                                
0     000095c3  _HAL_setupTimers                                 
0     00009616  _HAL_setCurrentTripPoint                         
0     0000962c  _HAL_setOutputDAC                                
0     0000a104  _CTRL_getGains                                   
0     0000a11a  _CTRL_getIab_filt_pu                             
0     0000a12c  _CTRL_getIab_in_pu                               
0     0000a13e  _CTRL_getIdq_in_pu                               
0     0000a150  _CTRL_getIdq_ref_pu                              
0     0000a162  _CTRL_getMagCurrent_pu                           
0     0000a168  _CTRL_getMaximumSpeed_pu                         
[...]
0     0000f19e  _PLL_setClkFreq                                  
0     0000f1ad  _PLL_setDivideSelect                             
0     0000f1bc  _PLL_setLockPeriod                               
0     0000f1c8  _WDOG_clearCounter                               
0     0000f1d6  _WDOG_disable                                    
0     0000f1e6  _WDOG_disableInt                                 
0     0000f1f1  _WDOG_disableOverRide                            
0     0000f1fc  _WDOG_enable                                     
0     0000f20c  _WDOG_enableInt                                  
0     0000f217  _WDOG_enableOverRide                             
0     0000f222  _WDOG_getIntStatus                               
0     0000f22b  _WDOG_init                                       
0     0000f237  _WDOG_setCount                                   
0     0000f240  _WDOG_setPreScaler                               
0     0000f253  FS$$DIV                                          
0     0000f2db  FD$$MPY                                          
0     0000f35e  _PWR_disableBrownOutReset                        
0     0000f366  _PWR_disableWatchDogInt                          
0     0000f376  _PWR_enableBrownOutReset                         
0     0000f37e  _PWR_enableWatchDogInt                           
0     0000f38e  _PWR_init                                        
0     0000f39d  _PWR_setLowPowerMode                             
0     0000f3b5  _PWR_setNumStandByClocks                         
0     0000f3cd  _OFFSET_getBeta                                  
0     0000f3e1  _OFFSET_init                                     
0     0000f3f9  _OFFSET_setBeta                                  
0     0000f418  _OFFSET_setInitCond                              
0     0000f42b  _OFFSET_setOffset                                
0     0000f434  _ldexp                                           
0     0000f434  _ldexpf                                          
0     0000f434  _scalbn                                          
0     0000f434  _scalbnf                                         
0     0000f49b  _TIMER_clearFlag                                 
0     0000f4a3  _TIMER_disableInt                                
0     0000f4ab  _TIMER_enableInt                                 
0     0000f4b3  _TIMER_getStatus                                 
0     0000f4bc  _TIMER_init                                      
0     0000f4c8  _TIMER_setDecimationFactor                       
0     0000f4db  _TIMER_setEmulationMode                          
0     0000f4e7  _TIMER_setPreScaler                              
0     0000f4fa  _ceil                                            
0     0000f4fa  _ceilf                                           
0     0000f552  _c_int00                                         
0     0000f5a8  _FILTER_FO_getDenCoeffs                          
0     0000f5b1  _FILTER_FO_getInitialConditions                  
0     0000f5c0  _FILTER_FO_getNumCoeffs                          
0     0000f5cd  _FILTER_FO_init                                  
0     0000f5d9  _FILTER_FO_setDenCoeffs                          
0     0000f5e2  _FILTER_FO_setInitialConditions                  
0     0000f5f0  _FILTER_FO_setNumCoeffs                          
0     0000f5fc  _OSC_init                                        
0     0000f608  _OSC_setCoarseTrim                               
0     0000f621  _OSC_setFineTrim                                 
0     0000f63c  _OSC_setTrim                                     
0     0000f64f  _ACCEL_init                                      
0     0000f65b  _ACCEL_setParams                                 
0     0000f680  _ACCEL_setup                                     
0     0000f69f  _FLASH_clear3VStatus                             
0     0000f6aa  _FLASH_get3VStatus                               
0     0000f6b3  _FLASH_getActiveWaitCount                        
0     0000f6bc  _FLASH_getActiveWaitStatus                       
0     0000f6c6  _FLASH_getPowerMode                              
0     0000f6cf  _FLASH_getStandbyWaitCount                       
0     0000f6d8  _FLASH_getStandbyWaitStatus                      
0     0000f6e2  _FLASH_init                                      
0     0000f6ee  _CPU_clearIntFlags                               
0     0000f6f4  _CPU_disableDebugInt                             
0     0000f6fa  _CPU_disableGlobalInts                           
0     0000f700  _CPU_disableInt                                  
0     0000f709  _CPU_disableInts                                 
0     0000f70f  _CPU_disableProtectedRegisterWrite               
0     0000f715  _CPU_enableDebugInt                              
0     0000f71b  _CPU_enableGlobalInts                            
0     0000f721  _CPU_enableInt                                   
0     0000f729  _CPU_enableProtectedRegisterWrite                
0     0000f72f  _CPU_init                                        
0     0000f73a  _DLOG_4CH_init                                   
0     0000f745  _DLOG_4CH_update                                 
0     0000f785  _copy_in                                         
0     0000f7cb  C$$EXIT                                          
0     0000f7cb  _abort                                           
0     0000f7cd  _exit                                            
0     0000f7f4  _sqrt                                            
0     0000f7f4  _sqrtf                                           
0     0000f819  I$$DIV                                           
0     0000f82a  I$$MOD                                           
0     0000f83b  FD$$TOL                                          
0     0000f85a  FS$$TOFD                                         
0     0000f876  _ddcopy                                          
0     0000f876  _dpcopy                                          
0     0000f876  _pdcopy                                          
0     0000f876  _ppcopy                                          
0     0000f890  __args_main                                      
0     0000f8a9  _copysign                                        
0     0000f8a9  _copysignf                                       
0     0000f8ba  _crc_ccitt_update                                
0     0000f8c8  _FAULTS_init                                     
0     0000f8d6  _QEP_init                                        
0     0000f8e2  _PIE_illegalIsr                                  
0     0000f8ec  __register_unlock                                
0     0000f8f0  __register_lock                                  
0     0000f8f4  __nop                                            
0     0000f8fd  __system_pre_init                                
0     0000f8ff  __system_post_cinit                              
0     0000f900  ___etext__                                       
0     0000f900  _accelerator                                     
0     0000f900  etext                                            
0     0000f940  _memory                                          
0     0000f9c0  _encoder                                         
0     0000fb00  _hal                                             
0     0000fcca  _DlogCh3                                         
0     0000fccb  _DlogCh4                                         
0     0000fccc  _DlogCh1                                         
0     0000fccd  _DlogCh2                                         
0     0000fcce  _dlog                                            
0     0000fce4  _gCounter_updateGlobals                          
0     0000fce5  _Flag_Latch_softwareUpdate                       
0     0000fce6  _gTorque_Flux_Iq_pu_to_Nm_sf                     
0     0000fce8  _gFlux_pu_to_VpHz_sf                             
0     0000fcea  _gFlux_pu_to_Wb_sf                               
0     0000fcec  _controller_obj                                  
0     0000fcee  _gMaxCurrentSlope                                
0     0000fcf0  _gTorque_Ls_Id_Iq_pu_to_Nm_sf                    
0     0000fcf2  ___TI_enable_exit_profile_output                 
0     0000fcf4  ___TI_cleanup_ptr                                
0     0000fcf6  ___TI_dtors_ptr                                  
0     0000fcf8  __lock                                           
0     0000fcfa  __unlock                                         
0     0000fcfc  _cpu                                             
0     0000fcfd  _errno                                           
0     0000fd00  _crc                                             
0     0000fd01  _k1                                              
0     0000fd02  _k4                                              
0     0000fd03  _k2                                              
0     0000fd04  _g_enDCDC                                        
0     0000fd05  _thrSuccess                                      
0     0000fd06  _g_enHV                                          
0     0000fd07  _gLEDcnt2                                        
0     0000fd08  _g_enIGBT                                        
0     0000fd09  _g_sw1                                           
0     0000fd0a  _k3                                              
0     0000fd0b  _gLEDCadenceFast                                 
0     0000fd0c  _g_sw2                                           
0     0000fd0d  _gLEDCadenceSlow                                 
0     0000fd0e  _gLEDcnt1                                        
0     0000fd10  _angle                                           
0     0000fd12  _throttleA                                       
0     0000fd14  _faultsHandle                                    
0     0000fd16  _throttleB                                       
0     0000fd18  _throttleResult                                  
0     0000fd1a  _ctrlHandle                                      
0     0000fd1c  _defaultsHandle                                  
0     0000fd1e  _halHandle                                       
0     0000fd20  _smartHandle                                     
0     0000fd22  _protoHandle                                     
0     0000fd24  _efileHandle                                     
0     0000fd26  _FAULTS_handler                                  
0     0000fd2a  _gPwmData                                        
0     0000fd30  _SMART_inverter                                  
0     0000fd40  _EFile                                           
0     0000fd4a  _protocol                                        
0     0000fd56  _gAdcData                                        
0     0000fd64  _gAdcDataSec                                     
0     0000fd80  _defaults                                        
0     0000fe00  _gMotorVars                                      
0     0000fe80  _gUserParams                                     
0     0000ff80  _hdlc                                            
0     00010000  _CanaShadow                                      
0     00010040  _DLOG_4CH_buff1                                  
0     00010108  _DLOG_4CH_buff2                                  
0     000101d0  _DLOG_4CH_buff3                                  
0     00010298  _DLOG_4CH_buff4                                  
0     00010360  _crc_ccitt_table                                 
0     000104ec  __IQ24div                                        
0     00010533  __IQ24sqrt                                       
0     00010575  __IQ24sinPU                                      
0     0001059e  __IQ24cosPU                                      
0     000105c5  __IQ30toF                                        
0     000105db  _FLASH_disablePipelineMode                       
0     000105db  _RamfuncsLoadStart                               
0     000105db  _RamfuncsRunStart                                
0     000105e6  _FLASH_enablePipelineMode                        
0     000105f1  _FLASH_setActiveWaitCount                        
0     000105fd  _FLASH_setNumPagedReadWaitStates                 
0     0001060c  _FLASH_setNumRandomReadWaitStates                
0     0001061b  _FLASH_setOtpWaitStates                          
0     0001062a  _FLASH_setPowerMode                              
0     00010639  _FLASH_setStandbyWaitCount                       
0     00010645  _usDelay                                         
0     00010649  _RamfuncsLoadEnd                                 
0     003fdc30  _IQsinTable                                      
0     003fdd30  _IQcosTable                                      
0     003fe030  _IQsinTableEnd                                   
0     003fe132  _IQcosTableEnd                                   
0     003fe132  _IQdivRoundSatTable                              
0     003fe140  _IQdivTable                                      
0     003fe342  _IQdivTableEnd                                   
0     003fe342  _IQisqrtRoundSatTable                            
0     003fe342  _IQsqrtRoundSatTable                             
0     003fe352  _IQisqrtTable                                    
0     003fe352  _IQsqrtTable                                     
0     003fe454  _IQatan2HalfPITable                              
0     003fe454  _IQisqrtTableEnd                                 
0     003fe454  _IQsqrtTableEnd                                  
0     003fe492  _IQatan2Table                                    
0     003fe618  _IQ30mpyRndSatTable                              
0     003fe618  _IQatan2TableEnd                                 
0     003fe618  _IQmpyRndSatTable                                
0     003fe624  _IQ29mpyRndSatTable                              
0     003fe630  _IQ28mpyRndSatTable                              
0     003fe63c  _IQ27mpyRndSatTable                              
0     003fe648  _IQ26mpyRndSatTable                              
0     003fe654  _IQ25mpyRndSatTable                              
0     003fe660  _IQ24mpyRndSatTable                              
0     003fe66c  _IQ23mpyRndSatTable                              
0     003fe678  _IQ22mpyRndSatTable                              
0     003fe684  _IQ21mpyRndSatTable                              
0     003fe690  _IQ20mpyRndSatTable                              
0     003fe69c  _IQ19mpyRndSatTable                              
0     003fe6a8  _IQ18mpyRndSatTable                              
0     003fe6b4  _IQ17mpyRndSatTable                              
0     003fe6c0  _IQ16mpyRndSatTable                              
0     003fe6cc  _IQ15mpyRndSatTable                              
0     003fe6d8  _IQ14mpyRndSatTable                              
0     003fe6e4  _IQ13mpyRndSatTable                              
0     003fe6f0  _IQ12mpyRndSatTable                              
0     003fe6fc  _IQ11mpyRndSatTable                              
0     003fe708  _IQ10mpyRndSatTable                              
0     003fe714  _IQ9mpyRndSatTable                               
0     003fe720  _IQ8mpyRndSatTable                               
0     003fe72c  _IQ7mpyRndSatTable                               
0     003fe738  _IQ6mpyRndSatTable                               
0     003fe744  _IQ5mpyRndSatTable                               
0     003fe750  _IQ4mpyRndSatTable                               
0     003fe75c  _IQ3mpyRndSatTable                               
0     003fe768  _IQ2mpyRndSatTable                               
0     003fe774  _IQ1mpyRndSatTable                               
0     003fe780  _IQmpyRndSatTableEnd                             
1     00000400  __stack                                          
1     000007b0  __STACK_END                                      
abs   0000006e  _RamfuncsLoadSize                                
abs   000003b0  __STACK_SIZE                                     
abs   003f861b  _EST_getState                                    
abs   003f861d  _EST_useZeroIq_ref                               
abs   003f8679  _EST_isMotorIdentified                           
abs   003f86ad  _EST_computeDirection_qFmt                       
abs   003f8713  _EST_updateState                                 
abs   003f89f5  _EST_updateId_ref_pu                             
abs   003f8a18  _EST_setRs_pu                                    
abs   003f8adb  _EST_setMaxCurrentSlope_pu                       
abs   003f8ae7  _EST_setLs_q_pu                                  
abs   003f8af1  _EST_setLs_qFmt                                  
abs   003f8b45  _EST_setLs_d_pu                                  
abs   003f8b63  _EST_setIq_ref_pu                                
abs   003f8b67  _EST_setIdle_all                                 
abs   003f8b7a  _EST_setIdle                                     
abs   003f8b80  _EST_setId_ref_pu                                
abs   003f8bd3  _EST_setFlag_enableRsRecalc                      
abs   003f8bdb  _EST_setFlag_enableForceAngle                    
abs   003f8be4  _EST_setFe_pos_min_pu                            
abs   003f8be8  _EST_setFe_neg_max_pu                            
abs   003f8bf5  _EST_setDir_qFmt                                 
abs   003f8c0d  _EST_getAngle_pu                                 
abs   003f927b  _EST_run                                         
abs   003f9378  _EST_isOnLine                                    
abs   003f937f  _EST_isLockRotor                                 
abs   003f9386  _EST_isIdle                                      
abs   003f938d  _EST_isError                                     
abs   003f9458  _EST_get_krpm_to_pu_sf                           
abs   003f94c6  _EST_getSpeed_krpm                               
abs   003f9513  _EST_getRs_Ohm                                   
abs   003f95ad  _EST_getRr_Ohm                                   
abs   003f95b3  _EST_getOneOverDcBus_pu                          
abs   003f95bd  _EST_getMaxCurrentSlope_pu                       
abs   003f95c9  _EST_getLs_q_pu                                  
abs   003f95ce  _EST_getLs_q_H                                   
abs   003f95f0  _EST_getLs_d_pu                                  
abs   003f95f5  _EST_getLs_d_H                                   
abs   003f95ff  _EST_getLs_coarse_max_pu                         
abs   003f9632  _EST_getIdRated                                  
abs   003f968e  _EST_getFm_pu                                    
abs   003f96ab  _EST_getFlux_pu                                  
abs   003f96be  _EST_getFlux_VpHz                                
abs   003f9758  _EST_doSpeedCtrl                                 
abs   003f9760  _EST_doCurrentCtrl                               
abs   003f9806  _CTRL_setupTraj                                  
abs   003f996a  _CTRL_setupEstOnLineState                        
abs   003f99a5  _CTRL_setupEstIdleState                          
abs   003f9b43  _CTRL_setupCtrl                                  
abs   003f9d31  _CTRL_setUserMotorParams                         
abs   003f9e64  _CTRL_setEstParams                               
abs   003fa5d1  _CTRL_runTraj                                    
abs   003fa6fb  _CTRL_initCtrl                                   
abs   003fa721  _CTRL_getVersion                                 
abs   ffffffff  ___TI_pprof_out_hndl                             
abs   ffffffff  ___TI_prof_data_size                             
abs   ffffffff  ___TI_prof_data_start                            
abs   ffffffff  ___binit__                                       
abs   ffffffff  ___c_args__                                      
abs   ffffffff  ___pinit__                                       
abs   ffffffff  binit                                            
abs   ffffffff  pinit                                            

[842 symbols]
