******************************************************************************
             TMS320C2000 Linker PC v15.12.3                    
******************************************************************************
>> Linked Sun Nov 27 15:40:46 2016

OUTPUT FILE NAME:   <umc_volt_leaf.out>
ENTRY POINT SYMBOL: "_c_int00"  address: 0000cb5b


MEMORY CONFIGURATION

         name            origin    length      used     unused   attr    fill
----------------------  --------  ---------  --------  --------  ----  --------
PAGE 0:
  BEGIN                 00000000   00000002  00000002  00000000  RWIX
  RAMM0                 00000050   000003b0  0000010e  000002a2  RWIX
  RAML0_L8              00008000   0000b800  00005890  00005f70  RWIX
  FPUTABLES             003fd590   000006a0  00000000  000006a0  RWIX
  IQTABLES              003fdc30   00000b50  00000b50  00000000  RWIX
  IQTABLES2             003fe780   0000008c  00000000  0000008c  RWIX
  IQTABLES3             003fe80c   000000aa  00000000  000000aa  RWIX
  BOOTROM               003ff3b0   00000c10  00000000  00000c10  RWIX
  RESET                 003fffc0   00000002  00000000  00000002  RWIX

PAGE 1:
  BOOT_RSVD             00000002   0000004e  00000000  0000004e  RWIX
  RAMM1                 00000400   00000400  000003b0  00000050  RWIX
  USB_RAM               00040000   00000800  00000000  00000800  RWIX


SECTION ALLOCATION MAP

 output                                  attributes/
section   page    origin      length       input sections
--------  ----  ----------  ----------   ----------------
codestart 
*          0    00000000    00000002     
                  00000000    00000002     CodeStartBranch.obj (codestart)

.cinit     0    00000050    000000d8     
                  00000050    000000ad     main_ext1.obj (.cinit)
                  000000fd    0000000e     rts2800_fpu32.lib : exit.obj (.cinit)
                  0000010b    0000000d     motorware.obj (.cinit)
                  00000118    00000005     rts2800_fpu32.lib : _lock.obj (.cinit:__lock)
                  0000011d    00000005                       : _lock.obj (.cinit:__unlock)
                  00000122    00000004                       : errno.obj (.cinit)
                  00000126    00000002     --HOLE-- [fill = 0]

ramfuncs   0    00000128    00000036     
                  00000128    00000032     flash.obj (ramfuncs)
                  0000015a    00000004     usDelay.obj (ramfuncs)

.text      0    00008000    00004eb7     
                  00008000    00000ef2     hal.obj (.text)
                  00008ef2    00000cb3     user_online.obj (.text)
                  00009ba5    00000a17     ctrl.obj (.text)
                  0000a5bc    000005f2     motorware.obj (.text)
                  0000abae    0000037f     rts2800_fpu32.lib : e_powf.obj (.text)
                  0000af2d    000002f6     pwm.obj (.text)
                  0000b223    00000001     rts2800_fpu32.lib : startup.obj (.text)
                  0000b224    00000294     isr.obj (.text:retain)
                  0000b4b8    0000020e     ecan_new.obj (.text)
                  0000b6c6    000001f8     adc.obj (.text)
                  0000b8be    000001ef     main_ext1.obj (.text)
                  0000baad    00000001     --HOLE-- [fill = 0]
                  0000baae    000001ed     EFile.obj (.text)
                  0000bc9b    0000018a     clk.obj (.text)
                  0000be25    00000180     gpio.obj (.text)
                  0000bfa5    00000176     enc.obj (.text)
                  0000c11b    00000129     i2c.obj (.text)
                  0000c244    00000127     rts2800_fpu32.lib : e_logf.obj (.text)
                  0000c36b    0000010a     pie.obj (.text)
                  0000c475    000000f4     sci.obj (.text)
                  0000c569    000000eb     defaults.obj (.text)
                  0000c654    000000c7     hdlc.obj (.text)
                  0000c71b    000000ae     throttle.obj (.text)
                  0000c7c9    000000a9     spi.obj (.text)
                  0000c872    00000088     rts2800_fpu32.lib : fs_div.obj (.text)
                  0000c8fa    00000083                       : fd_mpy.obj (.text)
                  0000c97d    0000006b     cbuffer.obj (.text)
                  0000c9e8    00000067     rts2800_fpu32.lib : s_scalbnf.obj (.text)
                  0000ca4f    0000005b     pll.obj (.text)
                  0000caaa    00000059     accelerator.obj (.text)
                  0000cb03    00000058     rts2800_fpu32.lib : s_ceilf.obj (.text)
                  0000cb5b    00000056                       : boot.obj (.text)
                  0000cbb1    00000047     offset.obj (.text)
                  0000cbf8    00000046     rts2800_fpu32.lib : cpy_tbl.obj (.text)
                  0000cc3e    00000046     wdog.obj (.text)
                  0000cc84    00000044     pwr.obj (.text)
                  0000ccc8    00000032     timer.obj (.text)
                  0000ccfa    0000002d     osc.obj (.text)
                  0000cd27    00000029     rts2800_fpu32.lib : exit.obj (.text)
                  0000cd50    00000025     cpu.obj (.text)
                  0000cd75    00000025     filter_fo.obj (.text)
                  0000cd9a    00000025     rts2800_fpu32.lib : e_sqrtf.obj (.text)
                  0000cdbf    00000020     flash.obj (.text)
                  0000cddf    0000001f     rts2800_fpu32.lib : fd_tol.obj (.text)
                  0000cdfe    0000001c                       : fs_tofd.obj (.text)
                  0000ce1a    0000001a                       : cpy_utils.obj (.text)
                  0000ce34    00000019                       : args_main.obj (.text)
                  0000ce4d    00000017                       : u_tofd.obj (.text)
                  0000ce64    00000015     protocol.obj (.text)
                  0000ce79    00000011     rts2800_fpu32.lib : s_copysignf.obj (.text)
                  0000ce8a    0000000a     crc_utils.obj (.text)
                  0000ce94    0000000a     pie.obj (.text:retain)
                  0000ce9e    00000009     rts2800_fpu32.lib : _lock.obj (.text)
                  0000cea7    00000008     CodeStartBranch.obj (.text)
                  0000ceaf    00000006     qep.obj (.text)
                  0000ceb5    00000002     rts2800_fpu32.lib : pre_init.obj (.text)

.pinit     0    00000050    00000000     UNINITIALIZED

.reset     0    003fffc0    00000002     DSECT
                  003fffc0    00000002     rts2800_fpu32.lib : boot.obj (.reset)

.ebss      0    0000ceb8    00000748     UNINITIALIZED
                  0000ceb8    00000006     rts2800_fpu32.lib : exit.obj (.ebss)
                  0000cebe    00000002                       : _lock.obj (.ebss:__lock)
                  0000cec0    000003b6     hal.obj (.ebss)
                  0000d276    0000000a     EFile.obj (.ebss)
                  0000d280    000001c2     main_ext1.obj (.ebss)
                  0000d442    0000000e     motorware.obj (.ebss)
                  0000d450    00000002     rts2800_fpu32.lib : _lock.obj (.ebss:__unlock)
                  0000d452    00000001     cpu.obj (.ebss)
                  0000d453    00000001     rts2800_fpu32.lib : errno.obj (.ebss)
                  0000d454    0000002c     --HOLE--
                  0000d480    0000013c     hdlc.obj (.ebss)
                  0000d5bc    00000004     --HOLE--
                  0000d5c0    00000040     ecan_new.obj (.ebss)

.econst    0    0000d600    0000018c     
                  0000d600    00000100     crc_utils.obj (.econst:_crc_ccitt_table)
                  0000d700    00000032     rts2800_fpu32.lib : e_powf.obj (.econst)
                  0000d732    00000010                       : e_logf.obj (.econst)
                  0000d742    00000008     motorware.obj (.econst)
                  0000d74a    00000008     user_online.obj (.econst)
                  0000d752    00000006     rts2800_fpu32.lib : s_scalbnf.obj (.econst)
                  0000d758    00000004     ctrl.obj (.econst:_$P$T0$1)
                  0000d75c    00000004     ctrl.obj (.econst:_$P$T1$2)
                  0000d760    00000004     ctrl.obj (.econst:_$P$T2$3)
                  0000d764    00000004     ctrl.obj (.econst:_$P$T3$4)
                  0000d768    00000004     ctrl.obj (.econst:_$P$T4$5)
                  0000d76c    00000004     ctrl.obj (.econst:_$P$T5$6)
                  0000d770    00000004     rts2800_fpu32.lib : e_powf.obj (.econst:_bp)
                  0000d774    00000004                       : e_powf.obj (.econst:_dp_h)
                  0000d778    00000004                       : e_powf.obj (.econst:_dp_l)
                  0000d77c    00000004     ctrl.obj (.econst)
                  0000d780    00000004     hal.obj (.econst)
                  0000d784    00000004     isr.obj (.econst)
                  0000d788    00000002     main_ext1.obj (.econst:_$P$T0$1)
                  0000d78a    00000002     rts2800_fpu32.lib : s_ceilf.obj (.econst)

IQmath     0    0000d78c    00000105     
                  0000d78c    00000047     IQmath_fpu32.lib : IQ24div.obj (IQmath)
                  0000d7d3    00000042                      : IQ24sqrt.obj (IQmath)
                  0000d815    00000029                      : IQ24sinPU.obj (IQmath)
                  0000d83e    00000027                      : IQ24cosPU.obj (IQmath)
                  0000d865    00000016                      : IQ24toF.obj (IQmath)
                  0000d87b    00000016                      : IQ30toF.obj (IQmath)

IQmathTables 
*          0    003fdc30    00000b50     NOLOAD SECTION
                  003fdc30    00000b50     IQmath_fpu32.lib : IQmathTables.obj (IQmathTables)

.stack     1    00000400    000003b0     UNINITIALIZED
                  00000400    000003b0     --HOLE--

MODULE SUMMARY

       Module                code    ro data   rw data
       ------                ----    -------   -------
    .\
       hal.obj               3826    0         954    
       user_online.obj       3251    0         8      
       ctrl.obj              2583    0         28     
       motorware.obj         1522    0         35     
       main_ext1.obj         495     0         625    
       pwm.obj               758     0         0      
       isr.obj               660     0         4      
       ecan_new.obj          526     0         64     
       hdlc.obj              199     0         316    
       adc.obj               504     0         0      
       EFile.obj             493     0         10     
       clk.obj               394     0         0      
       gpio.obj              384     0         0      
       enc.obj               374     0         0      
       i2c.obj               297     0         0      
       pie.obj               276     0         0      
       crc_utils.obj         10      0         256    
       sci.obj               244     0         0      
       defaults.obj          235     0         0      
       throttle.obj          174     0         0      
       spi.obj               169     0         0      
       cbuffer.obj           107     0         0      
       pll.obj               91      0         0      
       accelerator.obj       89      0         0      
       flash.obj             82      0         0      
       offset.obj            71      0         0      
       wdog.obj              70      0         0      
       pwr.obj               68      0         0      
       timer.obj             50      0         0      
       osc.obj               45      0         0      
       cpu.obj               37      0         1      
       filter_fo.obj         37      0         0      
       protocol.obj          21      0         0      
       CodeStartBranch.obj   10      0         0      
       qep.obj               6       0         0      
       usDelay.obj           4       0         0      
    +--+---------------------+-------+---------+---------+
       Total:                18162   0         2301   
                                                      
    C:/ti/ccsv6/tools/compiler/c2000_15.12.3.LTS/lib/rts2800_fpu32.lib
       e_powf.obj            895     0         62     
       e_logf.obj            295     0         16     
       fs_div.obj            136     0         0      
       fd_mpy.obj            131     0         0      
       s_scalbnf.obj         103     0         6      
       s_ceilf.obj           88      0         2      
       boot.obj              86      0         0      
       cpy_tbl.obj           70      0         0      
       exit.obj              41      0         20     
       e_sqrtf.obj           37      0         0      
       fd_tol.obj            31      0         0      
       fs_tofd.obj           28      0         0      
       cpy_utils.obj         26      0         0      
       args_main.obj         25      0         0      
       _lock.obj             9       0         14     
       u_tofd.obj            23      0         0      
       s_copysignf.obj       17      0         0      
       errno.obj             0       0         5      
       pre_init.obj          2       0         0      
       startup.obj           1       0         0      
    +--+---------------------+-------+---------+---------+
       Total:                2044    0         125    
                                                      
    C:/work/git/umclib/modules/iqmath/lib/f28x/float/IQmath_fpu32.lib
       IQmathTables.obj      0       0         2896   
       IQ24div.obj           71      0         0      
       IQ24sqrt.obj          66      0         0      
       IQ24sinPU.obj         41      0         0      
       IQ24cosPU.obj         39      0         0      
       IQ24toF.obj           22      0         0      
       IQ30toF.obj           22      0         0      
    +--+---------------------+-------+---------+---------+
       Total:                261     0         2896   
                                                      
       Stack:                0       0         944    
    +--+---------------------+-------+---------+---------+
       Grand Total:          20467   0         6266   


GLOBAL DATA SYMBOLS: SORTED BY DATA PAGE

address     data page           name
--------    ----------------    ----
00000400      10 (00000400)     __stack

0000ceb8     33a (0000ce80)     ___TI_enable_exit_profile_output
0000ceba     33a (0000ce80)     ___TI_cleanup_ptr
0000cebc     33a (0000ce80)     ___TI_dtors_ptr
0000cebe     33a (0000ce80)     __lock

0000cec0     33b (0000cec0)     _accelerator

0000cf00     33c (0000cf00)     _memory

0000cf80     33e (0000cf80)     _encoder

0000d0c0     343 (0000d0c0)     _hal

0000d276     349 (0000d240)     _EFile

0000d280     34a (0000d280)     _gLEDcnt
0000d281     34a (0000d280)     _crc
0000d282     34a (0000d280)     _g_sw1
0000d283     34a (0000d280)     _g_enDCDC
0000d284     34a (0000d280)     _g_enHV
0000d285     34a (0000d280)     _g_enIGBT
0000d286     34a (0000d280)     _gUpdateDisplay
0000d287     34a (0000d280)     _g_sw2
0000d288     34a (0000d280)     _throttleA
0000d28a     34a (0000d280)     _angle
0000d28c     34a (0000d280)     _throttleB
0000d28e     34a (0000d280)     _ctrlHandle
0000d290     34a (0000d280)     _throttleResult
0000d292     34a (0000d280)     _efileHandle
0000d294     34a (0000d280)     _halHandle
0000d296     34a (0000d280)     _gPwmData2
0000d29c     34a (0000d280)     _gPwmData
0000d2a2     34a (0000d280)     _gAdcData
0000d2b0     34a (0000d280)     _gAdcDataSec

0000d2c0     34b (0000d2c0)     _gDebugVars

0000d300     34c (0000d300)     _gMotorVars

0000d380     34e (0000d380)     _gUserParams

0000d442     351 (0000d440)     _Flag_Latch_softwareUpdate
0000d443     351 (0000d440)     _gCounter_updateGlobals
0000d444     351 (0000d440)     _gFlux_pu_to_VpHz_sf
0000d446     351 (0000d440)     _gFlux_pu_to_Wb_sf
0000d448     351 (0000d440)     _gTorque_Flux_Iq_pu_to_Nm_sf
0000d44a     351 (0000d440)     _controller_obj
0000d44c     351 (0000d440)     _gTorque_Ls_Id_Iq_pu_to_Nm_sf
0000d44e     351 (0000d440)     _gMaxCurrentSlope
0000d450     351 (0000d440)     __unlock
0000d452     351 (0000d440)     _cpu
0000d453     351 (0000d440)     _errno

0000d480     352 (0000d480)     _hdlc

0000d5c0     357 (0000d5c0)     _CanaShadow

0000d600     358 (0000d600)     _crc_ccitt_table

003fdc30    ff70 (003fdc00)     _IQsinTable

003fdd30    ff74 (003fdd00)     _IQcosTable

003fe030    ff80 (003fe000)     _IQsinTableEnd

003fe132    ff84 (003fe100)     _IQcosTableEnd
003fe132    ff84 (003fe100)     _IQdivRoundSatTable

003fe140    ff85 (003fe140)     _IQdivTable

003fe342    ff8d (003fe340)     _IQdivTableEnd
003fe342    ff8d (003fe340)     _IQisqrtRoundSatTable
003fe342    ff8d (003fe340)     _IQsqrtRoundSatTable
003fe352    ff8d (003fe340)     _IQisqrtTable
003fe352    ff8d (003fe340)     _IQsqrtTable

003fe454    ff91 (003fe440)     _IQatan2HalfPITable
003fe454    ff91 (003fe440)     _IQisqrtTableEnd
003fe454    ff91 (003fe440)     _IQsqrtTableEnd

003fe492    ff92 (003fe480)     _IQatan2Table

003fe618    ff98 (003fe600)     _IQ30mpyRndSatTable
003fe618    ff98 (003fe600)     _IQatan2TableEnd
003fe618    ff98 (003fe600)     _IQmpyRndSatTable
003fe624    ff98 (003fe600)     _IQ29mpyRndSatTable
003fe630    ff98 (003fe600)     _IQ28mpyRndSatTable
003fe63c    ff98 (003fe600)     _IQ27mpyRndSatTable

003fe648    ff99 (003fe640)     _IQ26mpyRndSatTable
003fe654    ff99 (003fe640)     _IQ25mpyRndSatTable
003fe660    ff99 (003fe640)     _IQ24mpyRndSatTable
003fe66c    ff99 (003fe640)     _IQ23mpyRndSatTable
003fe678    ff99 (003fe640)     _IQ22mpyRndSatTable

003fe684    ff9a (003fe680)     _IQ21mpyRndSatTable
003fe690    ff9a (003fe680)     _IQ20mpyRndSatTable
003fe69c    ff9a (003fe680)     _IQ19mpyRndSatTable
003fe6a8    ff9a (003fe680)     _IQ18mpyRndSatTable
003fe6b4    ff9a (003fe680)     _IQ17mpyRndSatTable

003fe6c0    ff9b (003fe6c0)     _IQ16mpyRndSatTable
003fe6cc    ff9b (003fe6c0)     _IQ15mpyRndSatTable
003fe6d8    ff9b (003fe6c0)     _IQ14mpyRndSatTable
003fe6e4    ff9b (003fe6c0)     _IQ13mpyRndSatTable
003fe6f0    ff9b (003fe6c0)     _IQ12mpyRndSatTable
003fe6fc    ff9b (003fe6c0)     _IQ11mpyRndSatTable

003fe708    ff9c (003fe700)     _IQ10mpyRndSatTable
003fe714    ff9c (003fe700)     _IQ9mpyRndSatTable
003fe720    ff9c (003fe700)     _IQ8mpyRndSatTable
003fe72c    ff9c (003fe700)     _IQ7mpyRndSatTable
003fe738    ff9c (003fe700)     _IQ6mpyRndSatTable

003fe744    ff9d (003fe740)     _IQ5mpyRndSatTable
003fe750    ff9d (003fe740)     _IQ4mpyRndSatTable
003fe75c    ff9d (003fe740)     _IQ3mpyRndSatTable
003fe768    ff9d (003fe740)     _IQ2mpyRndSatTable
003fe774    ff9d (003fe740)     _IQ1mpyRndSatTable

003fe780    ff9e (003fe780)     _IQmpyRndSatTableEnd


GLOBAL SYMBOLS: SORTED ALPHABETICALLY BY Name 

page  address   name                                             
----  -------   ----                                             
0     00008000  .text                                            
0     0000cd27  C$$EXIT                                          
0     0000c8fa  FD$$MPY                                          
0     0000cddf  FD$$TOL                                          
0     0000c872  FS$$DIV                                          
0     0000cdfe  FS$$TOFD                                         
0     0000ce4d  U$$TOFD                                          
0     0000cafd  _ACCEL_init                                      
0     0000cad8  _ACCEL_setParams                                 
0     0000caaa  _ACCEL_setup                                     
0     0000b8b4  _ADC_disable                                     
0     0000b8aa  _ADC_disableBandGap                              
0     0000b893  _ADC_disableInt                                  
0     0000b889  _ADC_disableNoOverlapMode                        
0     0000b87f  _ADC_disableRefBuffers                           
0     0000b875  _ADC_disableVoltRefLoConv                        
0     0000b86b  _ADC_enable                                      
0     0000b861  _ADC_enableBandGap                               
0     0000b84b  _ADC_enableInt                                   
0     0000b841  _ADC_enableNoOverlapMode                         
0     0000b837  _ADC_enableRefBuffers                            
0     0000b82d  _ADC_enableVoltRefLoConv                         
0     0000b823  _ADC_getDivideSelect                             
0     0000b81b  _ADC_init                                        
0     0000b811  _ADC_powerDown                                   
0     0000b807  _ADC_powerUp                                     
0     0000b7fd  _ADC_reset                                       
0     0000b7ec  _ADC_setDivideSelect                             
0     0000b7cb  _ADC_setIntMode                                  
0     0000b7ba  _ADC_setIntPulseGenMode                          
0     0000b799  _ADC_setIntSrc                                   
0     0000b78f  _ADC_setOffTrim                                  
0     0000b778  _ADC_setSampleMode                               
0     0000b765  _ADC_setSampleOverlapMode                        
0     0000b751  _ADC_setSocChanNumber                            
0     0000b744  _ADC_setSocFrc                                   
0     0000b73a  _ADC_setSocFrcWord                               
0     0000b726  _ADC_setSocSampleDelay                           
0     0000b712  _ADC_setSocTrigSrc                               
0     0000b701  _ADC_setTempSensorSrc                            
0     0000b6f0  _ADC_setVoltRefSrc                               
0     0000b6c6  _ADC_setupSocTrigSrc                             
0     0000b6b7  _CAN_clearGlobalInt                              
0     0000b6ad  _CAN_clearRxInt                                  
0     0000b6a3  _CAN_clearTxInt                                  
0     0000b697  _CAN_disableGlobalInt                            
0     0000b68f  _CAN_disableMailbox                              
0     0000b680  _CAN_disableMailboxInt                           
0     0000b66b  _CAN_disablePins                                 
0     0000b65d  _CAN_enableGlobalInt                             
0     0000b656  _CAN_enableMailbox                               
0     0000b648  _CAN_enableMailboxInt                            
0     0000b630  _CAN_enablePins                                  
0     0000b628  _CAN_init                                        
0     0000b5d4  _CAN_readByte                                    
0     0000b5c9  _CAN_resetErrorFlag                              
0     0000b5bf  _CAN_resetMSGCTRL                                
0     0000b5b5  _CAN_resetMsgID                                  
0     0000b5ac  _CAN_send                                        
0     0000b579  _CAN_setBaudRate                                 
0     0000b53f  _CAN_setBitTime                                  
0     0000b52a  _CAN_setDLC                                      
0     0000b517  _CAN_setMailboxDirection                         
0     0000b509  _CAN_setModeSCC                                  
0     0000b4fb  _CAN_setModeSelfTest                             
0     0000b4eb  _CAN_setModeeCAN                                 
0     0000b4ca  _CAN_setMsgID                                    
0     0000b4b8  _CAN_write                                       
0     0000be1e  _CLK_disableAdcClock                             
0     0000be17  _CLK_disableClaClock                             
0     0000be11  _CLK_disableClkIn                                
0     0000be0d  _CLK_disableCompClock                            
0     0000be06  _CLK_disableCpuTimerClock                        
0     0000be00  _CLK_disableCrystalOsc                           
0     0000bdf9  _CLK_disableEcanaClock                           
0     0000bdf2  _CLK_disableEcap1Clock                           
0     0000bdeb  _CLK_disableEqep1Clock                           
0     0000bde4  _CLK_disableEqep2Clock                           
0     0000bddd  _CLK_disableGpioInputClock                       
0     0000bdd6  _CLK_disableHrPwmClock                           
0     0000bdcf  _CLK_disableI2cClock                             
0     0000bdc8  _CLK_disableLinAClock                            
0     0000bdc2  _CLK_disableOsc1                                 
0     0000bdbc  _CLK_disableOsc1HaltMode                         
0     0000bdb6  _CLK_disableOsc2                                 
0     0000bdb0  _CLK_disableOsc2HaltMode                         
0     0000bda6  _CLK_disablePwmClock                             
0     0000bd9f  _CLK_disableSciaClock                            
0     0000bd98  _CLK_disableScibClock                            
0     0000bd91  _CLK_disableSpiaClock                            
0     0000bd8d  _CLK_disableSpibClock                            
0     0000bd86  _CLK_disableTbClockSync                          
0     0000bd80  _CLK_disableWatchDogHaltMode                     
0     0000bd79  _CLK_enableAdcClock                              
0     0000bd72  _CLK_enableClaClock                              
0     0000bd6c  _CLK_enableClkIn                                 
0     0000bd66  _CLK_enableCompClock                             
0     0000bd60  _CLK_enableCpuTimerClock                         
0     0000bd5a  _CLK_enableCrystalOsc                            
0     0000bd53  _CLK_enableEcanaClock                            
0     0000bd4c  _CLK_enableEcap1Clock                            
0     0000bd45  _CLK_enableEqep1Clock                            
0     0000bd3e  _CLK_enableEqep2Clock                            
0     0000bd37  _CLK_enableGpioInputClock                        
0     0000bd30  _CLK_enableHrPwmClock                            
0     0000bd29  _CLK_enableI2cClock                              
0     0000bd22  _CLK_enableLinAClock                             
0     0000bd1c  _CLK_enableOsc1                                  
0     0000bd16  _CLK_enableOsc1HaltMode                          
0     0000bd10  _CLK_enableOsc2                                  
0     0000bd0a  _CLK_enableOsc2HaltMode                          
0     0000bd01  _CLK_enablePwmClock                              
0     0000bcfa  _CLK_enableSciaClock                             
0     0000bcf3  _CLK_enableScibClock                             
0     0000bcec  _CLK_enableSpiaClock                             
0     0000bce5  _CLK_enableSpibClock                             
0     0000bcde  _CLK_enableTbClockSync                           
0     0000bcd8  _CLK_enableWatchDogHaltMode                      
0     0000bcd2  _CLK_init                                        
0     0000bccb  _CLK_setClkOutPreScaler                          
0     0000bcc5  _CLK_setLowSpdPreScaler                          
0     0000bcbe  _CLK_setOsc2Src                                  
0     0000bcb7  _CLK_setOscSrc                                   
0     0000bcb0  _CLK_setTimer2PreScale                           
0     0000bca9  _CLK_setTimer2Src                                
0     0000bca2  _CLK_setWatchDogSrc                              
0     0000bc9b  _CLK_setXClkInSrc                                
0     0000cd72  _CPU_clearIntFlags                               
0     0000cd6f  _CPU_disableDebugInt                             
0     0000cd6c  _CPU_disableGlobalInts                           
0     0000cd67  _CPU_disableInt                                  
0     0000cd64  _CPU_disableInts                                 
0     0000cd61  _CPU_disableProtectedRegisterWrite               
0     0000cd5e  _CPU_enableDebugInt                              
0     0000cd5b  _CPU_enableGlobalInts                            
0     0000cd57  _CPU_enableInt                                   
0     0000cd54  _CPU_enableProtectedRegisterWrite                
0     0000cd50  _CPU_init                                        
0     0000a57e  _CTRL_getGains                                   
0     0000a577  _CTRL_getIab_filt_pu                             
0     0000a570  _CTRL_getIab_in_pu                               
0     0000a569  _CTRL_getIdq_in_pu                               
0     0000a562  _CTRL_getIdq_ref_pu                              
0     0000a5b9  _CTRL_getMagCurrent_pu                           
0     0000a5b6  _CTRL_getMaximumSpeed_pu                         
0     0000a55b  _CTRL_getVab_in_pu                               
0     0000a554  _CTRL_getVab_out_pu                              
0     0000a54d  _CTRL_getVdq_out_pu                              
abs   003fa721  _CTRL_getVersion                                 
0     0000a544  _CTRL_getWaitTimes                               
abs   003fa6fb  _CTRL_initCtrl                                   
0     00009fc1  _CTRL_run                                        
abs   003fa5d1  _CTRL_runTraj                                    
abs   003f9e64  _CTRL_setEstParams                               
0     00009d2d  _CTRL_setGains                                   
0     0000a5b0  _CTRL_setMagCurrent_pu                           
0     0000a5b3  _CTRL_setMaximumSpeed_pu                         
0     00009d57  _CTRL_setParams                                  
0     00009d1a  _CTRL_setSpd_ref_krpm                            
0     00009d17  _CTRL_setSpd_ref_pu                              
abs   003f9d31  _CTRL_setUserMotorParams                         
0     00009d0e  _CTRL_setWaitTimes                               
0     00009d02  _CTRL_setup                                      
0     00009ce5  _CTRL_setupClarke_I                              
0     00009cce  _CTRL_setupClarke_V                              
abs   003f9b43  _CTRL_setupCtrl                                  
abs   003f99a5  _CTRL_setupEstIdleState                          
abs   003f996a  _CTRL_setupEstOnLineState                        
abs   003f9806  _CTRL_setupTraj                                  
0     00009c57  _CTRL_setup_user                                 
0     00009ba5  _CTRL_updateState                                
0     0000c9dc  _C_Buffer_init                                   
0     0000c9d9  _C_Buffer_isEmpty                                
0     0000c9d6  _C_Buffer_isFull                                 
0     0000c9a9  _C_Buffer_read                                   
0     0000c97d  _C_Buffer_write                                  
0     0000d5c0  _CanaShadow                                      
0     0000c569  _DEFAULTS_init                                   
0     0000b8be  _DebugDisplay                                    
0     0000d276  _EFile                                           
0     0000bc89  _EFile_formatConfig                              
0     0000bc81  _EFile_init                                      
n/a   UNDEFED   _EFile_read                                      
0     0000bc68  _EFile_readConfig                                
0     0000bbe8  _EFile_readFile                                  
0     0000bb6d  _EFile_readHeader                                
0     0000bbe0  _EFile_set                                       
0     0000bbb2  _EFile_writeConfig                               
0     0000baf1  _EFile_writeFile                                 
0     0000baae  _EFile_writeHeader                               
0     0000c0f8  _ENC_calcElecAngle                               
0     0000c0ee  _ENC_getSpeedRPM                                 
0     0000c0e6  _ENC_init                                        
0     0000c03c  _ENC_run                                         
0     0000bfa5  _ENC_setup                                       
abs   003f86ad  _EST_computeDirection_qFmt                       
abs   003f9760  _EST_doCurrentCtrl                               
abs   003f9758  _EST_doSpeedCtrl                                 
abs   003f8c0d  _EST_getAngle_pu                                 
abs   003f96be  _EST_getFlux_VpHz                                
abs   003f96ab  _EST_getFlux_pu                                  
abs   003f968e  _EST_getFm_pu                                    
abs   003f9632  _EST_getIdRated                                  
abs   003f95ff  _EST_getLs_coarse_max_pu                         
abs   003f95f5  _EST_getLs_d_H                                   
abs   003f95f0  _EST_getLs_d_pu                                  
abs   003f95ce  _EST_getLs_q_H                                   
abs   003f95c9  _EST_getLs_q_pu                                  
abs   003f95bd  _EST_getMaxCurrentSlope_pu                       
abs   003f95b3  _EST_getOneOverDcBus_pu                          
abs   003f95ad  _EST_getRr_Ohm                                   
abs   003f9513  _EST_getRs_Ohm                                   
abs   003f94c6  _EST_getSpeed_krpm                               
abs   003f861b  _EST_getState                                    
abs   003f9458  _EST_get_krpm_to_pu_sf                           
abs   003f938d  _EST_isError                                     
abs   003f9386  _EST_isIdle                                      
abs   003f937f  _EST_isLockRotor                                 
abs   003f8679  _EST_isMotorIdentified                           
abs   003f9378  _EST_isOnLine                                    
abs   003f927b  _EST_run                                         
abs   003f8bf5  _EST_setDir_qFmt                                 
abs   003f8be8  _EST_setFe_neg_max_pu                            
abs   003f8be4  _EST_setFe_pos_min_pu                            
abs   003f8bdb  _EST_setFlag_enableForceAngle                    
abs   003f8bd3  _EST_setFlag_enableRsRecalc                      
abs   003f8b80  _EST_setId_ref_pu                                
abs   003f8b7a  _EST_setIdle                                     
abs   003f8b67  _EST_setIdle_all                                 
abs   003f8b63  _EST_setIq_ref_pu                                
abs   003f8b45  _EST_setLs_d_pu                                  
abs   003f8af1  _EST_setLs_qFmt                                  
abs   003f8ae7  _EST_setLs_q_pu                                  
abs   003f8adb  _EST_setMaxCurrentSlope_pu                       
abs   003f8a18  _EST_setRs_pu                                    
abs   003f89f5  _EST_updateId_ref_pu                             
abs   003f8713  _EST_updateState                                 
abs   003f861d  _EST_useZeroIq_ref                               
0     0000cd97  _FILTER_FO_getDenCoeffs                          
0     0000cd8e  _FILTER_FO_getInitialConditions                  
0     0000cd88  _FILTER_FO_getNumCoeffs                          
0     0000cd82  _FILTER_FO_init                                  
0     0000cd80  _FILTER_FO_setDenCoeffs                          
0     0000cd79  _FILTER_FO_setInitialConditions                  
0     0000cd75  _FILTER_FO_setNumCoeffs                          
0     0000cdd9  _FLASH_clear3VStatus                             
0     00000154  _FLASH_disablePipelineMode                       
0     0000014e  _FLASH_enablePipelineMode                        
0     0000cdd6  _FLASH_get3VStatus                               
0     0000cdd3  _FLASH_getActiveWaitCount                        
0     0000cdcf  _FLASH_getActiveWaitStatus                       
0     0000cdcc  _FLASH_getPowerMode                              
0     0000cdc9  _FLASH_getStandbyWaitCount                       
0     0000cdc5  _FLASH_getStandbyWaitStatus                      
0     0000cdbf  _FLASH_init                                      
0     00000149  _FLASH_setActiveWaitCount                        
0     00000142  _FLASH_setNumPagedReadWaitStates                 
0     0000013b  _FLASH_setNumRandomReadWaitStates                
0     00000134  _FLASH_setOtpWaitStates                          
0     0000012d  _FLASH_setPowerMode                              
0     00000128  _FLASH_setStandbyWaitCount                       
0     0000d442  _Flag_Latch_softwareUpdate                       
0     0000bf97  _GPIO_getData                                    
0     0000bf8c  _GPIO_getPortData                                
0     0000bf86  _GPIO_init                                       
0     0000bf7c  _GPIO_lpmSelect                                  
0     0000bf5d  _GPIO_read                                       
0     0000bf43  _GPIO_setDirection                               
0     0000bf38  _GPIO_setExtInt                                  
0     0000bf28  _GPIO_setHigh                                    
0     0000bf18  _GPIO_setLow                                     
0     0000bee0  _GPIO_setMode                                    
0     0000bed3  _GPIO_setPortData                                
0     0000beb9  _GPIO_setPullup                                  
0     0000be7c  _GPIO_setQualification                           
0     0000be35  _GPIO_setQualificationPeriod                     
0     0000be25  _GPIO_toggle                                     
0     00008abf  _HAL_AdcCalChanSelect                            
0     00008b16  _HAL_AdcCalConversion                            
0     00008c7b  _HAL_AdcOffsetSelfCal                            
0     00008cae  _HAL_OscTempComp                                 
0     00008d07  _HAL_cal                                         
0     00008eee  _HAL_disableGlobalInts                           
0     00008d57  _HAL_disableWdog                                 
0     00008edc  _HAL_enableAdcInts                               
0     00008ec5  _HAL_enableCANInts                               
0     00008ec1  _HAL_enableDebugInt                              
0     00008ebd  _HAL_enableGlobalInts                            
0     00008eac  _HAL_enablePwmInt                                
0     00008e99  _HAL_enableSPIBInts                              
0     00008e88  _HAL_enableSciRxInts                             
0     00008a2c  _HAL_getOscTrimValue                             
0     00008d5c  _HAL_init                                        
0     00008d1e  _HAL_initSystemBase                              
0     00008a7f  _HAL_osc1Comp                                    
0     00008a3f  _HAL_osc2Comp                                    
0     00008901  _HAL_setParams                                   
0     00008078  _HAL_setResolverMode                             
0     000087c5  _HAL_setupAdcs                                   
0     000086af  _HAL_setupCAN                                    
0     00008693  _HAL_setupClks                                   
0     0000866b  _HAL_setupFaults                                 
0     0000864d  _HAL_setupFlash                                  
0     00008468  _HAL_setupGpios                                  
0     0000844b  _HAL_setupI2C                                    
0     0000839b  _HAL_setupIOExtender                             
0     00008344  _HAL_setupPeripheralClks                         
0     00008328  _HAL_setupPie                                    
0     000082e9  _HAL_setupPll                                    
0     00008266  _HAL_setupPwmDacs                                
0     00008175  _HAL_setupPwms                                   
0     000080ce  _HAL_setupQEP                                    
0     00008088  _HAL_setupResolver                               
0     00008044  _HAL_setupScia                                   
0     00008006  _HAL_setupTimers                                 
0     0000c6c2  _HDLC_FrameDecode                                
0     0000c679  _HDLC_charReceiver                               
0     0000c671  _HDLC_init                                       
0     0000c66d  _HDLC_sendChar                                   
0     0000c654  _HDLC_setParams                                  
0     0000c1fc  _I2C_ReadData                                    
0     0000c18c  _I2C_WriteData                                   
0     0000c188  _I2C_clearRxFifoInt                              
0     0000c184  _I2C_clearTxFifoInt                              
0     0000c180  _I2C_disable                                     
0     0000c17c  _I2C_disableARDYInt                              
0     0000c178  _I2C_disableRXFIFO                               
0     0000c174  _I2C_disableRxRdyInt                             
0     0000c170  _I2C_disableStopInt                              
0     0000c16c  _I2C_disableTXFIFO                               
0     0000c168  _I2C_disableTxRdyInt                             
0     0000c164  _I2C_enable                                      
0     0000c160  _I2C_enableARDYInt                               
0     0000c15c  _I2C_enableRXFIFO                                
0     0000c158  _I2C_enableRxRdyInt                              
0     0000c154  _I2C_enableStopInt                               
0     0000c150  _I2C_enableTXFIFO                                
0     0000c14c  _I2C_enableTxRdyInt                              
0     0000c146  _I2C_init                                        
0     0000c142  _I2C_isBusy                                      
0     0000c13e  _I2C_overrun                                     
0     0000c13a  _I2C_resetRXFIFO                                 
0     0000c136  _I2C_resetTXFIFO                                 
0     0000c123  _I2C_setFrequency                                
0     0000c11f  _I2C_setRXFIFOiLevel                             
0     0000c11b  _I2C_setTXFIFOiLevel                             
0     003fe708  _IQ10mpyRndSatTable                              
0     003fe6fc  _IQ11mpyRndSatTable                              
0     003fe6f0  _IQ12mpyRndSatTable                              
0     003fe6e4  _IQ13mpyRndSatTable                              
0     003fe6d8  _IQ14mpyRndSatTable                              
0     003fe6cc  _IQ15mpyRndSatTable                              
0     003fe6c0  _IQ16mpyRndSatTable                              
0     003fe6b4  _IQ17mpyRndSatTable                              
0     003fe6a8  _IQ18mpyRndSatTable                              
0     003fe69c  _IQ19mpyRndSatTable                              
0     003fe774  _IQ1mpyRndSatTable                               
0     003fe690  _IQ20mpyRndSatTable                              
0     003fe684  _IQ21mpyRndSatTable                              
0     003fe678  _IQ22mpyRndSatTable                              
0     003fe66c  _IQ23mpyRndSatTable                              
0     003fe660  _IQ24mpyRndSatTable                              
0     003fe654  _IQ25mpyRndSatTable                              
0     003fe648  _IQ26mpyRndSatTable                              
0     003fe63c  _IQ27mpyRndSatTable                              
0     003fe630  _IQ28mpyRndSatTable                              
0     003fe624  _IQ29mpyRndSatTable                              
0     003fe768  _IQ2mpyRndSatTable                               
0     003fe618  _IQ30mpyRndSatTable                              
0     003fe75c  _IQ3mpyRndSatTable                               
0     003fe750  _IQ4mpyRndSatTable                               
0     003fe744  _IQ5mpyRndSatTable                               
0     003fe738  _IQ6mpyRndSatTable                               
0     003fe72c  _IQ7mpyRndSatTable                               
0     003fe720  _IQ8mpyRndSatTable                               
0     003fe714  _IQ9mpyRndSatTable                               
0     003fe454  _IQatan2HalfPITable                              
0     003fe492  _IQatan2Table                                    
0     003fe618  _IQatan2TableEnd                                 
0     003fdd30  _IQcosTable                                      
0     003fe132  _IQcosTableEnd                                   
0     003fe132  _IQdivRoundSatTable                              
0     003fe140  _IQdivTable                                      
0     003fe342  _IQdivTableEnd                                   
0     003fe342  _IQisqrtRoundSatTable                            
0     003fe352  _IQisqrtTable                                    
0     003fe454  _IQisqrtTableEnd                                 
0     003fe618  _IQmpyRndSatTable                                
0     003fe780  _IQmpyRndSatTableEnd                             
0     003fdc30  _IQsinTable                                      
0     003fe030  _IQsinTableEnd                                   
0     003fe342  _IQsqrtRoundSatTable                             
0     003fe352  _IQsqrtTable                                     
0     003fe454  _IQsqrtTableEnd                                  
0     0000b478  _ISR_Can0                                        
0     0000b437  _ISR_SciaRx                                      
0     0000b3fe  _ISR_SpiBTx                                      
0     0000b224  _ISR_main                                        
0     0000a75a  _MOTORWARE_acim_Dir_qFmtCalc                     
0     0000ab83  _MOTORWARE_enableInts                            
0     0000ab04  _MOTORWARE_init                                  
0     0000a6e2  _MOTORWARE_recalcKpKi                            
0     0000a8e2  _MOTORWARE_runSequencer                          
0     0000a773  _MOTORWARE_runSequencer_tuning                   
0     0000a68a  _MOTORWARE_setFeLimitZero                        
0     0000a5ff  _MOTORWARE_updateGlobalVariables_motor           
0     0000a5bc  _MOTORWARE_updateIqRef                           
0     0000cbe9  _OFFSET_getBeta                                  
0     0000cbd8  _OFFSET_init                                     
0     0000cbc2  _OFFSET_setBeta                                  
0     0000cbb3  _OFFSET_setInitCond                              
0     0000cbb1  _OFFSET_setOffset                                
0     0000cd21  _OSC_init                                        
0     0000cd14  _OSC_setCoarseTrim                               
0     0000cd03  _OSC_setFineTrim                                 
0     0000ccfa  _OSC_setTrim                                     
0     0000c46e  _PIE_clearAllFlags                               
0     0000c46b  _PIE_clearAllInts                                
0     0000c468  _PIE_disable                                     
0     0000c461  _PIE_disableAllInts                              
0     0000c45d  _PIE_disableCaptureInt                           
0     0000c454  _PIE_disableExtInt                               
0     0000c44a  _PIE_disableInt                                  
0     0000c447  _PIE_enable                                      
0     0000c42d  _PIE_enableAdcInt                                
0     0000c429  _PIE_enableCan0Int                               
0     0000c425  _PIE_enableCaptureInt                            
0     0000c408  _PIE_enableExtInt                                
0     0000c3ff  _PIE_enableInt                                   
0     0000c3fa  _PIE_enablePwmInt                                
0     0000c3f5  _PIE_enablePwmTzInt                              
0     0000c3f1  _PIE_enableSciRxInt                              
0     0000c3ed  _PIE_enableSpibTxInt                             
0     0000c3ea  _PIE_enableTimer0Int                             
0     0000c3e1  _PIE_forceInt                                    
0     0000c3d9  _PIE_getExtIntCount                              
0     0000c3d2  _PIE_getIntEnables                               
0     0000c3cb  _PIE_getIntFlags                                 
0     0000ce94  _PIE_illegalIsr                                  
0     0000c3c3  _PIE_init                                        
0     0000c3b2  _PIE_registerPieIntHandler                       
0     0000c3a7  _PIE_registerSystemIntHandler                    
0     0000c39c  _PIE_setDefaultIntVectorTable                    
0     0000c38b  _PIE_setExtIntPolarity                           
0     0000c378  _PIE_unregisterPieIntHandler                     
0     0000c36b  _PIE_unregisterSystemIntHandler                  
0     0000caa4  _PLL_disable                                     
0     0000ca9e  _PLL_disableClkDetect                            
0     0000ca98  _PLL_disableNormRdy                              
0     0000ca92  _PLL_disableOsc                                  
0     0000ca8c  _PLL_enable                                      
0     0000ca86  _PLL_enableClkDetect                             
0     0000ca80  _PLL_enableNormRdy                               
0     0000ca7a  _PLL_enableOsc                                   
0     0000ca76  _PLL_getClkFreq                                  
0     0000ca73  _PLL_getClkStatus                                
0     0000ca70  _PLL_getDivideSelect                             
0     0000ca6d  _PLL_getLockStatus                               
0     0000ca67  _PLL_init                                        
0     0000ca61  _PLL_resetClkDetect                              
0     0000ca5b  _PLL_setClkFreq                                  
0     0000ca54  _PLL_setDivideSelect                             
0     0000ca4f  _PLL_setLockPeriod                               
0     0000ce64  _PROTO_commandDefault                            
0     0000baac  _PROTO_commandEcho                               
0     0000ba93  _PROTO_commandError                              
0     0000ba89  _PROTO_commandToggleLED                          
0     0000ba6e  _PROTO_readSignature                             
0     0000ce65  _PROTO_router                                    
0     0000b21d  _PWM_clearTripZone                               
0     0000b21a  _PWM_decrementDeadBandFallingEdgeDelay           
0     0000b217  _PWM_decrementDeadBandRisingEdgeDelay            
0     0000b210  _PWM_disableAutoConvert                          
0     0000b20c  _PWM_disableChopping                             
0     0000b209  _PWM_disableCounterLoad                          
0     0000b206  _PWM_disableDeadBand                             
0     0000b202  _PWM_disableDeadBandHalfCycle                    
0     0000b1fb  _PWM_disableDigitalCompareBlankingWindow         
0     0000b1f4  _PWM_disableDigitalCompareBlankingWindowInversion
0     0000b1ed  _PWM_disableHrPeriod                             
0     0000b1e6  _PWM_disableHrPhaseSync                          
0     0000b1e2  _PWM_disableInt                                  
0     0000b1de  _PWM_disableSocAPulse                            
0     0000b1da  _PWM_disableSocBPulse                            
0     0000b1d3  _PWM_disableTripZoneInt                          
0     0000b1cc  _PWM_disableTripZoneSrc                          
0     0000b1c6  _PWM_disableTripZones                            
0     0000b1bf  _PWM_enableAutoConvert                           
0     0000b1bb  _PWM_enableChopping                              
0     0000b1b8  _PWM_enableCounterLoad                           
0     0000b1b4  _PWM_enableDeadBandHalfCycle                     
0     0000b1ad  _PWM_enableDigitalCompareBlankingWindow          
0     0000b1a6  _PWM_enableDigitalCompareBlankingWindowInversion 
0     0000b19f  _PWM_enableHrPeriod                              
0     0000b198  _PWM_enableHrPhaseSync                           
0     0000b194  _PWM_enableInt                                   
0     0000b190  _PWM_enableSocAPulse                             
0     0000b18c  _PWM_enableSocBPulse                             
0     0000b186  _PWM_enableTripZoneInt                           
0     0000b180  _PWM_enableTripZoneSrc                           
0     0000b17d  _PWM_getDeadBandFallingEdgeDelay                 
0     0000b17a  _PWM_getDeadBandRisingEdgeDelay                  
0     0000b176  _PWM_getIntCount                                 
0     0000b172  _PWM_getShadowStatus_CmpA                        
0     0000b16e  _PWM_getShadowStatus_CmpB                        
0     0000b169  _PWM_getSocACount                                
0     0000b164  _PWM_getSocBCount                                
0     0000b161  _PWM_incrementDeadBandFallingEdgeDelay           
0     0000b15e  _PWM_incrementDeadBandRisingEdgeDelay            
0     0000b158  _PWM_init                                        
0     0000b151  _PWM_setActionQualContSWForce_PwmA               
0     0000b148  _PWM_setActionQualContSWForce_PwmB               
0     0000b13f  _PWM_setActionQual_CntDown_CmpA_PwmA             
0     0000b136  _PWM_setActionQual_CntDown_CmpA_PwmB             
0     0000b12d  _PWM_setActionQual_CntDown_CmpB_PwmA             
0     0000b124  _PWM_setActionQual_CntDown_CmpB_PwmB             
0     0000b11b  _PWM_setActionQual_CntUp_CmpA_PwmA               
0     0000b112  _PWM_setActionQual_CntUp_CmpA_PwmB               
0     0000b109  _PWM_setActionQual_CntUp_CmpB_PwmA               
0     0000b100  _PWM_setActionQual_CntUp_CmpB_PwmB               
0     0000b0f7  _PWM_setActionQual_Period_PwmA                   
0     0000b0ee  _PWM_setActionQual_Period_PwmB                   
0     0000b0e7  _PWM_setActionQual_Zero_PwmA                     
0     0000b0e0  _PWM_setActionQual_Zero_PwmB                     
0     0000b0d9  _PWM_setChoppingClkFreq                          
0     0000b0d2  _PWM_setChoppingDutyCycle                        
0     0000b0cb  _PWM_setChoppingPulseWidth                       
0     0000b0c7  _PWM_setClkDiv                                   
0     0000b0c5  _PWM_setCount                                    
0     0000b0c1  _PWM_setCounterMode                              
0     0000b0be  _PWM_setDeadBandFallingEdgeDelay                 
0     0000b0b7  _PWM_setDeadBandInputMode                        
0     0000b0b0  _PWM_setDeadBandOutputMode                       
0     0000b0a9  _PWM_setDeadBandPolarity                         
0     0000b0a6  _PWM_setDeadBandRisingEdgeDelay                  
0     0000b08c  _PWM_setDigitalCompareAEvent1                    
0     0000b07c  _PWM_setDigitalCompareAEvent2                    
0     0000b062  _PWM_setDigitalCompareBEvent1                    
0     0000b052  _PWM_setDigitalCompareBEvent2                    
0     0000b046  _PWM_setDigitalCompareBlankingPulse              
0     0000b043  _PWM_setDigitalCompareFilterOffset               
0     0000b039  _PWM_setDigitalCompareFilterSource               
0     0000b036  _PWM_setDigitalCompareFilterWindow               
0     0000b027  _PWM_setDigitalCompareInput                      
0     0000b023  _PWM_setHighSpeedClkDiv                          
0     0000b019  _PWM_setHrControlMode                            
0     0000b00f  _PWM_setHrEdgeMode                               
0     0000b005  _PWM_setHrShadowMode                             
0     0000affe  _PWM_setIntMode                                  
0     0000aff7  _PWM_setIntPeriod                                
0     0000aff3  _PWM_setLoadMode_CmpA                            
0     0000afed  _PWM_setLoadMode_CmpB                            
0     0000afeb  _PWM_setPeriod                                   
0     0000afe6  _PWM_setPeriodHr                                 
0     0000afe2  _PWM_setPeriodLoad                               
0     0000afe0  _PWM_setPhase                                    
0     0000afdc  _PWM_setPhaseDir                                 
0     0000afd8  _PWM_setRunMode                                  
0     0000afd2  _PWM_setShadowMode_CmpA                          
0     0000afcc  _PWM_setShadowMode_CmpB                          
0     0000afc3  _PWM_setSocAPeriod                               
0     0000afba  _PWM_setSocAPulseSrc                             
0     0000afb1  _PWM_setSocBPeriod                               
0     0000afa8  _PWM_setSocBPulseSrc                             
0     0000afa5  _PWM_setSwSync                                   
0     0000afa1  _PWM_setSyncMode                                 
0     0000af97  _PWM_setTripZoneDCEventSelect_DCAEVT1            
0     0000af8b  _PWM_setTripZoneDCEventSelect_DCAEVT2            
0     0000af7f  _PWM_setTripZoneDCEventSelect_DCBEVT1            
0     0000af73  _PWM_setTripZoneDCEventSelect_DCBEVT2            
0     0000af67  _PWM_setTripZoneState_DCAEVT1                    
0     0000af5b  _PWM_setTripZoneState_DCAEVT2                    
0     0000af4f  _PWM_setTripZoneState_DCBEVT1                    
0     0000af43  _PWM_setTripZoneState_DCBEVT2                    
0     0000af39  _PWM_setTripZoneState_TZA                        
0     0000af2d  _PWM_setTripZoneState_TZB                        
0     0000ccc5  _PWR_disableBrownOutReset                        
0     0000ccbb  _PWR_disableWatchDogInt                          
0     0000ccb8  _PWR_enableBrownOutReset                         
0     0000ccae  _PWR_enableWatchDogInt                           
0     0000cca6  _PWR_init                                        
0     0000cc95  _PWR_setLowPowerMode                             
0     0000cc84  _PWR_setNumStandByClocks                         
0     0000ceaf  _QEP_init                                        
0     0000015e  _RamfuncsLoadEnd                                 
abs   00000036  _RamfuncsLoadSize                                
0     00000128  _RamfuncsLoadStart                               
0     00000128  _RamfuncsRunStart                                
0     0000c565  _SCI_clearAutoBaudDetect                         
0     0000c561  _SCI_clearRxFifoInt                              
0     0000c55d  _SCI_clearRxFifoOvf                              
0     0000c559  _SCI_clearTxFifoInt                              
0     0000c556  _SCI_disable                                     
0     0000c552  _SCI_disableAutoBaudAlign                        
0     0000c54f  _SCI_disableLoopBack                             
0     0000c54c  _SCI_disableParity                               
0     0000c549  _SCI_disableRx                                   
0     0000c546  _SCI_disableRxErrorInt                           
0     0000c542  _SCI_disableRxFifoInt                            
0     0000c53f  _SCI_disableRxInt                                
0     0000c53c  _SCI_disableSleep                                
0     0000c539  _SCI_disableTx                                   
0     0000c535  _SCI_disableTxFifoEnh                            
0     0000c531  _SCI_disableTxFifoInt                            
0     0000c52e  _SCI_disableTxInt                                
0     0000c52b  _SCI_disableTxWake                               
0     0000c528  _SCI_enable                                      
0     0000c524  _SCI_enableAutoBaudAlign                         
0     0000c520  _SCI_enableChannels                              
0     0000c51d  _SCI_enableLoopBack                              
0     0000c51a  _SCI_enableParity                                
0     0000c517  _SCI_enableRx                                    
0     0000c514  _SCI_enableRxErrorInt                            
0     0000c510  _SCI_enableRxFifo                                
0     0000c50c  _SCI_enableRxFifoInt                             
0     0000c509  _SCI_enableRxInt                                 
0     0000c506  _SCI_enableSleep                                 
0     0000c503  _SCI_enableTx                                    
0     0000c4ff  _SCI_enableTxFifo                                
0     0000c4fb  _SCI_enableTxFifoEnh                             
0     0000c4f7  _SCI_enableTxFifoInt                             
0     0000c4f4  _SCI_enableTxInt                                 
0     0000c4f1  _SCI_enableTxWake                                
0     0000c4eb  _SCI_getDataBlocking                             
0     0000c4e2  _SCI_getDataNonBlocking                          
0     0000c4de  _SCI_getRxFifoStatus                             
0     0000c4da  _SCI_getTxFifoStatus                             
0     0000c4d4  _SCI_init                                        
0     0000c4cd  _SCI_putDataBlocking                             
0     0000c4c4  _SCI_putDataNonBlocking                          
0     0000c4c1  _SCI_reset                                       
0     0000c4b7  _SCI_resetChannels                               
0     0000c4ad  _SCI_resetRxFifo                                 
0     0000c4a3  _SCI_resetTxFifo                                 
0     0000c49d  _SCI_setBaudRate                                 
0     0000c499  _SCI_setCharLength                               
0     0000c495  _SCI_setMode                                     
0     0000c491  _SCI_setNumStopBits                              
0     0000c48d  _SCI_setParity                                   
0     0000c48a  _SCI_setPriority                                 
0     0000c483  _SCI_setRxFifoIntLevel                           
0     0000c47c  _SCI_setTxDelay                                  
0     0000c475  _SCI_setTxFifoIntLevel                           
0     0000c86e  _SPI_clearRxFifoInt                              
0     0000c86a  _SPI_clearRxFifoOvf                              
0     0000c866  _SPI_clearTxFifoInt                              
0     0000c863  _SPI_disableInt                                  
0     0000c860  _SPI_disableLoopBack                             
0     0000c85d  _SPI_disableOverRunInt                           
0     0000c859  _SPI_disableRxFifoInt                            
0     0000c856  _SPI_disableTx                                   
0     0000c852  _SPI_disableTxFifoEnh                            
0     0000c84e  _SPI_disableTxFifoInt                            
0     0000c84b  _SPI_enable                                      
0     0000c847  _SPI_enableChannels                              
0     0000c844  _SPI_enableInt                                   
0     0000c841  _SPI_enableLoopBack                              
0     0000c83e  _SPI_enableOverRunInt                            
0     0000c83a  _SPI_enableRxFifo                                
0     0000c836  _SPI_enableRxFifoInt                             
0     0000c833  _SPI_enableTx                                    
0     0000c82f  _SPI_enableTxFifo                                
0     0000c82b  _SPI_enableTxFifoEnh                             
0     0000c827  _SPI_enableTxFifoInt                             
0     0000c824  _SPI_getIntFlagStatus                            
0     0000c820  _SPI_getRxFifoStatus                             
0     0000c81d  _SPI_getTxBufferStatus                           
0     0000c819  _SPI_getTxFifoStatus                             
0     0000c813  _SPI_init                                        
0     0000c810  _SPI_reset                                       
0     0000c80c  _SPI_resetChannels                               
0     0000c808  _SPI_resetRxFifo                                 
0     0000c804  _SPI_resetTxFifo                                 
0     0000c802  _SPI_setBaudRate                                 
0     0000c7fe  _SPI_setCharLength                               
0     0000c7fc  _SPI_setClkPhase                                 
0     0000c7f8  _SPI_setClkPolarity                              
0     0000c7f6  _SPI_setMode                                     
0     0000c7ef  _SPI_setPriority                                 
0     0000c7e8  _SPI_setRxFifoIntLevel                           
0     0000c7e1  _SPI_setSteInv                                   
0     0000c7da  _SPI_setSuspend                                  
0     0000c7d3  _SPI_setTriWire                                  
0     0000c7d0  _SPI_setTxDelay                                  
0     0000c7c9  _SPI_setTxFifoIntLevel                           
0     0000c725  _THROTTLE_calcParams                             
0     0000c7c3  _THROTTLE_init                                   
0     0000c763  _THROTTLE_runState                               
0     0000c747  _THROTTLE_setParams                              
0     0000c71b  _THROTTLE_setup                                  
0     0000ccf7  _TIMER_clearFlag                                 
0     0000ccf4  _TIMER_disableInt                                
0     0000ccf1  _TIMER_enableInt                                 
0     0000ccee  _TIMER_getStatus                                 
0     0000cce8  _TIMER_init                                      
0     0000ccda  _TIMER_setDecimationFactor                       
0     0000ccd6  _TIMER_setEmulationMode                          
0     0000ccc8  _TIMER_setPreScaler                              
0     00009add  _USER_calcPIgains                                
0     0000948f  _USER_checkForErrors                             
0     00009481  _USER_computeFlux                                
0     00009429  _USER_computeFlux_pu_to_VpHz_sf                  
0     000093c1  _USER_computeFlux_pu_to_Wb_sf                    
0     00009346  _USER_computeTorque_Flux_Iq_pu_to_Nm_sf          
0     000092eb  _USER_computeTorque_Ls_Id_Iq_pu_to_Nm_sf         
0     0000928a  _USER_computeTorque_Nm                           
0     0000921d  _USER_computeTorque_lbin                         
0     0000921a  _USER_getErrorCode                               
0     00009217  _USER_setErrorCode                               
0     00008f82  _USER_setParams                                  
0     00008ef2  _USER_softwareUpdate1p6                          
0     0000cc7c  _WDOG_clearCounter                               
0     0000cc74  _WDOG_disable                                    
0     0000cc6e  _WDOG_disableInt                                 
0     0000cc68  _WDOG_disableOverRide                            
0     0000cc5f  _WDOG_enable                                     
0     0000cc59  _WDOG_enableInt                                  
0     0000cc53  _WDOG_enableOverRide                             
0     0000cc50  _WDOG_getIntStatus                               
0     0000cc4a  _WDOG_init                                       
0     0000cc48  _WDOG_setCount                                   
0     0000cc3e  _WDOG_setPreScaler                               
0     0000d83e  __IQ24cosPU                                      
0     0000d78c  __IQ24div                                        
0     0000d815  __IQ24sinPU                                      
0     0000d7d3  __IQ24sqrt                                       
0     0000d865  __IQ24toF                                        
0     0000d87b  __IQ30toF                                        
1     000007b0  __STACK_END                                      
abs   000003b0  __STACK_SIZE                                     
0     0000ceba  ___TI_cleanup_ptr                                
0     0000cebc  ___TI_dtors_ptr                                  
0     0000ceb8  ___TI_enable_exit_profile_output                 
abs   ffffffff  ___TI_pprof_out_hndl                             
abs   ffffffff  ___TI_prof_data_size                             
abs   ffffffff  ___TI_prof_data_start                            
abs   ffffffff  ___binit__                                       
abs   ffffffff  ___c_args__                                      
0     00000050  ___cinit__                                       
0     0000ceb7  ___etext__                                       
abs   ffffffff  ___pinit__                                       
0     00008000  ___text__                                        
0     0000ce34  __args_main                                      
0     0000cebe  __lock                                           
0     0000cea6  __nop                                            
0     0000cea2  __register_lock                                  
0     0000ce9e  __register_unlock                                
1     00000400  __stack                                          
0     0000b223  __system_post_cinit                              
0     0000ceb5  __system_pre_init                                
0     0000d450  __unlock                                         
0     0000cd27  _abort                                           
0     0000cec0  _accelerator                                     
0     0000d28a  _angle                                           
0     0000cb5b  _c_int00                                         
0     0000cb03  _ceil                                            
0     0000cb03  _ceilf                                           
0     0000d44a  _controller_obj                                  
0     0000cbf8  _copy_in                                         
0     0000ce79  _copysign                                        
0     0000ce79  _copysignf                                       
0     0000d452  _cpu                                             
0     0000d281  _crc                                             
0     0000d600  _crc_ccitt_table                                 
0     0000ce8a  _crc_ccitt_update                                
0     0000d28e  _ctrlHandle                                      
0     0000ce1a  _ddcopy                                          
0     0000ce1a  _dpcopy                                          
0     0000d292  _efileHandle                                     
0     0000cf80  _encoder                                         
0     0000d453  _errno                                           
0     0000cd29  _exit                                            
0     0000d2a2  _gAdcData                                        
0     0000d2b0  _gAdcDataSec                                     
0     0000d443  _gCounter_updateGlobals                          
0     0000d2c0  _gDebugVars                                      
0     0000d444  _gFlux_pu_to_VpHz_sf                             
0     0000d446  _gFlux_pu_to_Wb_sf                               
0     0000d280  _gLEDcnt                                         
0     0000d44e  _gMaxCurrentSlope                                
0     0000d300  _gMotorVars                                      
0     0000d29c  _gPwmData                                        
0     0000d296  _gPwmData2                                       
0     0000d448  _gTorque_Flux_Iq_pu_to_Nm_sf                     
0     0000d44c  _gTorque_Ls_Id_Iq_pu_to_Nm_sf                    
0     0000d286  _gUpdateDisplay                                  
0     0000d380  _gUserParams                                     
0     0000d283  _g_enDCDC                                        
0     0000d284  _g_enHV                                          
0     0000d285  _g_enIGBT                                        
0     0000d282  _g_sw1                                           
0     0000d287  _g_sw2                                           
0     0000d0c0  _hal                                             
0     0000d294  _halHandle                                       
0     0000d480  _hdlc                                            
0     0000c9e8  _ldexp                                           
0     0000c9e8  _ldexpf                                          
0     0000c244  _log                                             
0     0000c244  _logf                                            
0     0000b957  _main                                            
0     0000cf00  _memory                                          
0     0000ce1a  _pdcopy                                          
0     0000abae  _pow                                             
0     0000abae  _powf                                            
0     0000ce1a  _ppcopy                                          
0     0000c9e8  _scalbn                                          
0     0000c9e8  _scalbnf                                         
0     0000cd9a  _sqrt                                            
0     0000cd9a  _sqrtf                                           
0     0000d288  _throttleA                                       
0     0000d28c  _throttleB                                       
0     0000d290  _throttleResult                                  
0     0000015a  _usDelay                                         
abs   ffffffff  binit                                            
0     00000050  cinit                                            
0     00000000  code_start                                       
0     0000ceb7  etext                                            
abs   ffffffff  pinit                                            


GLOBAL SYMBOLS: SORTED BY Symbol Address 

page  address   name                                             
----  -------   ----                                             
0     00000000  code_start                                       
0     00000050  ___cinit__                                       
0     00000050  cinit                                            
0     00000128  _FLASH_setStandbyWaitCount                       
0     00000128  _RamfuncsLoadStart                               
0     00000128  _RamfuncsRunStart                                
0     0000012d  _FLASH_setPowerMode                              
0     00000134  _FLASH_setOtpWaitStates                          
0     0000013b  _FLASH_setNumRandomReadWaitStates                
0     00000142  _FLASH_setNumPagedReadWaitStates                 
0     00000149  _FLASH_setActiveWaitCount                        
0     0000014e  _FLASH_enablePipelineMode                        
0     00000154  _FLASH_disablePipelineMode                       
0     0000015a  _usDelay                                         
0     0000015e  _RamfuncsLoadEnd                                 
0     00008000  .text                                            
0     00008000  ___text__                                        
0     00008006  _HAL_setupTimers                                 
0     00008044  _HAL_setupScia                                   
0     00008078  _HAL_setResolverMode                             
0     00008088  _HAL_setupResolver                               
0     000080ce  _HAL_setupQEP                                    
0     00008175  _HAL_setupPwms                                   
0     00008266  _HAL_setupPwmDacs                                
0     000082e9  _HAL_setupPll                                    
0     00008328  _HAL_setupPie                                    
0     00008344  _HAL_setupPeripheralClks                         
0     0000839b  _HAL_setupIOExtender                             
0     0000844b  _HAL_setupI2C                                    
0     00008468  _HAL_setupGpios                                  
0     0000864d  _HAL_setupFlash                                  
0     0000866b  _HAL_setupFaults                                 
0     00008693  _HAL_setupClks                                   
0     000086af  _HAL_setupCAN                                    
0     000087c5  _HAL_setupAdcs                                   
0     00008901  _HAL_setParams                                   
0     00008a2c  _HAL_getOscTrimValue                             
0     00008a3f  _HAL_osc2Comp                                    
0     00008a7f  _HAL_osc1Comp                                    
0     00008abf  _HAL_AdcCalChanSelect                            
0     00008b16  _HAL_AdcCalConversion                            
0     00008c7b  _HAL_AdcOffsetSelfCal                            
0     00008cae  _HAL_OscTempComp                                 
0     00008d07  _HAL_cal                                         
0     00008d1e  _HAL_initSystemBase                              
0     00008d57  _HAL_disableWdog                                 
0     00008d5c  _HAL_init                                        
0     00008e88  _HAL_enableSciRxInts                             
0     00008e99  _HAL_enableSPIBInts                              
0     00008eac  _HAL_enablePwmInt                                
0     00008ebd  _HAL_enableGlobalInts                            
0     00008ec1  _HAL_enableDebugInt                              
0     00008ec5  _HAL_enableCANInts                               
0     00008edc  _HAL_enableAdcInts                               
0     00008eee  _HAL_disableGlobalInts                           
0     00008ef2  _USER_softwareUpdate1p6                          
0     00008f82  _USER_setParams                                  
0     00009217  _USER_setErrorCode                               
0     0000921a  _USER_getErrorCode                               
0     0000921d  _USER_computeTorque_lbin                         
0     0000928a  _USER_computeTorque_Nm                           
0     000092eb  _USER_computeTorque_Ls_Id_Iq_pu_to_Nm_sf         
0     00009346  _USER_computeTorque_Flux_Iq_pu_to_Nm_sf          
0     000093c1  _USER_computeFlux_pu_to_Wb_sf                    
0     00009429  _USER_computeFlux_pu_to_VpHz_sf                  
0     00009481  _USER_computeFlux                                
0     0000948f  _USER_checkForErrors                             
0     00009add  _USER_calcPIgains                                
0     00009ba5  _CTRL_updateState                                
0     00009c57  _CTRL_setup_user                                 
0     00009cce  _CTRL_setupClarke_V                              
0     00009ce5  _CTRL_setupClarke_I                              
0     00009d02  _CTRL_setup                                      
0     00009d0e  _CTRL_setWaitTimes                               
0     00009d17  _CTRL_setSpd_ref_pu                              
0     00009d1a  _CTRL_setSpd_ref_krpm                            
0     00009d2d  _CTRL_setGains                                   
0     00009d57  _CTRL_setParams                                  
0     00009fc1  _CTRL_run                                        
0     0000a544  _CTRL_getWaitTimes                               
0     0000a54d  _CTRL_getVdq_out_pu                              
0     0000a554  _CTRL_getVab_out_pu                              
0     0000a55b  _CTRL_getVab_in_pu                               
0     0000a562  _CTRL_getIdq_ref_pu                              
0     0000a569  _CTRL_getIdq_in_pu                               
0     0000a570  _CTRL_getIab_in_pu                               
0     0000a577  _CTRL_getIab_filt_pu                             
0     0000a57e  _CTRL_getGains                                   
0     0000a5b0  _CTRL_setMagCurrent_pu                           
0     0000a5b3  _CTRL_setMaximumSpeed_pu                         
0     0000a5b6  _CTRL_getMaximumSpeed_pu                         
0     0000a5b9  _CTRL_getMagCurrent_pu                           
0     0000a5bc  _MOTORWARE_updateIqRef                           
0     0000a5ff  _MOTORWARE_updateGlobalVariables_motor           
0     0000a68a  _MOTORWARE_setFeLimitZero                        
0     0000a6e2  _MOTORWARE_recalcKpKi                            
0     0000a75a  _MOTORWARE_acim_Dir_qFmtCalc                     
0     0000a773  _MOTORWARE_runSequencer_tuning                   
0     0000a8e2  _MOTORWARE_runSequencer                          
0     0000ab04  _MOTORWARE_init                                  
0     0000ab83  _MOTORWARE_enableInts                            
0     0000abae  _pow                                             
[...]
0     0000c83a  _SPI_enableRxFifo                                
0     0000c83e  _SPI_enableOverRunInt                            
0     0000c841  _SPI_enableLoopBack                              
0     0000c844  _SPI_enableInt                                   
0     0000c847  _SPI_enableChannels                              
0     0000c84b  _SPI_enable                                      
0     0000c84e  _SPI_disableTxFifoInt                            
0     0000c852  _SPI_disableTxFifoEnh                            
0     0000c856  _SPI_disableTx                                   
0     0000c859  _SPI_disableRxFifoInt                            
0     0000c85d  _SPI_disableOverRunInt                           
0     0000c860  _SPI_disableLoopBack                             
0     0000c863  _SPI_disableInt                                  
0     0000c866  _SPI_clearTxFifoInt                              
0     0000c86a  _SPI_clearRxFifoOvf                              
0     0000c86e  _SPI_clearRxFifoInt                              
0     0000c872  FS$$DIV                                          
0     0000c8fa  FD$$MPY                                          
0     0000c97d  _C_Buffer_write                                  
0     0000c9a9  _C_Buffer_read                                   
0     0000c9d6  _C_Buffer_isFull                                 
0     0000c9d9  _C_Buffer_isEmpty                                
0     0000c9dc  _C_Buffer_init                                   
0     0000c9e8  _ldexp                                           
0     0000c9e8  _ldexpf                                          
0     0000c9e8  _scalbn                                          
0     0000c9e8  _scalbnf                                         
0     0000ca4f  _PLL_setLockPeriod                               
0     0000ca54  _PLL_setDivideSelect                             
0     0000ca5b  _PLL_setClkFreq                                  
0     0000ca61  _PLL_resetClkDetect                              
0     0000ca67  _PLL_init                                        
0     0000ca6d  _PLL_getLockStatus                               
0     0000ca70  _PLL_getDivideSelect                             
0     0000ca73  _PLL_getClkStatus                                
0     0000ca76  _PLL_getClkFreq                                  
0     0000ca7a  _PLL_enableOsc                                   
0     0000ca80  _PLL_enableNormRdy                               
0     0000ca86  _PLL_enableClkDetect                             
0     0000ca8c  _PLL_enable                                      
0     0000ca92  _PLL_disableOsc                                  
0     0000ca98  _PLL_disableNormRdy                              
0     0000ca9e  _PLL_disableClkDetect                            
0     0000caa4  _PLL_disable                                     
0     0000caaa  _ACCEL_setup                                     
0     0000cad8  _ACCEL_setParams                                 
0     0000cafd  _ACCEL_init                                      
0     0000cb03  _ceil                                            
0     0000cb03  _ceilf                                           
0     0000cb5b  _c_int00                                         
0     0000cbb1  _OFFSET_setOffset                                
0     0000cbb3  _OFFSET_setInitCond                              
0     0000cbc2  _OFFSET_setBeta                                  
0     0000cbd8  _OFFSET_init                                     
0     0000cbe9  _OFFSET_getBeta                                  
0     0000cbf8  _copy_in                                         
0     0000cc3e  _WDOG_setPreScaler                               
0     0000cc48  _WDOG_setCount                                   
0     0000cc4a  _WDOG_init                                       
0     0000cc50  _WDOG_getIntStatus                               
0     0000cc53  _WDOG_enableOverRide                             
0     0000cc59  _WDOG_enableInt                                  
0     0000cc5f  _WDOG_enable                                     
0     0000cc68  _WDOG_disableOverRide                            
0     0000cc6e  _WDOG_disableInt                                 
0     0000cc74  _WDOG_disable                                    
0     0000cc7c  _WDOG_clearCounter                               
0     0000cc84  _PWR_setNumStandByClocks                         
0     0000cc95  _PWR_setLowPowerMode                             
0     0000cca6  _PWR_init                                        
0     0000ccae  _PWR_enableWatchDogInt                           
0     0000ccb8  _PWR_enableBrownOutReset                         
0     0000ccbb  _PWR_disableWatchDogInt                          
0     0000ccc5  _PWR_disableBrownOutReset                        
0     0000ccc8  _TIMER_setPreScaler                              
0     0000ccd6  _TIMER_setEmulationMode                          
0     0000ccda  _TIMER_setDecimationFactor                       
0     0000cce8  _TIMER_init                                      
0     0000ccee  _TIMER_getStatus                                 
0     0000ccf1  _TIMER_enableInt                                 
0     0000ccf4  _TIMER_disableInt                                
0     0000ccf7  _TIMER_clearFlag                                 
0     0000ccfa  _OSC_setTrim                                     
0     0000cd03  _OSC_setFineTrim                                 
0     0000cd14  _OSC_setCoarseTrim                               
0     0000cd21  _OSC_init                                        
0     0000cd27  C$$EXIT                                          
0     0000cd27  _abort                                           
0     0000cd29  _exit                                            
0     0000cd50  _CPU_init                                        
0     0000cd54  _CPU_enableProtectedRegisterWrite                
0     0000cd57  _CPU_enableInt                                   
0     0000cd5b  _CPU_enableGlobalInts                            
0     0000cd5e  _CPU_enableDebugInt                              
0     0000cd61  _CPU_disableProtectedRegisterWrite               
0     0000cd64  _CPU_disableInts                                 
0     0000cd67  _CPU_disableInt                                  
0     0000cd6c  _CPU_disableGlobalInts                           
0     0000cd6f  _CPU_disableDebugInt                             
0     0000cd72  _CPU_clearIntFlags                               
0     0000cd75  _FILTER_FO_setNumCoeffs                          
0     0000cd79  _FILTER_FO_setInitialConditions                  
0     0000cd80  _FILTER_FO_setDenCoeffs                          
0     0000cd82  _FILTER_FO_init                                  
0     0000cd88  _FILTER_FO_getNumCoeffs                          
0     0000cd8e  _FILTER_FO_getInitialConditions                  
0     0000cd97  _FILTER_FO_getDenCoeffs                          
0     0000cd9a  _sqrt                                            
0     0000cd9a  _sqrtf                                           
0     0000cdbf  _FLASH_init                                      
0     0000cdc5  _FLASH_getStandbyWaitStatus                      
0     0000cdc9  _FLASH_getStandbyWaitCount                       
0     0000cdcc  _FLASH_getPowerMode                              
0     0000cdcf  _FLASH_getActiveWaitStatus                       
0     0000cdd3  _FLASH_getActiveWaitCount                        
0     0000cdd6  _FLASH_get3VStatus                               
0     0000cdd9  _FLASH_clear3VStatus                             
0     0000cddf  FD$$TOL                                          
0     0000cdfe  FS$$TOFD                                         
0     0000ce1a  _ddcopy                                          
0     0000ce1a  _dpcopy                                          
0     0000ce1a  _pdcopy                                          
0     0000ce1a  _ppcopy                                          
0     0000ce34  __args_main                                      
0     0000ce4d  U$$TOFD                                          
0     0000ce64  _PROTO_commandDefault                            
0     0000ce65  _PROTO_router                                    
0     0000ce79  _copysign                                        
0     0000ce79  _copysignf                                       
0     0000ce8a  _crc_ccitt_update                                
0     0000ce94  _PIE_illegalIsr                                  
0     0000ce9e  __register_unlock                                
0     0000cea2  __register_lock                                  
0     0000cea6  __nop                                            
0     0000ceaf  _QEP_init                                        
0     0000ceb5  __system_pre_init                                
0     0000ceb7  ___etext__                                       
0     0000ceb7  etext                                            
0     0000ceb8  ___TI_enable_exit_profile_output                 
0     0000ceba  ___TI_cleanup_ptr                                
0     0000cebc  ___TI_dtors_ptr                                  
0     0000cebe  __lock                                           
0     0000cec0  _accelerator                                     
0     0000cf00  _memory                                          
0     0000cf80  _encoder                                         
0     0000d0c0  _hal                                             
0     0000d276  _EFile                                           
0     0000d280  _gLEDcnt                                         
0     0000d281  _crc                                             
0     0000d282  _g_sw1                                           
0     0000d283  _g_enDCDC                                        
0     0000d284  _g_enHV                                          
0     0000d285  _g_enIGBT                                        
0     0000d286  _gUpdateDisplay                                  
0     0000d287  _g_sw2                                           
0     0000d288  _throttleA                                       
0     0000d28a  _angle                                           
0     0000d28c  _throttleB                                       
0     0000d28e  _ctrlHandle                                      
0     0000d290  _throttleResult                                  
0     0000d292  _efileHandle                                     
0     0000d294  _halHandle                                       
0     0000d296  _gPwmData2                                       
0     0000d29c  _gPwmData                                        
0     0000d2a2  _gAdcData                                        
0     0000d2b0  _gAdcDataSec                                     
0     0000d2c0  _gDebugVars                                      
0     0000d300  _gMotorVars                                      
0     0000d380  _gUserParams                                     
0     0000d442  _Flag_Latch_softwareUpdate                       
0     0000d443  _gCounter_updateGlobals                          
0     0000d444  _gFlux_pu_to_VpHz_sf                             
0     0000d446  _gFlux_pu_to_Wb_sf                               
0     0000d448  _gTorque_Flux_Iq_pu_to_Nm_sf                     
0     0000d44a  _controller_obj                                  
0     0000d44c  _gTorque_Ls_Id_Iq_pu_to_Nm_sf                    
0     0000d44e  _gMaxCurrentSlope                                
0     0000d450  __unlock                                         
0     0000d452  _cpu                                             
0     0000d453  _errno                                           
0     0000d480  _hdlc                                            
0     0000d5c0  _CanaShadow                                      
0     0000d600  _crc_ccitt_table                                 
0     0000d78c  __IQ24div                                        
0     0000d7d3  __IQ24sqrt                                       
0     0000d815  __IQ24sinPU                                      
0     0000d83e  __IQ24cosPU                                      
0     0000d865  __IQ24toF                                        
0     0000d87b  __IQ30toF                                        
0     003fdc30  _IQsinTable                                      
0     003fdd30  _IQcosTable                                      
0     003fe030  _IQsinTableEnd                                   
0     003fe132  _IQcosTableEnd                                   
0     003fe132  _IQdivRoundSatTable                              
0     003fe140  _IQdivTable                                      
0     003fe342  _IQdivTableEnd                                   
0     003fe342  _IQisqrtRoundSatTable                            
0     003fe342  _IQsqrtRoundSatTable                             
0     003fe352  _IQisqrtTable                                    
0     003fe352  _IQsqrtTable                                     
0     003fe454  _IQatan2HalfPITable                              
0     003fe454  _IQisqrtTableEnd                                 
0     003fe454  _IQsqrtTableEnd                                  
0     003fe492  _IQatan2Table                                    
0     003fe618  _IQ30mpyRndSatTable                              
0     003fe618  _IQatan2TableEnd                                 
0     003fe618  _IQmpyRndSatTable                                
0     003fe624  _IQ29mpyRndSatTable                              
0     003fe630  _IQ28mpyRndSatTable                              
0     003fe63c  _IQ27mpyRndSatTable                              
0     003fe648  _IQ26mpyRndSatTable                              
0     003fe654  _IQ25mpyRndSatTable                              
0     003fe660  _IQ24mpyRndSatTable                              
0     003fe66c  _IQ23mpyRndSatTable                              
0     003fe678  _IQ22mpyRndSatTable                              
0     003fe684  _IQ21mpyRndSatTable                              
0     003fe690  _IQ20mpyRndSatTable                              
0     003fe69c  _IQ19mpyRndSatTable                              
0     003fe6a8  _IQ18mpyRndSatTable                              
0     003fe6b4  _IQ17mpyRndSatTable                              
0     003fe6c0  _IQ16mpyRndSatTable                              
0     003fe6cc  _IQ15mpyRndSatTable                              
0     003fe6d8  _IQ14mpyRndSatTable                              
0     003fe6e4  _IQ13mpyRndSatTable                              
0     003fe6f0  _IQ12mpyRndSatTable                              
0     003fe6fc  _IQ11mpyRndSatTable                              
0     003fe708  _IQ10mpyRndSatTable                              
0     003fe714  _IQ9mpyRndSatTable                               
0     003fe720  _IQ8mpyRndSatTable                               
0     003fe72c  _IQ7mpyRndSatTable                               
0     003fe738  _IQ6mpyRndSatTable                               
0     003fe744  _IQ5mpyRndSatTable                               
0     003fe750  _IQ4mpyRndSatTable                               
0     003fe75c  _IQ3mpyRndSatTable                               
0     003fe768  _IQ2mpyRndSatTable                               
0     003fe774  _IQ1mpyRndSatTable                               
0     003fe780  _IQmpyRndSatTableEnd                             
1     00000400  __stack                                          
1     000007b0  __STACK_END                                      
abs   00000036  _RamfuncsLoadSize                                
abs   000003b0  __STACK_SIZE                                     
abs   003f861b  _EST_getState                                    
abs   003f861d  _EST_useZeroIq_ref                               
abs   003f8679  _EST_isMotorIdentified                           
abs   003f86ad  _EST_computeDirection_qFmt                       
abs   003f8713  _EST_updateState                                 
abs   003f89f5  _EST_updateId_ref_pu                             
abs   003f8a18  _EST_setRs_pu                                    
abs   003f8adb  _EST_setMaxCurrentSlope_pu                       
abs   003f8ae7  _EST_setLs_q_pu                                  
abs   003f8af1  _EST_setLs_qFmt                                  
abs   003f8b45  _EST_setLs_d_pu                                  
abs   003f8b63  _EST_setIq_ref_pu                                
abs   003f8b67  _EST_setIdle_all                                 
abs   003f8b7a  _EST_setIdle                                     
abs   003f8b80  _EST_setId_ref_pu                                
abs   003f8bd3  _EST_setFlag_enableRsRecalc                      
abs   003f8bdb  _EST_setFlag_enableForceAngle                    
abs   003f8be4  _EST_setFe_pos_min_pu                            
abs   003f8be8  _EST_setFe_neg_max_pu                            
abs   003f8bf5  _EST_setDir_qFmt                                 
abs   003f8c0d  _EST_getAngle_pu                                 
abs   003f927b  _EST_run                                         
abs   003f9378  _EST_isOnLine                                    
abs   003f937f  _EST_isLockRotor                                 
abs   003f9386  _EST_isIdle                                      
abs   003f938d  _EST_isError                                     
abs   003f9458  _EST_get_krpm_to_pu_sf                           
abs   003f94c6  _EST_getSpeed_krpm                               
abs   003f9513  _EST_getRs_Ohm                                   
abs   003f95ad  _EST_getRr_Ohm                                   
abs   003f95b3  _EST_getOneOverDcBus_pu                          
abs   003f95bd  _EST_getMaxCurrentSlope_pu                       
abs   003f95c9  _EST_getLs_q_pu                                  
abs   003f95ce  _EST_getLs_q_H                                   
abs   003f95f0  _EST_getLs_d_pu                                  
abs   003f95f5  _EST_getLs_d_H                                   
abs   003f95ff  _EST_getLs_coarse_max_pu                         
abs   003f9632  _EST_getIdRated                                  
abs   003f968e  _EST_getFm_pu                                    
abs   003f96ab  _EST_getFlux_pu                                  
abs   003f96be  _EST_getFlux_VpHz                                
abs   003f9758  _EST_doSpeedCtrl                                 
abs   003f9760  _EST_doCurrentCtrl                               
abs   003f9806  _CTRL_setupTraj                                  
abs   003f996a  _CTRL_setupEstOnLineState                        
abs   003f99a5  _CTRL_setupEstIdleState                          
abs   003f9b43  _CTRL_setupCtrl                                  
abs   003f9d31  _CTRL_setUserMotorParams                         
abs   003f9e64  _CTRL_setEstParams                               
abs   003fa5d1  _CTRL_runTraj                                    
abs   003fa6fb  _CTRL_initCtrl                                   
abs   003fa721  _CTRL_getVersion                                 
abs   ffffffff  ___TI_pprof_out_hndl                             
abs   ffffffff  ___TI_prof_data_size                             
abs   ffffffff  ___TI_prof_data_start                            
abs   ffffffff  ___binit__                                       
abs   ffffffff  ___c_args__                                      
abs   ffffffff  ___pinit__                                       
abs   ffffffff  binit                                            
abs   ffffffff  pinit                                            
n/a   UNDEFED   _EFile_read                                      

[818 symbols]
