<?xml version="1.0"?>
<link_info>
   <banner>TMS320C2000 Linker PC v6.4.10</banner>
   <copyright>Copyright (c) 1996-2015 Texas Instruments Incorporated</copyright>
   <link_time>0x5765ccd2</link_time>
   <link_errors>0x0</link_errors>
   <output_file>umc3_example1.out</output_file>
   <entry_point>
      <name>_c_int00</name>
      <address>0xad9f</address>
   </entry_point>
   <input_file_list>
      <input_file id="fl-5">
         <path>.\</path>
         <kind>object</kind>
         <file>CodeStartBranch.obj</file>
         <name>CodeStartBranch.obj</name>
      </input_file>
      <input_file id="fl-6">
         <path>.\</path>
         <kind>object</kind>
         <file>adc.obj</file>
         <name>adc.obj</name>
      </input_file>
      <input_file id="fl-7">
         <path>.\</path>
         <kind>object</kind>
         <file>clarke.obj</file>
         <name>clarke.obj</name>
      </input_file>
      <input_file id="fl-8">
         <path>.\</path>
         <kind>object</kind>
         <file>clk.obj</file>
         <name>clk.obj</name>
      </input_file>
      <input_file id="fl-9">
         <path>.\</path>
         <kind>object</kind>
         <file>cpu.obj</file>
         <name>cpu.obj</name>
      </input_file>
      <input_file id="fl-a">
         <path>.\</path>
         <kind>object</kind>
         <file>ctrl.obj</file>
         <name>ctrl.obj</name>
      </input_file>
      <input_file id="fl-b">
         <path>.\</path>
         <kind>object</kind>
         <file>ecan_new.obj</file>
         <name>ecan_new.obj</name>
      </input_file>
      <input_file id="fl-c">
         <path>.\</path>
         <kind>object</kind>
         <file>filter_fo.obj</file>
         <name>filter_fo.obj</name>
      </input_file>
      <input_file id="fl-d">
         <path>.\</path>
         <kind>object</kind>
         <file>flash.obj</file>
         <name>flash.obj</name>
      </input_file>
      <input_file id="fl-e">
         <path>.\</path>
         <kind>object</kind>
         <file>gpio.obj</file>
         <name>gpio.obj</name>
      </input_file>
      <input_file id="fl-f">
         <path>.\</path>
         <kind>object</kind>
         <file>hal.obj</file>
         <name>hal.obj</name>
      </input_file>
      <input_file id="fl-10">
         <path>.\</path>
         <kind>object</kind>
         <file>ipark.obj</file>
         <name>ipark.obj</name>
      </input_file>
      <input_file id="fl-11">
         <path>.\</path>
         <kind>object</kind>
         <file>main.obj</file>
         <name>main.obj</name>
      </input_file>
      <input_file id="fl-12">
         <path>.\</path>
         <kind>object</kind>
         <file>memCopy.obj</file>
         <name>memCopy.obj</name>
      </input_file>
      <input_file id="fl-13">
         <path>.\</path>
         <kind>object</kind>
         <file>offset.obj</file>
         <name>offset.obj</name>
      </input_file>
      <input_file id="fl-14">
         <path>.\</path>
         <kind>object</kind>
         <file>osc.obj</file>
         <name>osc.obj</name>
      </input_file>
      <input_file id="fl-15">
         <path>.\</path>
         <kind>object</kind>
         <file>park.obj</file>
         <name>park.obj</name>
      </input_file>
      <input_file id="fl-16">
         <path>.\</path>
         <kind>object</kind>
         <file>pid.obj</file>
         <name>pid.obj</name>
      </input_file>
      <input_file id="fl-17">
         <path>.\</path>
         <kind>object</kind>
         <file>pie.obj</file>
         <name>pie.obj</name>
      </input_file>
      <input_file id="fl-18">
         <path>.\</path>
         <kind>object</kind>
         <file>pll.obj</file>
         <name>pll.obj</name>
      </input_file>
      <input_file id="fl-19">
         <path>.\</path>
         <kind>object</kind>
         <file>pwm.obj</file>
         <name>pwm.obj</name>
      </input_file>
      <input_file id="fl-1a">
         <path>.\</path>
         <kind>object</kind>
         <file>pwr.obj</file>
         <name>pwr.obj</name>
      </input_file>
      <input_file id="fl-1b">
         <path>.\</path>
         <kind>object</kind>
         <file>qep.obj</file>
         <name>qep.obj</name>
      </input_file>
      <input_file id="fl-1c">
         <path>.\</path>
         <kind>object</kind>
         <file>sci.obj</file>
         <name>sci.obj</name>
      </input_file>
      <input_file id="fl-1d">
         <path>.\</path>
         <kind>object</kind>
         <file>svgen.obj</file>
         <name>svgen.obj</name>
      </input_file>
      <input_file id="fl-1e">
         <path>.\</path>
         <kind>object</kind>
         <file>timer.obj</file>
         <name>timer.obj</name>
      </input_file>
      <input_file id="fl-1f">
         <path>.\</path>
         <kind>object</kind>
         <file>traj.obj</file>
         <name>traj.obj</name>
      </input_file>
      <input_file id="fl-20">
         <path>.\</path>
         <kind>object</kind>
         <file>usDelay.obj</file>
         <name>usDelay.obj</name>
      </input_file>
      <input_file id="fl-21">
         <path>.\</path>
         <kind>object</kind>
         <file>user.obj</file>
         <name>user.obj</name>
      </input_file>
      <input_file id="fl-22">
         <path>.\</path>
         <kind>object</kind>
         <file>wdog.obj</file>
         <name>wdog.obj</name>
      </input_file>
      <input_file id="fl-24">
         <path>C:\ti\ccsv6\tools\compiler\ti-cgt-c2000_6.4.10\lib\</path>
         <kind>archive</kind>
         <file>rts2800_fpu32.lib</file>
         <name>boot.obj</name>
      </input_file>
      <input_file id="fl-27">
         <path>C:\ti\ccsv6\tools\compiler\ti-cgt-c2000_6.4.10\lib\</path>
         <kind>archive</kind>
         <file>rts2800_fpu32.lib</file>
         <name>exit.obj</name>
      </input_file>
      <input_file id="fl-28">
         <path>C:\ti\ccsv6\tools\compiler\ti-cgt-c2000_6.4.10\lib\</path>
         <kind>archive</kind>
         <file>rts2800_fpu32.lib</file>
         <name>_lock.obj</name>
      </input_file>
      <input_file id="fl-29">
         <path>C:\ti\ccsv6\tools\compiler\ti-cgt-c2000_6.4.10\lib\</path>
         <kind>archive</kind>
         <file>rts2800_fpu32.lib</file>
         <name>args_main.obj</name>
      </input_file>
      <input_file id="fl-2a">
         <path>C:\ti\ccsv6\tools\compiler\ti-cgt-c2000_6.4.10\lib\</path>
         <kind>archive</kind>
         <file>rts2800_fpu32.lib</file>
         <name>fd_mpy.obj</name>
      </input_file>
      <input_file id="fl-2b">
         <path>C:\ti\ccsv6\tools\compiler\ti-cgt-c2000_6.4.10\lib\</path>
         <kind>archive</kind>
         <file>rts2800_fpu32.lib</file>
         <name>fd_tol.obj</name>
      </input_file>
      <input_file id="fl-2c">
         <path>C:\ti\ccsv6\tools\compiler\ti-cgt-c2000_6.4.10\lib\</path>
         <kind>archive</kind>
         <file>rts2800_fpu32.lib</file>
         <name>fs_div.obj</name>
      </input_file>
      <input_file id="fl-2d">
         <path>C:\ti\ccsv6\tools\compiler\ti-cgt-c2000_6.4.10\lib\</path>
         <kind>archive</kind>
         <file>rts2800_fpu32.lib</file>
         <name>fs_tofd.obj</name>
      </input_file>
      <input_file id="fl-2e">
         <path>C:\ti\ccsv6\tools\compiler\ti-cgt-c2000_6.4.10\lib\</path>
         <kind>archive</kind>
         <file>rts2800_fpu32.lib</file>
         <name>log.obj</name>
      </input_file>
      <input_file id="fl-2f">
         <path>C:\ti\ccsv6\tools\compiler\ti-cgt-c2000_6.4.10\lib\</path>
         <kind>archive</kind>
         <file>rts2800_fpu32.lib</file>
         <name>modf.obj</name>
      </input_file>
      <input_file id="fl-30">
         <path>C:\ti\ccsv6\tools\compiler\ti-cgt-c2000_6.4.10\lib\</path>
         <kind>archive</kind>
         <file>rts2800_fpu32.lib</file>
         <name>pow.obj</name>
      </input_file>
      <input_file id="fl-31">
         <path>C:\ti\ccsv6\tools\compiler\ti-cgt-c2000_6.4.10\lib\</path>
         <kind>archive</kind>
         <file>rts2800_fpu32.lib</file>
         <name>sqrt.obj</name>
      </input_file>
      <input_file id="fl-32">
         <path>C:\ti\ccsv6\tools\compiler\ti-cgt-c2000_6.4.10\lib\</path>
         <kind>archive</kind>
         <file>rts2800_fpu32.lib</file>
         <name>_log.obj</name>
      </input_file>
      <input_file id="fl-33">
         <path>C:\ti\ccsv6\tools\compiler\ti-cgt-c2000_6.4.10\lib\</path>
         <kind>archive</kind>
         <file>rts2800_fpu32.lib</file>
         <name>errno.obj</name>
      </input_file>
      <input_file id="fl-34">
         <path>C:\ti\ccsv6\tools\compiler\ti-cgt-c2000_6.4.10\lib\</path>
         <kind>archive</kind>
         <file>rts2800_fpu32.lib</file>
         <name>exp.obj</name>
      </input_file>
      <input_file id="fl-35">
         <path>C:\ti\ccsv6\tools\compiler\ti-cgt-c2000_6.4.10\lib\</path>
         <kind>archive</kind>
         <file>rts2800_fpu32.lib</file>
         <name>frexp.obj</name>
      </input_file>
      <input_file id="fl-36">
         <path>C:\ti\ccsv6\tools\compiler\ti-cgt-c2000_6.4.10\lib\</path>
         <kind>archive</kind>
         <file>rts2800_fpu32.lib</file>
         <name>i_div.obj</name>
      </input_file>
      <input_file id="fl-37">
         <path>C:\ti\ccsv6\tools\compiler\ti-cgt-c2000_6.4.10\lib\</path>
         <kind>archive</kind>
         <file>rts2800_fpu32.lib</file>
         <name>ldexp.obj</name>
      </input_file>
      <input_file id="fl-38">
         <path>C:\work\git\umclib\modules\fast\lib\32b\f28x\f2806x\</path>
         <kind>archive</kind>
         <file>2806xRevB_FastSpinROMSymbols_fpu32.lib</file>
         <name>TMS320x2806x_REVB_boot_rom_out__CTRL_runTraj_tmp.obj</name>
      </input_file>
      <input_file id="fl-39">
         <path>C:\work\git\umclib\modules\fast\lib\32b\f28x\f2806x\</path>
         <kind>archive</kind>
         <file>2806xRevB_FastSpinROMSymbols_fpu32.lib</file>
         <name>TMS320x2806x_REVB_boot_rom_out__CTRL_setEstParams_tmp.obj</name>
      </input_file>
      <input_file id="fl-3a">
         <path>C:\work\git\umclib\modules\fast\lib\32b\f28x\f2806x\</path>
         <kind>archive</kind>
         <file>2806xRevB_FastSpinROMSymbols_fpu32.lib</file>
         <name>TMS320x2806x_REVB_boot_rom_out__CTRL_setupCtrl_tmp.obj</name>
      </input_file>
      <input_file id="fl-3b">
         <path>C:\work\git\umclib\modules\fast\lib\32b\f28x\f2806x\</path>
         <kind>archive</kind>
         <file>2806xRevB_FastSpinROMSymbols_fpu32.lib</file>
         <name>TMS320x2806x_REVB_boot_rom_out__CTRL_setupEstIdleState_tmp.obj</name>
      </input_file>
      <input_file id="fl-3c">
         <path>C:\work\git\umclib\modules\fast\lib\32b\f28x\f2806x\</path>
         <kind>archive</kind>
         <file>2806xRevB_FastSpinROMSymbols_fpu32.lib</file>
         <name>TMS320x2806x_REVB_boot_rom_out__CTRL_setupEstOnLineState_tmp.obj</name>
      </input_file>
      <input_file id="fl-3d">
         <path>C:\work\git\umclib\modules\fast\lib\32b\f28x\f2806x\</path>
         <kind>archive</kind>
         <file>2806xRevB_FastSpinROMSymbols_fpu32.lib</file>
         <name>TMS320x2806x_REVB_boot_rom_out__CTRL_setupTraj_tmp.obj</name>
      </input_file>
      <input_file id="fl-3e">
         <path>C:\work\git\umclib\modules\fast\lib\32b\f28x\f2806x\</path>
         <kind>archive</kind>
         <file>2806xRevB_FastSpinROMSymbols_fpu32.lib</file>
         <name>TMS320x2806x_REVB_boot_rom_out__CTRL_setUserMotorParams_tmp.obj</name>
      </input_file>
      <input_file id="fl-3f">
         <path>C:\work\git\umclib\modules\fast\lib\32b\f28x\f2806x\</path>
         <kind>archive</kind>
         <file>2806xRevB_FastSpinROMSymbols_fpu32.lib</file>
         <name>TMS320x2806x_REVB_boot_rom_out__EST_doCurrentCtrl_tmp.obj</name>
      </input_file>
      <input_file id="fl-40">
         <path>C:\work\git\umclib\modules\fast\lib\32b\f28x\f2806x\</path>
         <kind>archive</kind>
         <file>2806xRevB_FastSpinROMSymbols_fpu32.lib</file>
         <name>TMS320x2806x_REVB_boot_rom_out__EST_doSpeedCtrl_tmp.obj</name>
      </input_file>
      <input_file id="fl-41">
         <path>C:\work\git\umclib\modules\fast\lib\32b\f28x\f2806x\</path>
         <kind>archive</kind>
         <file>2806xRevB_FastSpinROMSymbols_fpu32.lib</file>
         <name>TMS320x2806x_REVB_boot_rom_out__EST_get_krpm_to_pu_sf_tmp.obj</name>
      </input_file>
      <input_file id="fl-42">
         <path>C:\work\git\umclib\modules\fast\lib\32b\f28x\f2806x\</path>
         <kind>archive</kind>
         <file>2806xRevB_FastSpinROMSymbols_fpu32.lib</file>
         <name>TMS320x2806x_REVB_boot_rom_out__EST_getAngle_pu_tmp.obj</name>
      </input_file>
      <input_file id="fl-43">
         <path>C:\work\git\umclib\modules\fast\lib\32b\f28x\f2806x\</path>
         <kind>archive</kind>
         <file>2806xRevB_FastSpinROMSymbols_fpu32.lib</file>
         <name>TMS320x2806x_REVB_boot_rom_out__EST_getFlux_pu_tmp.obj</name>
      </input_file>
      <input_file id="fl-44">
         <path>C:\work\git\umclib\modules\fast\lib\32b\f28x\f2806x\</path>
         <kind>archive</kind>
         <file>2806xRevB_FastSpinROMSymbols_fpu32.lib</file>
         <name>TMS320x2806x_REVB_boot_rom_out__EST_getFm_pu_tmp.obj</name>
      </input_file>
      <input_file id="fl-45">
         <path>C:\work\git\umclib\modules\fast\lib\32b\f28x\f2806x\</path>
         <kind>archive</kind>
         <file>2806xRevB_FastSpinROMSymbols_fpu32.lib</file>
         <name>TMS320x2806x_REVB_boot_rom_out__EST_getLs_coarse_max_pu_tmp.obj</name>
      </input_file>
      <input_file id="fl-46">
         <path>C:\work\git\umclib\modules\fast\lib\32b\f28x\f2806x\</path>
         <kind>archive</kind>
         <file>2806xRevB_FastSpinROMSymbols_fpu32.lib</file>
         <name>TMS320x2806x_REVB_boot_rom_out__EST_getLs_d_H_tmp.obj</name>
      </input_file>
      <input_file id="fl-47">
         <path>C:\work\git\umclib\modules\fast\lib\32b\f28x\f2806x\</path>
         <kind>archive</kind>
         <file>2806xRevB_FastSpinROMSymbols_fpu32.lib</file>
         <name>TMS320x2806x_REVB_boot_rom_out__EST_getLs_d_pu_tmp.obj</name>
      </input_file>
      <input_file id="fl-48">
         <path>C:\work\git\umclib\modules\fast\lib\32b\f28x\f2806x\</path>
         <kind>archive</kind>
         <file>2806xRevB_FastSpinROMSymbols_fpu32.lib</file>
         <name>TMS320x2806x_REVB_boot_rom_out__EST_getLs_q_H_tmp.obj</name>
      </input_file>
      <input_file id="fl-49">
         <path>C:\work\git\umclib\modules\fast\lib\32b\f28x\f2806x\</path>
         <kind>archive</kind>
         <file>2806xRevB_FastSpinROMSymbols_fpu32.lib</file>
         <name>TMS320x2806x_REVB_boot_rom_out__EST_getLs_q_pu_tmp.obj</name>
      </input_file>
      <input_file id="fl-4a">
         <path>C:\work\git\umclib\modules\fast\lib\32b\f28x\f2806x\</path>
         <kind>archive</kind>
         <file>2806xRevB_FastSpinROMSymbols_fpu32.lib</file>
         <name>TMS320x2806x_REVB_boot_rom_out__EST_getOneOverDcBus_pu_tmp.obj</name>
      </input_file>
      <input_file id="fl-4b">
         <path>C:\work\git\umclib\modules\fast\lib\32b\f28x\f2806x\</path>
         <kind>archive</kind>
         <file>2806xRevB_FastSpinROMSymbols_fpu32.lib</file>
         <name>TMS320x2806x_REVB_boot_rom_out__EST_getRs_Ohm_tmp.obj</name>
      </input_file>
      <input_file id="fl-4c">
         <path>C:\work\git\umclib\modules\fast\lib\32b\f28x\f2806x\</path>
         <kind>archive</kind>
         <file>2806xRevB_FastSpinROMSymbols_fpu32.lib</file>
         <name>TMS320x2806x_REVB_boot_rom_out__EST_getState_tmp.obj</name>
      </input_file>
      <input_file id="fl-4d">
         <path>C:\work\git\umclib\modules\fast\lib\32b\f28x\f2806x\</path>
         <kind>archive</kind>
         <file>2806xRevB_FastSpinROMSymbols_fpu32.lib</file>
         <name>TMS320x2806x_REVB_boot_rom_out__EST_isError_tmp.obj</name>
      </input_file>
      <input_file id="fl-4e">
         <path>C:\work\git\umclib\modules\fast\lib\32b\f28x\f2806x\</path>
         <kind>archive</kind>
         <file>2806xRevB_FastSpinROMSymbols_fpu32.lib</file>
         <name>TMS320x2806x_REVB_boot_rom_out__EST_isIdle_tmp.obj</name>
      </input_file>
      <input_file id="fl-4f">
         <path>C:\work\git\umclib\modules\fast\lib\32b\f28x\f2806x\</path>
         <kind>archive</kind>
         <file>2806xRevB_FastSpinROMSymbols_fpu32.lib</file>
         <name>TMS320x2806x_REVB_boot_rom_out__EST_isLockRotor_tmp.obj</name>
      </input_file>
      <input_file id="fl-50">
         <path>C:\work\git\umclib\modules\fast\lib\32b\f28x\f2806x\</path>
         <kind>archive</kind>
         <file>2806xRevB_FastSpinROMSymbols_fpu32.lib</file>
         <name>TMS320x2806x_REVB_boot_rom_out__EST_isMotorIdentified_tmp.obj</name>
      </input_file>
      <input_file id="fl-51">
         <path>C:\work\git\umclib\modules\fast\lib\32b\f28x\f2806x\</path>
         <kind>archive</kind>
         <file>2806xRevB_FastSpinROMSymbols_fpu32.lib</file>
         <name>TMS320x2806x_REVB_boot_rom_out__EST_isOnLine_tmp.obj</name>
      </input_file>
      <input_file id="fl-52">
         <path>C:\work\git\umclib\modules\fast\lib\32b\f28x\f2806x\</path>
         <kind>archive</kind>
         <file>2806xRevB_FastSpinROMSymbols_fpu32.lib</file>
         <name>TMS320x2806x_REVB_boot_rom_out__EST_run_tmp.obj</name>
      </input_file>
      <input_file id="fl-53">
         <path>C:\work\git\umclib\modules\fast\lib\32b\f28x\f2806x\</path>
         <kind>archive</kind>
         <file>2806xRevB_FastSpinROMSymbols_fpu32.lib</file>
         <name>TMS320x2806x_REVB_boot_rom_out__EST_setId_ref_pu_tmp.obj</name>
      </input_file>
      <input_file id="fl-54">
         <path>C:\work\git\umclib\modules\fast\lib\32b\f28x\f2806x\</path>
         <kind>archive</kind>
         <file>2806xRevB_FastSpinROMSymbols_fpu32.lib</file>
         <name>TMS320x2806x_REVB_boot_rom_out__EST_setIdle_all_tmp.obj</name>
      </input_file>
      <input_file id="fl-55">
         <path>C:\work\git\umclib\modules\fast\lib\32b\f28x\f2806x\</path>
         <kind>archive</kind>
         <file>2806xRevB_FastSpinROMSymbols_fpu32.lib</file>
         <name>TMS320x2806x_REVB_boot_rom_out__EST_setIdle_tmp.obj</name>
      </input_file>
      <input_file id="fl-56">
         <path>C:\work\git\umclib\modules\fast\lib\32b\f28x\f2806x\</path>
         <kind>archive</kind>
         <file>2806xRevB_FastSpinROMSymbols_fpu32.lib</file>
         <name>TMS320x2806x_REVB_boot_rom_out__EST_setIq_ref_pu_tmp.obj</name>
      </input_file>
      <input_file id="fl-57">
         <path>C:\work\git\umclib\modules\fast\lib\32b\f28x\f2806x\</path>
         <kind>archive</kind>
         <file>2806xRevB_FastSpinROMSymbols_fpu32.lib</file>
         <name>TMS320x2806x_REVB_boot_rom_out__EST_setLs_d_pu_tmp.obj</name>
      </input_file>
      <input_file id="fl-58">
         <path>C:\work\git\umclib\modules\fast\lib\32b\f28x\f2806x\</path>
         <kind>archive</kind>
         <file>2806xRevB_FastSpinROMSymbols_fpu32.lib</file>
         <name>TMS320x2806x_REVB_boot_rom_out__EST_setLs_q_pu_tmp.obj</name>
      </input_file>
      <input_file id="fl-59">
         <path>C:\work\git\umclib\modules\fast\lib\32b\f28x\f2806x\</path>
         <kind>archive</kind>
         <file>2806xRevB_FastSpinROMSymbols_fpu32.lib</file>
         <name>TMS320x2806x_REVB_boot_rom_out__EST_setLs_qFmt_tmp.obj</name>
      </input_file>
      <input_file id="fl-5a">
         <path>C:\work\git\umclib\modules\fast\lib\32b\f28x\f2806x\</path>
         <kind>archive</kind>
         <file>2806xRevB_FastSpinROMSymbols_fpu32.lib</file>
         <name>TMS320x2806x_REVB_boot_rom_out__EST_setRs_pu_tmp.obj</name>
      </input_file>
      <input_file id="fl-5b">
         <path>C:\work\git\umclib\modules\fast\lib\32b\f28x\f2806x\</path>
         <kind>archive</kind>
         <file>2806xRevB_FastSpinROMSymbols_fpu32.lib</file>
         <name>TMS320x2806x_REVB_boot_rom_out__EST_updateId_ref_pu_tmp.obj</name>
      </input_file>
      <input_file id="fl-5c">
         <path>C:\work\git\umclib\modules\fast\lib\32b\f28x\f2806x\</path>
         <kind>archive</kind>
         <file>2806xRevB_FastSpinROMSymbols_fpu32.lib</file>
         <name>TMS320x2806x_REVB_boot_rom_out__EST_updateState_tmp.obj</name>
      </input_file>
      <input_file id="fl-5d">
         <path>C:\work\git\umclib\modules\fast\lib\32b\f28x\f2806x\</path>
         <kind>archive</kind>
         <file>2806xRevB_FastSpinROMSymbols_fpu32.lib</file>
         <name>TMS320x2806x_REVB_boot_rom_out__EST_useZeroIq_ref_tmp.obj</name>
      </input_file>
      <input_file id="fl-5e">
         <path>C:\work\git\umclib\modules\iqmath\lib\f28x\float\</path>
         <kind>archive</kind>
         <file>IQmath_fpu32.lib</file>
         <name>IQ24cosPU.obj</name>
      </input_file>
      <input_file id="fl-5f">
         <path>C:\work\git\umclib\modules\iqmath\lib\f28x\float\</path>
         <kind>archive</kind>
         <file>IQmath_fpu32.lib</file>
         <name>IQ24sinPU.obj</name>
      </input_file>
      <input_file id="fl-60">
         <path>C:\work\git\umclib\modules\iqmath\lib\f28x\float\</path>
         <kind>archive</kind>
         <file>IQmath_fpu32.lib</file>
         <name>IQ24sqrt.obj</name>
      </input_file>
      <input_file id="fl-61">
         <path>C:\work\git\umclib\modules\iqmath\lib\f28x\float\</path>
         <kind>archive</kind>
         <file>IQmath_fpu32.lib</file>
         <name>IQ30toF.obj</name>
      </input_file>
      <input_file id="fl-62">
         <path>C:\work\git\umclib\modules\iqmath\lib\f28x\float\</path>
         <kind>archive</kind>
         <file>IQmath_fpu32.lib</file>
         <name>IQmathTables.obj</name>
      </input_file>
   </input_file_list>
   <object_component_list>
      <object_component id="oc-15">
         <name>codestart</name>
         <load_address>0x0</load_address>
         <run_address>0x0</run_address>
         <size>0x2</size>
         <input_file_ref idref="fl-5"/>
      </object_component>
      <object_component id="oc-133">
         <name>ramfuncs</name>
         <load_address>0x107</load_address>
         <run_address>0x107</run_address>
         <size>0x32</size>
         <input_file_ref idref="fl-d"/>
      </object_component>
      <object_component id="oc-a5">
         <name>ramfuncs</name>
         <load_address>0x139</load_address>
         <run_address>0x139</run_address>
         <size>0x4</size>
         <input_file_ref idref="fl-20"/>
      </object_component>
      <object_component id="oc-129">
         <name>.text</name>
         <load_address>0x8000</load_address>
         <run_address>0x8000</run_address>
         <size>0xcc0</size>
         <input_file_ref idref="fl-f"/>
      </object_component>
      <object_component id="oc-140">
         <name>.text</name>
         <load_address>0x8cc0</load_address>
         <run_address>0x8cc0</run_address>
         <size>0x9dd</size>
         <input_file_ref idref="fl-a"/>
      </object_component>
      <object_component id="oc-12a">
         <name>.text</name>
         <load_address>0x969d</load_address>
         <run_address>0x969d</run_address>
         <size>0x568</size>
         <input_file_ref idref="fl-21"/>
      </object_component>
      <object_component id="oc-12f">
         <name>.text</name>
         <load_address>0x9c05</load_address>
         <run_address>0x9c05</run_address>
         <size>0x2f7</size>
         <input_file_ref idref="fl-19"/>
      </object_component>
      <object_component id="oc-125">
         <name>.text</name>
         <load_address>0x9efc</load_address>
         <run_address>0x9efc</run_address>
         <size>0x210</size>
         <input_file_ref idref="fl-b"/>
      </object_component>
      <object_component id="oc-134">
         <name>.text</name>
         <load_address>0xa10c</load_address>
         <run_address>0xa10c</run_address>
         <size>0x1fa</size>
         <input_file_ref idref="fl-6"/>
      </object_component>
      <object_component id="oc-59">
         <name>.text:retain</name>
         <load_address>0xa306</load_address>
         <run_address>0xa306</run_address>
         <size>0x1a2</size>
         <input_file_ref idref="fl-11"/>
      </object_component>
      <object_component id="oc-124">
         <name>.text</name>
         <load_address>0xa4a8</load_address>
         <run_address>0xa4a8</run_address>
         <size>0x19d</size>
         <input_file_ref idref="fl-e"/>
      </object_component>
      <object_component id="oc-130">
         <name>.text</name>
         <load_address>0xa645</load_address>
         <run_address>0xa645</run_address>
         <size>0x18b</size>
         <input_file_ref idref="fl-8"/>
      </object_component>
      <object_component id="oc-132">
         <name>.text</name>
         <load_address>0xa7d0</load_address>
         <run_address>0xa7d0</run_address>
         <size>0x109</size>
         <input_file_ref idref="fl-17"/>
      </object_component>
      <object_component id="oc-12e">
         <name>.text</name>
         <load_address>0xa8d9</load_address>
         <run_address>0xa8d9</run_address>
         <size>0xf5</size>
         <input_file_ref idref="fl-1c"/>
      </object_component>
      <object_component id="oc-d6">
         <name>.text</name>
         <load_address>0xa9ce</load_address>
         <run_address>0xa9ce</run_address>
         <size>0x88</size>
         <input_file_ref idref="fl-2c"/>
      </object_component>
      <object_component id="oc-cc">
         <name>.text</name>
         <load_address>0xaa56</load_address>
         <run_address>0xaa56</run_address>
         <size>0x83</size>
         <input_file_ref idref="fl-2a"/>
      </object_component>
      <object_component id="oc-145">
         <name>.text</name>
         <load_address>0xaad9</load_address>
         <run_address>0xaad9</run_address>
         <size>0x68</size>
         <input_file_ref idref="fl-34"/>
      </object_component>
      <object_component id="oc-126">
         <name>.text</name>
         <load_address>0xab41</load_address>
         <run_address>0xab41</run_address>
         <size>0x66</size>
         <input_file_ref idref="fl-11"/>
      </object_component>
      <object_component id="oc-13c">
         <name>.text</name>
         <load_address>0xaba7</load_address>
         <run_address>0xaba7</run_address>
         <size>0x62</size>
         <input_file_ref idref="fl-2e"/>
      </object_component>
      <object_component id="oc-131">
         <name>.text</name>
         <load_address>0xac09</load_address>
         <run_address>0xac09</run_address>
         <size>0x5c</size>
         <input_file_ref idref="fl-18"/>
      </object_component>
      <object_component id="oc-13e">
         <name>.text</name>
         <load_address>0xac65</load_address>
         <run_address>0xac65</run_address>
         <size>0x5b</size>
         <input_file_ref idref="fl-30"/>
      </object_component>
      <object_component id="oc-144">
         <name>.text</name>
         <load_address>0xacc0</load_address>
         <run_address>0xacc0</run_address>
         <size>0x50</size>
         <input_file_ref idref="fl-32"/>
      </object_component>
      <object_component id="oc-136">
         <name>.text</name>
         <load_address>0xad10</load_address>
         <run_address>0xad10</run_address>
         <size>0x48</size>
         <input_file_ref idref="fl-13"/>
      </object_component>
      <object_component id="oc-138">
         <name>.text</name>
         <load_address>0xad58</load_address>
         <run_address>0xad58</run_address>
         <size>0x47</size>
         <input_file_ref idref="fl-22"/>
      </object_component>
      <object_component id="oc-13">
         <name>.text</name>
         <load_address>0xad9f</load_address>
         <run_address>0xad9f</run_address>
         <size>0x46</size>
         <input_file_ref idref="fl-24"/>
      </object_component>
      <object_component id="oc-13a">
         <name>.text</name>
         <load_address>0xade5</load_address>
         <run_address>0xade5</run_address>
         <size>0x45</size>
         <input_file_ref idref="fl-1a"/>
      </object_component>
      <object_component id="oc-146">
         <name>.text</name>
         <load_address>0xae2a</load_address>
         <run_address>0xae2a</run_address>
         <size>0x34</size>
         <input_file_ref idref="fl-37"/>
      </object_component>
      <object_component id="oc-12d">
         <name>.text</name>
         <load_address>0xae5e</load_address>
         <run_address>0xae5e</run_address>
         <size>0x33</size>
         <input_file_ref idref="fl-1e"/>
      </object_component>
      <object_component id="oc-135">
         <name>.text</name>
         <load_address>0xae91</load_address>
         <run_address>0xae91</run_address>
         <size>0x2e</size>
         <input_file_ref idref="fl-14"/>
      </object_component>
      <object_component id="oc-142">
         <name>.text</name>
         <load_address>0xaebf</load_address>
         <run_address>0xaebf</run_address>
         <size>0x26</size>
         <input_file_ref idref="fl-c"/>
      </object_component>
      <object_component id="oc-137">
         <name>.text</name>
         <load_address>0xaee5</load_address>
         <run_address>0xaee5</run_address>
         <size>0x25</size>
         <input_file_ref idref="fl-9"/>
      </object_component>
      <object_component id="oc-13f">
         <name>.text</name>
         <load_address>0xaf0a</load_address>
         <run_address>0xaf0a</run_address>
         <size>0x24</size>
         <input_file_ref idref="fl-31"/>
      </object_component>
      <object_component id="oc-107">
         <name>.text</name>
         <load_address>0xaf2e</load_address>
         <run_address>0xaf2e</run_address>
         <size>0x22</size>
         <input_file_ref idref="fl-36"/>
      </object_component>
      <object_component id="oc-139">
         <name>.text</name>
         <load_address>0xaf50</load_address>
         <run_address>0xaf50</run_address>
         <size>0x21</size>
         <input_file_ref idref="fl-d"/>
      </object_component>
      <object_component id="oc-d1">
         <name>.text</name>
         <load_address>0xaf71</load_address>
         <run_address>0xaf71</run_address>
         <size>0x1f</size>
         <input_file_ref idref="fl-2b"/>
      </object_component>
      <object_component id="oc-db">
         <name>.text</name>
         <load_address>0xaf90</load_address>
         <run_address>0xaf90</run_address>
         <size>0x1c</size>
         <input_file_ref idref="fl-2d"/>
      </object_component>
      <object_component id="oc-13d">
         <name>.text</name>
         <load_address>0xafac</load_address>
         <run_address>0xafac</run_address>
         <size>0x1c</size>
         <input_file_ref idref="fl-2f"/>
      </object_component>
      <object_component id="oc-122">
         <name>.text</name>
         <load_address>0xafc8</load_address>
         <run_address>0xafc8</run_address>
         <size>0x19</size>
         <input_file_ref idref="fl-29"/>
      </object_component>
      <object_component id="oc-123">
         <name>.text</name>
         <load_address>0xafe1</load_address>
         <run_address>0xafe1</run_address>
         <size>0x19</size>
         <input_file_ref idref="fl-27"/>
      </object_component>
      <object_component id="oc-143">
         <name>.text</name>
         <load_address>0xaffa</load_address>
         <run_address>0xaffa</run_address>
         <size>0x16</size>
         <input_file_ref idref="fl-35"/>
      </object_component>
      <object_component id="oc-78">
         <name>.text:retain</name>
         <load_address>0xb010</load_address>
         <run_address>0xb010</run_address>
         <size>0xa</size>
         <input_file_ref idref="fl-17"/>
      </object_component>
      <object_component id="oc-12b">
         <name>.text</name>
         <load_address>0xb01a</load_address>
         <run_address>0xb01a</run_address>
         <size>0x9</size>
         <input_file_ref idref="fl-28"/>
      </object_component>
      <object_component id="oc-14">
         <name>.text</name>
         <load_address>0xb023</load_address>
         <run_address>0xb023</run_address>
         <size>0x8</size>
         <input_file_ref idref="fl-5"/>
      </object_component>
      <object_component id="oc-13b">
         <name>.text</name>
         <load_address>0xb02b</load_address>
         <run_address>0xb02b</run_address>
         <size>0x7</size>
         <input_file_ref idref="fl-1b"/>
      </object_component>
      <object_component id="oc-57">
         <name>.cinit</name>
         <load_address>0x50</load_address>
         <run_address>0x50</run_address>
         <size>0x9d</size>
         <input_file_ref idref="fl-11"/>
      </object_component>
      <object_component id="oc-bc">
         <name>.cinit</name>
         <load_address>0xed</load_address>
         <run_address>0xed</run_address>
         <size>0xa</size>
         <input_file_ref idref="fl-27"/>
      </object_component>
      <object_component id="oc-128">
         <name>.cinit:__lock</name>
         <load_address>0xf7</load_address>
         <run_address>0xf7</run_address>
         <size>0x5</size>
         <input_file_ref idref="fl-28"/>
      </object_component>
      <object_component id="oc-12c">
         <name>.cinit:__unlock</name>
         <load_address>0xfc</load_address>
         <run_address>0xfc</run_address>
         <size>0x5</size>
         <input_file_ref idref="fl-28"/>
      </object_component>
      <object_component id="oc-fa">
         <name>.cinit</name>
         <load_address>0x101</load_address>
         <run_address>0x101</run_address>
         <size>0x4</size>
         <input_file_ref idref="fl-33"/>
      </object_component>
      <object_component id="oc-b6">
         <name>.reset</name>
         <load_address>0x3fffc0</load_address>
         <run_address>0x3fffc0</run_address>
         <size>0x2</size>
         <input_file_ref idref="fl-24"/>
      </object_component>
      <object_component id="oc-b5">
         <name>.stack</name>
         <uninitialized>true</uninitialized>
         <run_address>0x400</run_address>
         <size>0x0</size>
         <input_file_ref idref="fl-24"/>
      </object_component>
      <object_component id="oc-162">
         <name>.stack</name>
         <uninitialized>true</uninitialized>
         <run_address>0x400</run_address>
         <size>0x0</size>
      </object_component>
      <object_component id="oc-2a">
         <name>.ebss</name>
         <uninitialized>true</uninitialized>
         <run_address>0xb03a</run_address>
         <size>0x1</size>
         <input_file_ref idref="fl-9"/>
      </object_component>
      <object_component id="oc-36">
         <name>.ebss</name>
         <uninitialized>true</uninitialized>
         <run_address>0xb280</run_address>
         <size>0x40</size>
         <input_file_ref idref="fl-b"/>
      </object_component>
      <object_component id="oc-4b">
         <name>.ebss</name>
         <uninitialized>true</uninitialized>
         <run_address>0xb1c0</run_address>
         <size>0xa2</size>
         <input_file_ref idref="fl-f"/>
      </object_component>
      <object_component id="oc-58">
         <name>.ebss</name>
         <uninitialized>true</uninitialized>
         <run_address>0xb040</run_address>
         <size>0x16c</size>
         <input_file_ref idref="fl-11"/>
      </object_component>
      <object_component id="oc-bd">
         <name>.ebss</name>
         <uninitialized>true</uninitialized>
         <run_address>0xb032</run_address>
         <size>0x4</size>
         <input_file_ref idref="fl-27"/>
      </object_component>
      <object_component id="oc-141">
         <name>.ebss:__unlock</name>
         <uninitialized>true</uninitialized>
         <run_address>0xb038</run_address>
         <size>0x2</size>
         <input_file_ref idref="fl-28"/>
      </object_component>
      <object_component id="oc-127">
         <name>.ebss:__lock</name>
         <uninitialized>true</uninitialized>
         <run_address>0xb036</run_address>
         <size>0x2</size>
         <input_file_ref idref="fl-28"/>
      </object_component>
      <object_component id="oc-fb">
         <name>.ebss</name>
         <uninitialized>true</uninitialized>
         <run_address>0xb03b</run_address>
         <size>0x1</size>
         <input_file_ref idref="fl-33"/>
      </object_component>
      <object_component id="oc-30">
         <name>.econst</name>
         <load_address>0xb368</load_address>
         <run_address>0xb368</run_address>
         <size>0x1c</size>
         <input_file_ref idref="fl-a"/>
      </object_component>
      <object_component id="oc-ab">
         <name>.econst</name>
         <load_address>0xb384</load_address>
         <run_address>0xb384</run_address>
         <size>0x8</size>
         <input_file_ref idref="fl-21"/>
      </object_component>
      <object_component id="oc-4c">
         <name>.econst</name>
         <load_address>0xb38c</load_address>
         <run_address>0xb38c</run_address>
         <size>0x4</size>
         <input_file_ref idref="fl-f"/>
      </object_component>
      <object_component id="oc-119">
         <name>IQmath</name>
         <load_address>0xb2c0</load_address>
         <run_address>0xb2c0</run_address>
         <size>0x42</size>
         <input_file_ref idref="fl-60"/>
      </object_component>
      <object_component id="oc-115">
         <name>IQmath</name>
         <load_address>0xb302</load_address>
         <run_address>0xb302</run_address>
         <size>0x29</size>
         <input_file_ref idref="fl-5f"/>
      </object_component>
      <object_component id="oc-111">
         <name>IQmath</name>
         <load_address>0xb32b</load_address>
         <run_address>0xb32b</run_address>
         <size>0x27</size>
         <input_file_ref idref="fl-5e"/>
      </object_component>
      <object_component id="oc-11d">
         <name>IQmath</name>
         <load_address>0xb352</load_address>
         <run_address>0xb352</run_address>
         <size>0x16</size>
         <input_file_ref idref="fl-61"/>
      </object_component>
      <object_component id="oc-121">
         <name>IQmathTables</name>
         <load_address>0x3fdc30</load_address>
         <run_address>0x3fdc30</run_address>
         <size>0xb50</size>
         <input_file_ref idref="fl-62"/>
      </object_component>
      <object_component id="oc-16">
         <name>.debug_info</name>
         <load_address>0x0</load_address>
         <run_address>0x0</run_address>
         <size>0x195</size>
         <input_file_ref idref="fl-5"/>
      </object_component>
      <object_component id="oc-1a">
         <name>.debug_info</name>
         <load_address>0x195</load_address>
         <run_address>0x195</run_address>
         <size>0x3e90</size>
         <input_file_ref idref="fl-6"/>
      </object_component>
      <object_component id="oc-1f">
         <name>.debug_info</name>
         <load_address>0x4025</load_address>
         <run_address>0x4025</run_address>
         <size>0x440</size>
         <input_file_ref idref="fl-7"/>
      </object_component>
      <object_component id="oc-24">
         <name>.debug_info</name>
         <load_address>0x4465</load_address>
         <run_address>0x4465</run_address>
         <size>0x40d1</size>
         <input_file_ref idref="fl-8"/>
      </object_component>
      <object_component id="oc-29">
         <name>.debug_info</name>
         <load_address>0x8536</load_address>
         <run_address>0x8536</run_address>
         <size>0xec8</size>
         <input_file_ref idref="fl-9"/>
      </object_component>
      <object_component id="oc-2f">
         <name>.debug_info</name>
         <load_address>0x93fe</load_address>
         <run_address>0x93fe</run_address>
         <size>0x935d</size>
         <input_file_ref idref="fl-a"/>
      </object_component>
      <object_component id="oc-35">
         <name>.debug_info</name>
         <load_address>0x1275b</load_address>
         <run_address>0x1275b</run_address>
         <size>0x2a05</size>
         <input_file_ref idref="fl-b"/>
      </object_component>
      <object_component id="oc-3b">
         <name>.debug_info</name>
         <load_address>0x15160</load_address>
         <run_address>0x15160</run_address>
         <size>0xbf1</size>
         <input_file_ref idref="fl-c"/>
      </object_component>
      <object_component id="oc-40">
         <name>.debug_info</name>
         <load_address>0x15d51</load_address>
         <run_address>0x15d51</run_address>
         <size>0x1de5</size>
         <input_file_ref idref="fl-d"/>
      </object_component>
      <object_component id="oc-45">
         <name>.debug_info</name>
         <load_address>0x17b36</load_address>
         <run_address>0x17b36</run_address>
         <size>0x34df</size>
         <input_file_ref idref="fl-e"/>
      </object_component>
      <object_component id="oc-4a">
         <name>.debug_info</name>
         <load_address>0x1b015</load_address>
         <run_address>0x1b015</run_address>
         <size>0x1109d</size>
         <input_file_ref idref="fl-f"/>
      </object_component>
      <object_component id="oc-51">
         <name>.debug_info</name>
         <load_address>0x2c0b2</load_address>
         <run_address>0x2c0b2</run_address>
         <size>0x3ef</size>
         <input_file_ref idref="fl-10"/>
      </object_component>
      <object_component id="oc-56">
         <name>.debug_info</name>
         <load_address>0x2c4a1</load_address>
         <run_address>0x2c4a1</run_address>
         <size>0x6cfe</size>
         <input_file_ref idref="fl-11"/>
      </object_component>
      <object_component id="oc-5e">
         <name>.debug_info</name>
         <load_address>0x3319f</load_address>
         <run_address>0x3319f</run_address>
         <size>0x38f</size>
         <input_file_ref idref="fl-12"/>
      </object_component>
      <object_component id="oc-63">
         <name>.debug_info</name>
         <load_address>0x3352e</load_address>
         <run_address>0x3352e</run_address>
         <size>0xbe0</size>
         <input_file_ref idref="fl-13"/>
      </object_component>
      <object_component id="oc-68">
         <name>.debug_info</name>
         <load_address>0x3410e</load_address>
         <run_address>0x3410e</run_address>
         <size>0x99e</size>
         <input_file_ref idref="fl-14"/>
      </object_component>
      <object_component id="oc-6d">
         <name>.debug_info</name>
         <load_address>0x34aac</load_address>
         <run_address>0x34aac</run_address>
         <size>0x3eb</size>
         <input_file_ref idref="fl-15"/>
      </object_component>
      <object_component id="oc-72">
         <name>.debug_info</name>
         <load_address>0x34e97</load_address>
         <run_address>0x34e97</run_address>
         <size>0x47f</size>
         <input_file_ref idref="fl-16"/>
      </object_component>
      <object_component id="oc-77">
         <name>.debug_info</name>
         <load_address>0x35316</load_address>
         <run_address>0x35316</run_address>
         <size>0x42e4</size>
         <input_file_ref idref="fl-17"/>
      </object_component>
      <object_component id="oc-7d">
         <name>.debug_info</name>
         <load_address>0x395fa</load_address>
         <run_address>0x395fa</run_address>
         <size>0x17bb</size>
         <input_file_ref idref="fl-18"/>
      </object_component>
      <object_component id="oc-82">
         <name>.debug_info</name>
         <load_address>0x3adb5</load_address>
         <run_address>0x3adb5</run_address>
         <size>0x9d42</size>
         <input_file_ref idref="fl-19"/>
      </object_component>
      <object_component id="oc-87">
         <name>.debug_info</name>
         <load_address>0x44af7</load_address>
         <run_address>0x44af7</run_address>
         <size>0x128d</size>
         <input_file_ref idref="fl-1a"/>
      </object_component>
      <object_component id="oc-8c">
         <name>.debug_info</name>
         <load_address>0x45d84</load_address>
         <run_address>0x45d84</run_address>
         <size>0x716</size>
         <input_file_ref idref="fl-1b"/>
      </object_component>
      <object_component id="oc-91">
         <name>.debug_info</name>
         <load_address>0x4649a</load_address>
         <run_address>0x4649a</run_address>
         <size>0x3d12</size>
         <input_file_ref idref="fl-1c"/>
      </object_component>
      <object_component id="oc-96">
         <name>.debug_info</name>
         <load_address>0x4a1ac</load_address>
         <run_address>0x4a1ac</run_address>
         <size>0x3e9</size>
         <input_file_ref idref="fl-1d"/>
      </object_component>
      <object_component id="oc-9b">
         <name>.debug_info</name>
         <load_address>0x4a595</load_address>
         <run_address>0x4a595</run_address>
         <size>0xdf1</size>
         <input_file_ref idref="fl-1e"/>
      </object_component>
      <object_component id="oc-a0">
         <name>.debug_info</name>
         <load_address>0x4b386</load_address>
         <run_address>0x4b386</run_address>
         <size>0x451</size>
         <input_file_ref idref="fl-1f"/>
      </object_component>
      <object_component id="oc-a6">
         <name>.debug_info</name>
         <load_address>0x4b7d7</load_address>
         <run_address>0x4b7d7</run_address>
         <size>0x130</size>
         <input_file_ref idref="fl-20"/>
      </object_component>
      <object_component id="oc-aa">
         <name>.debug_info</name>
         <load_address>0x4b907</load_address>
         <run_address>0x4b907</run_address>
         <size>0x474c</size>
         <input_file_ref idref="fl-21"/>
      </object_component>
      <object_component id="oc-b0">
         <name>.debug_info</name>
         <load_address>0x50053</load_address>
         <run_address>0x50053</run_address>
         <size>0x1125</size>
         <input_file_ref idref="fl-22"/>
      </object_component>
      <object_component id="oc-b7">
         <name>.debug_info</name>
         <load_address>0x51178</load_address>
         <run_address>0x51178</run_address>
         <size>0x145</size>
         <input_file_ref idref="fl-24"/>
      </object_component>
      <object_component id="oc-bb">
         <name>.debug_info</name>
         <load_address>0x512bd</load_address>
         <run_address>0x512bd</run_address>
         <size>0x4ee</size>
         <input_file_ref idref="fl-27"/>
      </object_component>
      <object_component id="oc-c2">
         <name>.debug_info</name>
         <load_address>0x517ab</load_address>
         <run_address>0x517ab</run_address>
         <size>0x518</size>
         <input_file_ref idref="fl-28"/>
      </object_component>
      <object_component id="oc-c7">
         <name>.debug_info</name>
         <load_address>0x51cc3</load_address>
         <run_address>0x51cc3</run_address>
         <size>0x4e5</size>
         <input_file_ref idref="fl-29"/>
      </object_component>
      <object_component id="oc-cd">
         <name>.debug_info</name>
         <load_address>0x521a8</load_address>
         <run_address>0x521a8</run_address>
         <size>0x127</size>
         <input_file_ref idref="fl-2a"/>
      </object_component>
      <object_component id="oc-d2">
         <name>.debug_info</name>
         <load_address>0x522cf</load_address>
         <run_address>0x522cf</run_address>
         <size>0x127</size>
         <input_file_ref idref="fl-2b"/>
      </object_component>
      <object_component id="oc-d7">
         <name>.debug_info</name>
         <load_address>0x523f6</load_address>
         <run_address>0x523f6</run_address>
         <size>0x127</size>
         <input_file_ref idref="fl-2c"/>
      </object_component>
      <object_component id="oc-dc">
         <name>.debug_info</name>
         <load_address>0x5251d</load_address>
         <run_address>0x5251d</run_address>
         <size>0x12d</size>
         <input_file_ref idref="fl-2d"/>
      </object_component>
      <object_component id="oc-e0">
         <name>.debug_info</name>
         <load_address>0x5264a</load_address>
         <run_address>0x5264a</run_address>
         <size>0x481</size>
         <input_file_ref idref="fl-2e"/>
      </object_component>
      <object_component id="oc-e5">
         <name>.debug_info</name>
         <load_address>0x52acb</load_address>
         <run_address>0x52acb</run_address>
         <size>0x43d</size>
         <input_file_ref idref="fl-2f"/>
      </object_component>
      <object_component id="oc-ea">
         <name>.debug_info</name>
         <load_address>0x52f08</load_address>
         <run_address>0x52f08</run_address>
         <size>0x49a</size>
         <input_file_ref idref="fl-30"/>
      </object_component>
      <object_component id="oc-ef">
         <name>.debug_info</name>
         <load_address>0x533a2</load_address>
         <run_address>0x533a2</run_address>
         <size>0x446</size>
         <input_file_ref idref="fl-31"/>
      </object_component>
      <object_component id="oc-f4">
         <name>.debug_info</name>
         <load_address>0x537e8</load_address>
         <run_address>0x537e8</run_address>
         <size>0x45b</size>
         <input_file_ref idref="fl-32"/>
      </object_component>
      <object_component id="oc-f9">
         <name>.debug_info</name>
         <load_address>0x53c43</load_address>
         <run_address>0x53c43</run_address>
         <size>0x1d2</size>
         <input_file_ref idref="fl-33"/>
      </object_component>
      <object_component id="oc-fd">
         <name>.debug_info</name>
         <load_address>0x53e15</load_address>
         <run_address>0x53e15</run_address>
         <size>0x452</size>
         <input_file_ref idref="fl-34"/>
      </object_component>
      <object_component id="oc-102">
         <name>.debug_info</name>
         <load_address>0x54267</load_address>
         <run_address>0x54267</run_address>
         <size>0x434</size>
         <input_file_ref idref="fl-35"/>
      </object_component>
      <object_component id="oc-108">
         <name>.debug_info</name>
         <load_address>0x5469b</load_address>
         <run_address>0x5469b</run_address>
         <size>0x154</size>
         <input_file_ref idref="fl-36"/>
      </object_component>
      <object_component id="oc-10c">
         <name>.debug_info</name>
         <load_address>0x547ef</load_address>
         <run_address>0x547ef</run_address>
         <size>0x444</size>
         <input_file_ref idref="fl-37"/>
      </object_component>
      <object_component id="oc-112">
         <name>.debug_info</name>
         <load_address>0x54c33</load_address>
         <run_address>0x54c33</run_address>
         <size>0xae</size>
         <input_file_ref idref="fl-5e"/>
      </object_component>
      <object_component id="oc-116">
         <name>.debug_info</name>
         <load_address>0x54ce1</load_address>
         <run_address>0x54ce1</run_address>
         <size>0xae</size>
         <input_file_ref idref="fl-5f"/>
      </object_component>
      <object_component id="oc-11a">
         <name>.debug_info</name>
         <load_address>0x54d8f</load_address>
         <run_address>0x54d8f</run_address>
         <size>0xac</size>
         <input_file_ref idref="fl-60"/>
      </object_component>
      <object_component id="oc-11e">
         <name>.debug_info</name>
         <load_address>0x54e3b</load_address>
         <run_address>0x54e3b</run_address>
         <size>0xb5</size>
         <input_file_ref idref="fl-61"/>
      </object_component>
      <object_component id="oc-163">
         <name>.debug_info</name>
         <load_address>0x54ef0</load_address>
         <run_address>0x54ef0</run_address>
         <size>0xa1</size>
      </object_component>
      <object_component id="oc-17">
         <name>.debug_line</name>
         <load_address>0x0</load_address>
         <run_address>0x0</run_address>
         <size>0x8b</size>
         <input_file_ref idref="fl-5"/>
      </object_component>
      <object_component id="oc-1c">
         <name>.debug_line</name>
         <load_address>0x8b</load_address>
         <run_address>0x8b</run_address>
         <size>0x360</size>
         <input_file_ref idref="fl-6"/>
      </object_component>
      <object_component id="oc-21">
         <name>.debug_line</name>
         <load_address>0x3eb</load_address>
         <run_address>0x3eb</run_address>
         <size>0x53</size>
         <input_file_ref idref="fl-7"/>
      </object_component>
      <object_component id="oc-26">
         <name>.debug_line</name>
         <load_address>0x43e</load_address>
         <run_address>0x43e</run_address>
         <size>0x571</size>
         <input_file_ref idref="fl-8"/>
      </object_component>
      <object_component id="oc-2c">
         <name>.debug_line</name>
         <load_address>0x9af</load_address>
         <run_address>0x9af</run_address>
         <size>0x138</size>
         <input_file_ref idref="fl-9"/>
      </object_component>
      <object_component id="oc-32">
         <name>.debug_line</name>
         <load_address>0xae7</load_address>
         <run_address>0xae7</run_address>
         <size>0x166a</size>
         <input_file_ref idref="fl-a"/>
      </object_component>
      <object_component id="oc-38">
         <name>.debug_line</name>
         <load_address>0x2151</load_address>
         <run_address>0x2151</run_address>
         <size>0x3ff</size>
         <input_file_ref idref="fl-b"/>
      </object_component>
      <object_component id="oc-3d">
         <name>.debug_line</name>
         <load_address>0x2550</load_address>
         <run_address>0x2550</run_address>
         <size>0xfb</size>
         <input_file_ref idref="fl-c"/>
      </object_component>
      <object_component id="oc-42">
         <name>.debug_line</name>
         <load_address>0x264b</load_address>
         <run_address>0x264b</run_address>
         <size>0x1c0</size>
         <input_file_ref idref="fl-d"/>
      </object_component>
      <object_component id="oc-47">
         <name>.debug_line</name>
         <load_address>0x280b</load_address>
         <run_address>0x280b</run_address>
         <size>0x29e</size>
         <input_file_ref idref="fl-e"/>
      </object_component>
      <object_component id="oc-4e">
         <name>.debug_line</name>
         <load_address>0x2aa9</load_address>
         <run_address>0x2aa9</run_address>
         <size>0xedf</size>
         <input_file_ref idref="fl-f"/>
      </object_component>
      <object_component id="oc-53">
         <name>.debug_line</name>
         <load_address>0x3988</load_address>
         <run_address>0x3988</run_address>
         <size>0x51</size>
         <input_file_ref idref="fl-10"/>
      </object_component>
      <object_component id="oc-5b">
         <name>.debug_line</name>
         <load_address>0x39d9</load_address>
         <run_address>0x39d9</run_address>
         <size>0x434</size>
         <input_file_ref idref="fl-11"/>
      </object_component>
      <object_component id="oc-60">
         <name>.debug_line</name>
         <load_address>0x3e0d</load_address>
         <run_address>0x3e0d</run_address>
         <size>0x51</size>
         <input_file_ref idref="fl-12"/>
      </object_component>
      <object_component id="oc-65">
         <name>.debug_line</name>
         <load_address>0x3e5e</load_address>
         <run_address>0x3e5e</run_address>
         <size>0xdc</size>
         <input_file_ref idref="fl-13"/>
      </object_component>
      <object_component id="oc-6a">
         <name>.debug_line</name>
         <load_address>0x3f3a</load_address>
         <run_address>0x3f3a</run_address>
         <size>0xc2</size>
         <input_file_ref idref="fl-14"/>
      </object_component>
      <object_component id="oc-6f">
         <name>.debug_line</name>
         <load_address>0x3ffc</load_address>
         <run_address>0x3ffc</run_address>
         <size>0x4f</size>
         <input_file_ref idref="fl-15"/>
      </object_component>
      <object_component id="oc-74">
         <name>.debug_line</name>
         <load_address>0x404b</load_address>
         <run_address>0x404b</run_address>
         <size>0x7d</size>
         <input_file_ref idref="fl-16"/>
      </object_component>
      <object_component id="oc-7a">
         <name>.debug_line</name>
         <load_address>0x40c8</load_address>
         <run_address>0x40c8</run_address>
         <size>0x326</size>
         <input_file_ref idref="fl-17"/>
      </object_component>
      <object_component id="oc-7f">
         <name>.debug_line</name>
         <load_address>0x43ee</load_address>
         <run_address>0x43ee</run_address>
         <size>0x1cf</size>
         <input_file_ref idref="fl-18"/>
      </object_component>
      <object_component id="oc-84">
         <name>.debug_line</name>
         <load_address>0x45bd</load_address>
         <run_address>0x45bd</run_address>
         <size>0xa38</size>
         <input_file_ref idref="fl-19"/>
      </object_component>
      <object_component id="oc-89">
         <name>.debug_line</name>
         <load_address>0x4ff5</load_address>
         <run_address>0x4ff5</run_address>
         <size>0xf8</size>
         <input_file_ref idref="fl-1a"/>
      </object_component>
      <object_component id="oc-8e">
         <name>.debug_line</name>
         <load_address>0x50ed</load_address>
         <run_address>0x50ed</run_address>
         <size>0x6e</size>
         <input_file_ref idref="fl-1b"/>
      </object_component>
      <object_component id="oc-93">
         <name>.debug_line</name>
         <load_address>0x515b</load_address>
         <run_address>0x515b</run_address>
         <size>0x5a6</size>
         <input_file_ref idref="fl-1c"/>
      </object_component>
      <object_component id="oc-98">
         <name>.debug_line</name>
         <load_address>0x5701</load_address>
         <run_address>0x5701</run_address>
         <size>0x51</size>
         <input_file_ref idref="fl-1d"/>
      </object_component>
      <object_component id="oc-9d">
         <name>.debug_line</name>
         <load_address>0x5752</load_address>
         <run_address>0x5752</run_address>
         <size>0x119</size>
         <input_file_ref idref="fl-1e"/>
      </object_component>
      <object_component id="oc-a2">
         <name>.debug_line</name>
         <load_address>0x586b</load_address>
         <run_address>0x586b</run_address>
         <size>0x4f</size>
         <input_file_ref idref="fl-1f"/>
      </object_component>
      <object_component id="oc-a7">
         <name>.debug_line</name>
         <load_address>0x58ba</load_address>
         <run_address>0x58ba</run_address>
         <size>0x6c</size>
         <input_file_ref idref="fl-20"/>
      </object_component>
      <object_component id="oc-ad">
         <name>.debug_line</name>
         <load_address>0x5926</load_address>
         <run_address>0x5926</run_address>
         <size>0x5ae</size>
         <input_file_ref idref="fl-21"/>
      </object_component>
      <object_component id="oc-b2">
         <name>.debug_line</name>
         <load_address>0x5ed4</load_address>
         <run_address>0x5ed4</run_address>
         <size>0x157</size>
         <input_file_ref idref="fl-22"/>
      </object_component>
      <object_component id="oc-b8">
         <name>.debug_line</name>
         <load_address>0x602b</load_address>
         <run_address>0x602b</run_address>
         <size>0x74</size>
         <input_file_ref idref="fl-24"/>
      </object_component>
      <object_component id="oc-bf">
         <name>.debug_line</name>
         <load_address>0x609f</load_address>
         <run_address>0x609f</run_address>
         <size>0x65</size>
         <input_file_ref idref="fl-27"/>
      </object_component>
      <object_component id="oc-c4">
         <name>.debug_line</name>
         <load_address>0x6104</load_address>
         <run_address>0x6104</run_address>
         <size>0x5e</size>
         <input_file_ref idref="fl-28"/>
      </object_component>
      <object_component id="oc-c9">
         <name>.debug_line</name>
         <load_address>0x6162</load_address>
         <run_address>0x6162</run_address>
         <size>0x59</size>
         <input_file_ref idref="fl-29"/>
      </object_component>
      <object_component id="oc-ce">
         <name>.debug_line</name>
         <load_address>0x61bb</load_address>
         <run_address>0x61bb</run_address>
         <size>0xa2</size>
         <input_file_ref idref="fl-2a"/>
      </object_component>
      <object_component id="oc-d3">
         <name>.debug_line</name>
         <load_address>0x625d</load_address>
         <run_address>0x625d</run_address>
         <size>0x58</size>
         <input_file_ref idref="fl-2b"/>
      </object_component>
      <object_component id="oc-d8">
         <name>.debug_line</name>
         <load_address>0x62b5</load_address>
         <run_address>0x62b5</run_address>
         <size>0xad</size>
         <input_file_ref idref="fl-2c"/>
      </object_component>
      <object_component id="oc-dd">
         <name>.debug_line</name>
         <load_address>0x6362</load_address>
         <run_address>0x6362</run_address>
         <size>0x58</size>
         <input_file_ref idref="fl-2d"/>
      </object_component>
      <object_component id="oc-e2">
         <name>.debug_line</name>
         <load_address>0x63ba</load_address>
         <run_address>0x63ba</run_address>
         <size>0x63</size>
         <input_file_ref idref="fl-2e"/>
      </object_component>
      <object_component id="oc-e7">
         <name>.debug_line</name>
         <load_address>0x641d</load_address>
         <run_address>0x641d</run_address>
         <size>0x41</size>
         <input_file_ref idref="fl-2f"/>
      </object_component>
      <object_component id="oc-ec">
         <name>.debug_line</name>
         <load_address>0x645e</load_address>
         <run_address>0x645e</run_address>
         <size>0x63</size>
         <input_file_ref idref="fl-30"/>
      </object_component>
      <object_component id="oc-f1">
         <name>.debug_line</name>
         <load_address>0x64c1</load_address>
         <run_address>0x64c1</run_address>
         <size>0x52</size>
         <input_file_ref idref="fl-31"/>
      </object_component>
      <object_component id="oc-f6">
         <name>.debug_line</name>
         <load_address>0x6513</load_address>
         <run_address>0x6513</run_address>
         <size>0x52</size>
         <input_file_ref idref="fl-32"/>
      </object_component>
      <object_component id="oc-ff">
         <name>.debug_line</name>
         <load_address>0x6565</load_address>
         <run_address>0x6565</run_address>
         <size>0x4e</size>
         <input_file_ref idref="fl-34"/>
      </object_component>
      <object_component id="oc-104">
         <name>.debug_line</name>
         <load_address>0x65b3</load_address>
         <run_address>0x65b3</run_address>
         <size>0x47</size>
         <input_file_ref idref="fl-35"/>
      </object_component>
      <object_component id="oc-109">
         <name>.debug_line</name>
         <load_address>0x65fa</load_address>
         <run_address>0x65fa</run_address>
         <size>0x69</size>
         <input_file_ref idref="fl-36"/>
      </object_component>
      <object_component id="oc-10e">
         <name>.debug_line</name>
         <load_address>0x6663</load_address>
         <run_address>0x6663</run_address>
         <size>0x51</size>
         <input_file_ref idref="fl-37"/>
      </object_component>
      <object_component id="oc-113">
         <name>.debug_line</name>
         <load_address>0x66b4</load_address>
         <run_address>0x66b4</run_address>
         <size>0x5e</size>
         <input_file_ref idref="fl-5e"/>
      </object_component>
      <object_component id="oc-117">
         <name>.debug_line</name>
         <load_address>0x6712</load_address>
         <run_address>0x6712</run_address>
         <size>0x60</size>
         <input_file_ref idref="fl-5f"/>
      </object_component>
      <object_component id="oc-11b">
         <name>.debug_line</name>
         <load_address>0x6772</load_address>
         <run_address>0x6772</run_address>
         <size>0x6f</size>
         <input_file_ref idref="fl-60"/>
      </object_component>
      <object_component id="oc-11f">
         <name>.debug_line</name>
         <load_address>0x67e1</load_address>
         <run_address>0x67e1</run_address>
         <size>0x52</size>
         <input_file_ref idref="fl-61"/>
      </object_component>
      <object_component id="oc-18">
         <name>.debug_abbrev</name>
         <load_address>0x0</load_address>
         <run_address>0x0</run_address>
         <size>0x21</size>
         <input_file_ref idref="fl-5"/>
      </object_component>
      <object_component id="oc-1d">
         <name>.debug_abbrev</name>
         <load_address>0x21</load_address>
         <run_address>0x21</run_address>
         <size>0x18a</size>
         <input_file_ref idref="fl-6"/>
      </object_component>
      <object_component id="oc-22">
         <name>.debug_abbrev</name>
         <load_address>0x1ab</load_address>
         <run_address>0x1ab</run_address>
         <size>0xc0</size>
         <input_file_ref idref="fl-7"/>
      </object_component>
      <object_component id="oc-27">
         <name>.debug_abbrev</name>
         <load_address>0x26b</load_address>
         <run_address>0x26b</run_address>
         <size>0x16b</size>
         <input_file_ref idref="fl-8"/>
      </object_component>
      <object_component id="oc-2d">
         <name>.debug_abbrev</name>
         <load_address>0x3d6</load_address>
         <run_address>0x3d6</run_address>
         <size>0x112</size>
         <input_file_ref idref="fl-9"/>
      </object_component>
      <object_component id="oc-33">
         <name>.debug_abbrev</name>
         <load_address>0x4e8</load_address>
         <run_address>0x4e8</run_address>
         <size>0x214</size>
         <input_file_ref idref="fl-a"/>
      </object_component>
      <object_component id="oc-39">
         <name>.debug_abbrev</name>
         <load_address>0x6fc</load_address>
         <run_address>0x6fc</run_address>
         <size>0x1bd</size>
         <input_file_ref idref="fl-b"/>
      </object_component>
      <object_component id="oc-3e">
         <name>.debug_abbrev</name>
         <load_address>0x8b9</load_address>
         <run_address>0x8b9</run_address>
         <size>0xf0</size>
         <input_file_ref idref="fl-c"/>
      </object_component>
      <object_component id="oc-43">
         <name>.debug_abbrev</name>
         <load_address>0x9a9</load_address>
         <run_address>0x9a9</run_address>
         <size>0x157</size>
         <input_file_ref idref="fl-d"/>
      </object_component>
      <object_component id="oc-48">
         <name>.debug_abbrev</name>
         <load_address>0xb00</load_address>
         <run_address>0xb00</run_address>
         <size>0x162</size>
         <input_file_ref idref="fl-e"/>
      </object_component>
      <object_component id="oc-4f">
         <name>.debug_abbrev</name>
         <load_address>0xc62</load_address>
         <run_address>0xc62</run_address>
         <size>0x232</size>
         <input_file_ref idref="fl-f"/>
      </object_component>
      <object_component id="oc-54">
         <name>.debug_abbrev</name>
         <load_address>0xe94</load_address>
         <run_address>0xe94</run_address>
         <size>0xc0</size>
         <input_file_ref idref="fl-10"/>
      </object_component>
      <object_component id="oc-5c">
         <name>.debug_abbrev</name>
         <load_address>0xf54</load_address>
         <run_address>0xf54</run_address>
         <size>0x1ac</size>
         <input_file_ref idref="fl-11"/>
      </object_component>
      <object_component id="oc-61">
         <name>.debug_abbrev</name>
         <load_address>0x1100</load_address>
         <run_address>0x1100</run_address>
         <size>0xa3</size>
         <input_file_ref idref="fl-12"/>
      </object_component>
      <object_component id="oc-66">
         <name>.debug_abbrev</name>
         <load_address>0x11a3</load_address>
         <run_address>0x11a3</run_address>
         <size>0x127</size>
         <input_file_ref idref="fl-13"/>
      </object_component>
      <object_component id="oc-6b">
         <name>.debug_abbrev</name>
         <load_address>0x12ca</load_address>
         <run_address>0x12ca</run_address>
         <size>0x100</size>
         <input_file_ref idref="fl-14"/>
      </object_component>
      <object_component id="oc-70">
         <name>.debug_abbrev</name>
         <load_address>0x13ca</load_address>
         <run_address>0x13ca</run_address>
         <size>0xc0</size>
         <input_file_ref idref="fl-15"/>
      </object_component>
      <object_component id="oc-75">
         <name>.debug_abbrev</name>
         <load_address>0x148a</load_address>
         <run_address>0x148a</run_address>
         <size>0xc0</size>
         <input_file_ref idref="fl-16"/>
      </object_component>
      <object_component id="oc-7b">
         <name>.debug_abbrev</name>
         <load_address>0x154a</load_address>
         <run_address>0x154a</run_address>
         <size>0x1b0</size>
         <input_file_ref idref="fl-17"/>
      </object_component>
      <object_component id="oc-80">
         <name>.debug_abbrev</name>
         <load_address>0x16fa</load_address>
         <run_address>0x16fa</run_address>
         <size>0x16b</size>
         <input_file_ref idref="fl-18"/>
      </object_component>
      <object_component id="oc-85">
         <name>.debug_abbrev</name>
         <load_address>0x1865</load_address>
         <run_address>0x1865</run_address>
         <size>0x174</size>
         <input_file_ref idref="fl-19"/>
      </object_component>
      <object_component id="oc-8a">
         <name>.debug_abbrev</name>
         <load_address>0x19d9</load_address>
         <run_address>0x19d9</run_address>
         <size>0x114</size>
         <input_file_ref idref="fl-1a"/>
      </object_component>
      <object_component id="oc-8f">
         <name>.debug_abbrev</name>
         <load_address>0x1aed</load_address>
         <run_address>0x1aed</run_address>
         <size>0xc0</size>
         <input_file_ref idref="fl-1b"/>
      </object_component>
      <object_component id="oc-94">
         <name>.debug_abbrev</name>
         <load_address>0x1bad</load_address>
         <run_address>0x1bad</run_address>
         <size>0x16b</size>
         <input_file_ref idref="fl-1c"/>
      </object_component>
      <object_component id="oc-99">
         <name>.debug_abbrev</name>
         <load_address>0x1d18</load_address>
         <run_address>0x1d18</run_address>
         <size>0xe7</size>
         <input_file_ref idref="fl-1d"/>
      </object_component>
      <object_component id="oc-9e">
         <name>.debug_abbrev</name>
         <load_address>0x1dff</load_address>
         <run_address>0x1dff</run_address>
         <size>0x112</size>
         <input_file_ref idref="fl-1e"/>
      </object_component>
      <object_component id="oc-a3">
         <name>.debug_abbrev</name>
         <load_address>0x1f11</load_address>
         <run_address>0x1f11</run_address>
         <size>0xc0</size>
         <input_file_ref idref="fl-1f"/>
      </object_component>
      <object_component id="oc-a8">
         <name>.debug_abbrev</name>
         <load_address>0x1fd1</load_address>
         <run_address>0x1fd1</run_address>
         <size>0x2f</size>
         <input_file_ref idref="fl-20"/>
      </object_component>
      <object_component id="oc-ae">
         <name>.debug_abbrev</name>
         <load_address>0x2000</load_address>
         <run_address>0x2000</run_address>
         <size>0x1a6</size>
         <input_file_ref idref="fl-21"/>
      </object_component>
      <object_component id="oc-b3">
         <name>.debug_abbrev</name>
         <load_address>0x21a6</load_address>
         <run_address>0x21a6</run_address>
         <size>0x114</size>
         <input_file_ref idref="fl-22"/>
      </object_component>
      <object_component id="oc-b9">
         <name>.debug_abbrev</name>
         <load_address>0x22ba</load_address>
         <run_address>0x22ba</run_address>
         <size>0x46</size>
         <input_file_ref idref="fl-24"/>
      </object_component>
      <object_component id="oc-c0">
         <name>.debug_abbrev</name>
         <load_address>0x2300</load_address>
         <run_address>0x2300</run_address>
         <size>0x117</size>
         <input_file_ref idref="fl-27"/>
      </object_component>
      <object_component id="oc-c5">
         <name>.debug_abbrev</name>
         <load_address>0x2417</load_address>
         <run_address>0x2417</run_address>
         <size>0xb2</size>
         <input_file_ref idref="fl-28"/>
      </object_component>
      <object_component id="oc-ca">
         <name>.debug_abbrev</name>
         <load_address>0x24c9</load_address>
         <run_address>0x24c9</run_address>
         <size>0xfe</size>
         <input_file_ref idref="fl-29"/>
      </object_component>
      <object_component id="oc-cf">
         <name>.debug_abbrev</name>
         <load_address>0x25c7</load_address>
         <run_address>0x25c7</run_address>
         <size>0x38</size>
         <input_file_ref idref="fl-2a"/>
      </object_component>
      <object_component id="oc-d4">
         <name>.debug_abbrev</name>
         <load_address>0x25ff</load_address>
         <run_address>0x25ff</run_address>
         <size>0x38</size>
         <input_file_ref idref="fl-2b"/>
      </object_component>
      <object_component id="oc-d9">
         <name>.debug_abbrev</name>
         <load_address>0x2637</load_address>
         <run_address>0x2637</run_address>
         <size>0x38</size>
         <input_file_ref idref="fl-2c"/>
      </object_component>
      <object_component id="oc-de">
         <name>.debug_abbrev</name>
         <load_address>0x266f</load_address>
         <run_address>0x266f</run_address>
         <size>0x38</size>
         <input_file_ref idref="fl-2d"/>
      </object_component>
      <object_component id="oc-e3">
         <name>.debug_abbrev</name>
         <load_address>0x26a7</load_address>
         <run_address>0x26a7</run_address>
         <size>0xd4</size>
         <input_file_ref idref="fl-2e"/>
      </object_component>
      <object_component id="oc-e8">
         <name>.debug_abbrev</name>
         <load_address>0x277b</load_address>
         <run_address>0x277b</run_address>
         <size>0x9d</size>
         <input_file_ref idref="fl-2f"/>
      </object_component>
      <object_component id="oc-ed">
         <name>.debug_abbrev</name>
         <load_address>0x2818</load_address>
         <run_address>0x2818</run_address>
         <size>0xcb</size>
         <input_file_ref idref="fl-30"/>
      </object_component>
      <object_component id="oc-f2">
         <name>.debug_abbrev</name>
         <load_address>0x28e3</load_address>
         <run_address>0x28e3</run_address>
         <size>0xbd</size>
         <input_file_ref idref="fl-31"/>
      </object_component>
      <object_component id="oc-f7">
         <name>.debug_abbrev</name>
         <load_address>0x29a0</load_address>
         <run_address>0x29a0</run_address>
         <size>0xb4</size>
         <input_file_ref idref="fl-32"/>
      </object_component>
      <object_component id="oc-fc">
         <name>.debug_abbrev</name>
         <load_address>0x2a54</load_address>
         <run_address>0x2a54</run_address>
         <size>0x31</size>
         <input_file_ref idref="fl-33"/>
      </object_component>
      <object_component id="oc-100">
         <name>.debug_abbrev</name>
         <load_address>0x2a85</load_address>
         <run_address>0x2a85</run_address>
         <size>0xcb</size>
         <input_file_ref idref="fl-34"/>
      </object_component>
      <object_component id="oc-105">
         <name>.debug_abbrev</name>
         <load_address>0x2b50</load_address>
         <run_address>0x2b50</run_address>
         <size>0x9d</size>
         <input_file_ref idref="fl-35"/>
      </object_component>
      <object_component id="oc-10a">
         <name>.debug_abbrev</name>
         <load_address>0x2bed</load_address>
         <run_address>0x2bed</run_address>
         <size>0x38</size>
         <input_file_ref idref="fl-36"/>
      </object_component>
      <object_component id="oc-10f">
         <name>.debug_abbrev</name>
         <load_address>0x2c25</load_address>
         <run_address>0x2c25</run_address>
         <size>0xa4</size>
         <input_file_ref idref="fl-37"/>
      </object_component>
      <object_component id="oc-114">
         <name>.debug_abbrev</name>
         <load_address>0x2cc9</load_address>
         <run_address>0x2cc9</run_address>
         <size>0x2a</size>
         <input_file_ref idref="fl-5e"/>
      </object_component>
      <object_component id="oc-118">
         <name>.debug_abbrev</name>
         <load_address>0x2cf3</load_address>
         <run_address>0x2cf3</run_address>
         <size>0x2a</size>
         <input_file_ref idref="fl-5f"/>
      </object_component>
      <object_component id="oc-11c">
         <name>.debug_abbrev</name>
         <load_address>0x2d1d</load_address>
         <run_address>0x2d1d</run_address>
         <size>0x2a</size>
         <input_file_ref idref="fl-60"/>
      </object_component>
      <object_component id="oc-120">
         <name>.debug_abbrev</name>
         <load_address>0x2d47</load_address>
         <run_address>0x2d47</run_address>
         <size>0x2a</size>
         <input_file_ref idref="fl-61"/>
      </object_component>
      <object_component id="oc-164">
         <name>.debug_abbrev</name>
         <load_address>0x2d71</load_address>
         <run_address>0x2d71</run_address>
         <size>0xf</size>
      </object_component>
      <object_component id="oc-19">
         <name>.debug_aranges</name>
         <load_address>0x0</load_address>
         <run_address>0x0</run_address>
         <size>0x28</size>
         <input_file_ref idref="fl-5"/>
      </object_component>
      <object_component id="oc-1e">
         <name>.debug_aranges</name>
         <load_address>0x28</load_address>
         <run_address>0x28</run_address>
         <size>0x118</size>
         <input_file_ref idref="fl-6"/>
      </object_component>
      <object_component id="oc-23">
         <name>.debug_aranges</name>
         <load_address>0x140</load_address>
         <run_address>0x140</run_address>
         <size>0x18</size>
         <input_file_ref idref="fl-7"/>
      </object_component>
      <object_component id="oc-28">
         <name>.debug_aranges</name>
         <load_address>0x158</load_address>
         <run_address>0x158</run_address>
         <size>0x1f0</size>
         <input_file_ref idref="fl-8"/>
      </object_component>
      <object_component id="oc-2e">
         <name>.debug_aranges</name>
         <load_address>0x348</load_address>
         <run_address>0x348</run_address>
         <size>0x70</size>
         <input_file_ref idref="fl-9"/>
      </object_component>
      <object_component id="oc-34">
         <name>.debug_aranges</name>
         <load_address>0x3b8</load_address>
         <run_address>0x3b8</run_address>
         <size>0xd8</size>
         <input_file_ref idref="fl-a"/>
      </object_component>
      <object_component id="oc-3a">
         <name>.debug_aranges</name>
         <load_address>0x490</load_address>
         <run_address>0x490</run_address>
[...]
         <name>_USER_computeFlux_pu_to_Wb_sf</name>
         <value>0x9aa2</value>
         <object_component_ref idref="oc-12a"/>
      </symbol>
      <symbol id="sm-48d">
         <name>_USER_computeTorque_Flux_Iq_pu_to_Nm_sf</name>
         <value>0x9a5a</value>
         <object_component_ref idref="oc-12a"/>
      </symbol>
      <symbol id="sm-48e">
         <name>_USER_softwareUpdate1p6</name>
         <value>0x969d</value>
         <object_component_ref idref="oc-12a"/>
      </symbol>
      <symbol id="sm-48f">
         <name>_USER_setErrorCode</name>
         <value>0x9941</value>
         <object_component_ref idref="oc-12a"/>
      </symbol>
      <symbol id="sm-490">
         <name>_USER_setParams</name>
         <value>0x9739</value>
         <object_component_ref idref="oc-12a"/>
      </symbol>
      <symbol id="sm-491">
         <name>_USER_computeTorque_Nm</name>
         <value>0x99b4</value>
         <object_component_ref idref="oc-12a"/>
      </symbol>
      <symbol id="sm-49f">
         <name>_WDOG_disableInt</name>
         <value>0xad89</value>
         <object_component_ref idref="oc-138"/>
      </symbol>
      <symbol id="sm-4a0">
         <name>_WDOG_setPreScaler</name>
         <value>0xad58</value>
         <object_component_ref idref="oc-138"/>
      </symbol>
      <symbol id="sm-4a1">
         <name>_WDOG_enableInt</name>
         <value>0xad74</value>
         <object_component_ref idref="oc-138"/>
      </symbol>
      <symbol id="sm-4a2">
         <name>_WDOG_enable</name>
         <value>0xad7a</value>
         <object_component_ref idref="oc-138"/>
      </symbol>
      <symbol id="sm-4a3">
         <name>_WDOG_setCount</name>
         <value>0xad62</value>
         <object_component_ref idref="oc-138"/>
      </symbol>
      <symbol id="sm-4a4">
         <name>_WDOG_init</name>
         <value>0xad64</value>
         <object_component_ref idref="oc-138"/>
      </symbol>
      <symbol id="sm-4a5">
         <name>_WDOG_getIntStatus</name>
         <value>0xad6b</value>
         <object_component_ref idref="oc-138"/>
      </symbol>
      <symbol id="sm-4a6">
         <name>_WDOG_disable</name>
         <value>0xad8f</value>
         <object_component_ref idref="oc-138"/>
      </symbol>
      <symbol id="sm-4a7">
         <name>_WDOG_enableOverRide</name>
         <value>0xad6e</value>
         <object_component_ref idref="oc-138"/>
      </symbol>
      <symbol id="sm-4a8">
         <name>_WDOG_disableOverRide</name>
         <value>0xad83</value>
         <object_component_ref idref="oc-138"/>
      </symbol>
      <symbol id="sm-4a9">
         <name>_WDOG_clearCounter</name>
         <value>0xad97</value>
         <object_component_ref idref="oc-138"/>
      </symbol>
      <symbol id="sm-4c2">
         <name>_c_int00</name>
         <value>0xad9f</value>
         <object_component_ref idref="oc-13"/>
      </symbol>
      <symbol id="sm-4c3">
         <name>__stack</name>
         <value>0x400</value>
         <object_component_ref idref="oc-b5"/>
      </symbol>
      <symbol id="sm-4d9">
         <name>C$$EXIT</name>
         <value>0xafe1</value>
         <object_component_ref idref="oc-123"/>
      </symbol>
      <symbol id="sm-4da">
         <name>_exit</name>
         <value>0xafe3</value>
         <object_component_ref idref="oc-123"/>
      </symbol>
      <symbol id="sm-4db">
         <name>___TI_cleanup_ptr</name>
         <value>0xb032</value>
         <object_component_ref idref="oc-bd"/>
      </symbol>
      <symbol id="sm-4dc">
         <name>_abort</name>
         <value>0xafe1</value>
         <object_component_ref idref="oc-123"/>
      </symbol>
      <symbol id="sm-4dd">
         <name>___TI_dtors_ptr</name>
         <value>0xb034</value>
         <object_component_ref idref="oc-bd"/>
      </symbol>
      <symbol id="sm-4f2">
         <name>__unlock</name>
         <value>0xb038</value>
         <object_component_ref idref="oc-141"/>
      </symbol>
      <symbol id="sm-4f3">
         <name>__lock</name>
         <value>0xb036</value>
         <object_component_ref idref="oc-127"/>
      </symbol>
      <symbol id="sm-4f4">
         <name>__register_lock</name>
         <value>0xb01e</value>
         <object_component_ref idref="oc-12b"/>
      </symbol>
      <symbol id="sm-4f5">
         <name>__nop</name>
         <value>0xb022</value>
         <object_component_ref idref="oc-12b"/>
      </symbol>
      <symbol id="sm-4f6">
         <name>__register_unlock</name>
         <value>0xb01a</value>
         <object_component_ref idref="oc-12b"/>
      </symbol>
      <symbol id="sm-506">
         <name>__args_main</name>
         <value>0xafc8</value>
         <object_component_ref idref="oc-122"/>
      </symbol>
      <symbol id="sm-518">
         <name>FD$$MPY</name>
         <value>0xaa56</value>
         <object_component_ref idref="oc-cc"/>
      </symbol>
      <symbol id="sm-527">
         <name>FD$$TOL</name>
         <value>0xaf71</value>
         <object_component_ref idref="oc-d1"/>
      </symbol>
      <symbol id="sm-538">
         <name>FS$$DIV</name>
         <value>0xa9ce</value>
         <object_component_ref idref="oc-d6"/>
      </symbol>
      <symbol id="sm-548">
         <name>FS$$TOFD</name>
         <value>0xaf90</value>
         <object_component_ref idref="oc-db"/>
      </symbol>
      <symbol id="sm-559">
         <name>_log</name>
         <value>0xaba7</value>
         <object_component_ref idref="oc-13c"/>
      </symbol>
      <symbol id="sm-569">
         <name>_modf</name>
         <value>0xafac</value>
         <object_component_ref idref="oc-13d"/>
      </symbol>
      <symbol id="sm-57d">
         <name>_pow</name>
         <value>0xac65</value>
         <object_component_ref idref="oc-13e"/>
      </symbol>
      <symbol id="sm-58e">
         <name>_sqrt</name>
         <value>0xaf0a</value>
         <object_component_ref idref="oc-13f"/>
      </symbol>
      <symbol id="sm-59d">
         <name>__log</name>
         <value>0xacc0</value>
         <object_component_ref idref="oc-144"/>
      </symbol>
      <symbol id="sm-5a8">
         <name>_errno</name>
         <value>0xb03b</value>
         <object_component_ref idref="oc-fb"/>
      </symbol>
      <symbol id="sm-5b9">
         <name>_exp</name>
         <value>0xaad9</value>
         <object_component_ref idref="oc-145"/>
      </symbol>
      <symbol id="sm-5c9">
         <name>_frexp</name>
         <value>0xaffa</value>
         <object_component_ref idref="oc-143"/>
      </symbol>
      <symbol id="sm-5d7">
         <name>I$$MOD</name>
         <value>0xaf3f</value>
         <object_component_ref idref="oc-107"/>
      </symbol>
      <symbol id="sm-5d8">
         <name>I$$DIV</name>
         <value>0xaf2e</value>
         <object_component_ref idref="oc-107"/>
      </symbol>
      <symbol id="sm-5eb">
         <name>_ldexp</name>
         <value>0xae2a</value>
         <object_component_ref idref="oc-146"/>
      </symbol>
      <symbol id="sm-5ed">
         <name>_CTRL_runTraj</name>
         <value>0x3fa5d1</value>
      </symbol>
      <symbol id="sm-5ef">
         <name>_CTRL_setEstParams</name>
         <value>0x3f9e64</value>
      </symbol>
      <symbol id="sm-5f1">
         <name>_CTRL_setupCtrl</name>
         <value>0x3f9b43</value>
      </symbol>
      <symbol id="sm-5f3">
         <name>_CTRL_setupEstIdleState</name>
         <value>0x3f99a5</value>
      </symbol>
      <symbol id="sm-5f5">
         <name>_CTRL_setupEstOnLineState</name>
         <value>0x3f996a</value>
      </symbol>
      <symbol id="sm-5f7">
         <name>_CTRL_setupTraj</name>
         <value>0x3f9806</value>
      </symbol>
      <symbol id="sm-5f9">
         <name>_CTRL_setUserMotorParams</name>
         <value>0x3f9d31</value>
      </symbol>
      <symbol id="sm-5fb">
         <name>_EST_doCurrentCtrl</name>
         <value>0x3f9760</value>
      </symbol>
      <symbol id="sm-5fd">
         <name>_EST_doSpeedCtrl</name>
         <value>0x3f9758</value>
      </symbol>
      <symbol id="sm-5ff">
         <name>_EST_get_krpm_to_pu_sf</name>
         <value>0x3f9458</value>
      </symbol>
      <symbol id="sm-601">
         <name>_EST_getAngle_pu</name>
         <value>0x3f8c0d</value>
      </symbol>
      <symbol id="sm-603">
         <name>_EST_getFlux_pu</name>
         <value>0x3f96ab</value>
      </symbol>
      <symbol id="sm-605">
         <name>_EST_getFm_pu</name>
         <value>0x3f968e</value>
      </symbol>
      <symbol id="sm-607">
         <name>_EST_getLs_coarse_max_pu</name>
         <value>0x3f95ff</value>
      </symbol>
      <symbol id="sm-609">
         <name>_EST_getLs_d_H</name>
         <value>0x3f95f5</value>
      </symbol>
      <symbol id="sm-60b">
         <name>_EST_getLs_d_pu</name>
         <value>0x3f95f0</value>
      </symbol>
      <symbol id="sm-60d">
         <name>_EST_getLs_q_H</name>
         <value>0x3f95ce</value>
      </symbol>
      <symbol id="sm-60f">
         <name>_EST_getLs_q_pu</name>
         <value>0x3f95c9</value>
      </symbol>
      <symbol id="sm-611">
         <name>_EST_getOneOverDcBus_pu</name>
         <value>0x3f95b3</value>
      </symbol>
      <symbol id="sm-613">
         <name>_EST_getRs_Ohm</name>
         <value>0x3f9513</value>
      </symbol>
      <symbol id="sm-615">
         <name>_EST_getState</name>
         <value>0x3f861b</value>
      </symbol>
      <symbol id="sm-617">
         <name>_EST_isError</name>
         <value>0x3f938d</value>
      </symbol>
      <symbol id="sm-619">
         <name>_EST_isIdle</name>
         <value>0x3f9386</value>
      </symbol>
      <symbol id="sm-61b">
         <name>_EST_isLockRotor</name>
         <value>0x3f937f</value>
      </symbol>
      <symbol id="sm-61d">
         <name>_EST_isMotorIdentified</name>
         <value>0x3f8679</value>
      </symbol>
      <symbol id="sm-61f">
         <name>_EST_isOnLine</name>
         <value>0x3f9378</value>
      </symbol>
      <symbol id="sm-621">
         <name>_EST_run</name>
         <value>0x3f927b</value>
      </symbol>
      <symbol id="sm-623">
         <name>_EST_setId_ref_pu</name>
         <value>0x3f8b80</value>
      </symbol>
      <symbol id="sm-625">
         <name>_EST_setIdle_all</name>
         <value>0x3f8b67</value>
      </symbol>
      <symbol id="sm-627">
         <name>_EST_setIdle</name>
         <value>0x3f8b7a</value>
      </symbol>
      <symbol id="sm-629">
         <name>_EST_setIq_ref_pu</name>
         <value>0x3f8b63</value>
      </symbol>
      <symbol id="sm-62b">
         <name>_EST_setLs_d_pu</name>
         <value>0x3f8b45</value>
      </symbol>
      <symbol id="sm-62d">
         <name>_EST_setLs_q_pu</name>
         <value>0x3f8ae7</value>
      </symbol>
      <symbol id="sm-62f">
         <name>_EST_setLs_qFmt</name>
         <value>0x3f8af1</value>
      </symbol>
      <symbol id="sm-631">
         <name>_EST_setRs_pu</name>
         <value>0x3f8a18</value>
      </symbol>
      <symbol id="sm-633">
         <name>_EST_updateId_ref_pu</name>
         <value>0x3f89f5</value>
      </symbol>
      <symbol id="sm-635">
         <name>_EST_updateState</name>
         <value>0x3f8713</value>
      </symbol>
      <symbol id="sm-637">
         <name>_EST_useZeroIq_ref</name>
         <value>0x3f861d</value>
      </symbol>
      <symbol id="sm-640">
         <name>__IQ24cosPU</name>
         <value>0xb32b</value>
         <object_component_ref idref="oc-111"/>
      </symbol>
      <symbol id="sm-649">
         <name>__IQ24sinPU</name>
         <value>0xb302</value>
         <object_component_ref idref="oc-115"/>
      </symbol>
      <symbol id="sm-651">
         <name>__IQ24sqrt</name>
         <value>0xb2c0</value>
         <object_component_ref idref="oc-119"/>
      </symbol>
      <symbol id="sm-659">
         <name>__IQ30toF</name>
         <value>0xb352</value>
         <object_component_ref idref="oc-11d"/>
      </symbol>
      <symbol id="sm-65d">
         <name>_IQ4mpyRndSatTable</name>
         <value>0x3fe750</value>
         <object_component_ref idref="oc-121"/>
      </symbol>
      <symbol id="sm-65e">
         <name>_IQ5mpyRndSatTable</name>
         <value>0x3fe744</value>
         <object_component_ref idref="oc-121"/>
      </symbol>
      <symbol id="sm-65f">
         <name>_IQatan2Table</name>
         <value>0x3fe492</value>
         <object_component_ref idref="oc-121"/>
      </symbol>
      <symbol id="sm-660">
         <name>_IQisqrtTableEnd</name>
         <value>0x3fe454</value>
         <object_component_ref idref="oc-121"/>
      </symbol>
      <symbol id="sm-661">
         <name>_IQ8mpyRndSatTable</name>
         <value>0x3fe720</value>
         <object_component_ref idref="oc-121"/>
      </symbol>
      <symbol id="sm-662">
         <name>_IQ9mpyRndSatTable</name>
         <value>0x3fe714</value>
         <object_component_ref idref="oc-121"/>
      </symbol>
      <symbol id="sm-663">
         <name>_IQsqrtTable</name>
         <value>0x3fe352</value>
         <object_component_ref idref="oc-121"/>
      </symbol>
      <symbol id="sm-664">
         <name>_IQcosTableEnd</name>
         <value>0x3fe132</value>
         <object_component_ref idref="oc-121"/>
      </symbol>
      <symbol id="sm-665">
         <name>_IQatan2HalfPITable</name>
         <value>0x3fe454</value>
         <object_component_ref idref="oc-121"/>
      </symbol>
      <symbol id="sm-666">
         <name>_IQisqrtTable</name>
         <value>0x3fe352</value>
         <object_component_ref idref="oc-121"/>
      </symbol>
      <symbol id="sm-667">
         <name>_IQsqrtRoundSatTable</name>
         <value>0x3fe342</value>
         <object_component_ref idref="oc-121"/>
      </symbol>
      <symbol id="sm-668">
         <name>_IQsqrtTableEnd</name>
         <value>0x3fe454</value>
         <object_component_ref idref="oc-121"/>
      </symbol>
      <symbol id="sm-669">
         <name>_IQ30mpyRndSatTable</name>
         <value>0x3fe618</value>
         <object_component_ref idref="oc-121"/>
      </symbol>
      <symbol id="sm-66a">
         <name>_IQ17mpyRndSatTable</name>
         <value>0x3fe6b4</value>
         <object_component_ref idref="oc-121"/>
      </symbol>
      <symbol id="sm-66b">
         <name>_IQ16mpyRndSatTable</name>
         <value>0x3fe6c0</value>
         <object_component_ref idref="oc-121"/>
      </symbol>
      <symbol id="sm-66c">
         <name>_IQ15mpyRndSatTable</name>
         <value>0x3fe6cc</value>
         <object_component_ref idref="oc-121"/>
      </symbol>
      <symbol id="sm-66d">
         <name>_IQ14mpyRndSatTable</name>
         <value>0x3fe6d8</value>
         <object_component_ref idref="oc-121"/>
      </symbol>
      <symbol id="sm-66e">
         <name>_IQ13mpyRndSatTable</name>
         <value>0x3fe6e4</value>
         <object_component_ref idref="oc-121"/>
      </symbol>
      <symbol id="sm-66f">
         <name>_IQmpyRndSatTable</name>
         <value>0x3fe618</value>
         <object_component_ref idref="oc-121"/>
      </symbol>
      <symbol id="sm-670">
         <name>_IQ12mpyRndSatTable</name>
         <value>0x3fe6f0</value>
         <object_component_ref idref="oc-121"/>
      </symbol>
      <symbol id="sm-671">
         <name>_IQdivRoundSatTable</name>
         <value>0x3fe132</value>
         <object_component_ref idref="oc-121"/>
      </symbol>
      <symbol id="sm-672">
         <name>_IQisqrtRoundSatTable</name>
         <value>0x3fe342</value>
         <object_component_ref idref="oc-121"/>
      </symbol>
      <symbol id="sm-673">
         <name>_IQ11mpyRndSatTable</name>
         <value>0x3fe6fc</value>
         <object_component_ref idref="oc-121"/>
      </symbol>
      <symbol id="sm-674">
         <name>_IQcosTable</name>
         <value>0x3fdd30</value>
         <object_component_ref idref="oc-121"/>
      </symbol>
      <symbol id="sm-675">
         <name>_IQ10mpyRndSatTable</name>
         <value>0x3fe708</value>
         <object_component_ref idref="oc-121"/>
      </symbol>
      <symbol id="sm-676">
         <name>_IQmpyRndSatTableEnd</name>
         <value>0x3fe780</value>
         <object_component_ref idref="oc-121"/>
      </symbol>
      <symbol id="sm-677">
         <name>_IQ19mpyRndSatTable</name>
         <value>0x3fe69c</value>
         <object_component_ref idref="oc-121"/>
      </symbol>
      <symbol id="sm-678">
         <name>_IQ27mpyRndSatTable</name>
         <value>0x3fe63c</value>
         <object_component_ref idref="oc-121"/>
      </symbol>
      <symbol id="sm-679">
         <name>_IQ18mpyRndSatTable</name>
         <value>0x3fe6a8</value>
         <object_component_ref idref="oc-121"/>
      </symbol>
      <symbol id="sm-67a">
         <name>_IQ26mpyRndSatTable</name>
         <value>0x3fe648</value>
         <object_component_ref idref="oc-121"/>
      </symbol>
      <symbol id="sm-67b">
         <name>_IQ25mpyRndSatTable</name>
         <value>0x3fe654</value>
         <object_component_ref idref="oc-121"/>
      </symbol>
      <symbol id="sm-67c">
         <name>_IQsinTable</name>
         <value>0x3fdc30</value>
         <object_component_ref idref="oc-121"/>
      </symbol>
      <symbol id="sm-67d">
         <name>_IQ24mpyRndSatTable</name>
         <value>0x3fe660</value>
         <object_component_ref idref="oc-121"/>
      </symbol>
      <symbol id="sm-67e">
         <name>_IQdivTableEnd</name>
         <value>0x3fe342</value>
         <object_component_ref idref="oc-121"/>
      </symbol>
      <symbol id="sm-67f">
         <name>_IQ23mpyRndSatTable</name>
         <value>0x3fe66c</value>
         <object_component_ref idref="oc-121"/>
      </symbol>
      <symbol id="sm-680">
         <name>_IQ22mpyRndSatTable</name>
         <value>0x3fe678</value>
         <object_component_ref idref="oc-121"/>
      </symbol>
      <symbol id="sm-681">
         <name>_IQ21mpyRndSatTable</name>
         <value>0x3fe684</value>
         <object_component_ref idref="oc-121"/>
      </symbol>
      <symbol id="sm-682">
         <name>_IQ20mpyRndSatTable</name>
         <value>0x3fe690</value>
         <object_component_ref idref="oc-121"/>
      </symbol>
      <symbol id="sm-683">
         <name>_IQsinTableEnd</name>
         <value>0x3fe030</value>
         <object_component_ref idref="oc-121"/>
      </symbol>
      <symbol id="sm-684">
         <name>_IQdivTable</name>
         <value>0x3fe140</value>
         <object_component_ref idref="oc-121"/>
      </symbol>
      <symbol id="sm-685">
         <name>_IQ2mpyRndSatTable</name>
         <value>0x3fe768</value>
         <object_component_ref idref="oc-121"/>
      </symbol>
      <symbol id="sm-686">
         <name>_IQ3mpyRndSatTable</name>
         <value>0x3fe75c</value>
         <object_component_ref idref="oc-121"/>
      </symbol>
      <symbol id="sm-687">
         <name>_IQ1mpyRndSatTable</name>
         <value>0x3fe774</value>
         <object_component_ref idref="oc-121"/>
      </symbol>
      <symbol id="sm-688">
         <name>_IQ29mpyRndSatTable</name>
         <value>0x3fe624</value>
         <object_component_ref idref="oc-121"/>
      </symbol>
      <symbol id="sm-689">
         <name>_IQ6mpyRndSatTable</name>
         <value>0x3fe738</value>
         <object_component_ref idref="oc-121"/>
      </symbol>
      <symbol id="sm-68a">
         <name>_IQatan2TableEnd</name>
         <value>0x3fe618</value>
         <object_component_ref idref="oc-121"/>
      </symbol>
      <symbol id="sm-68b">
         <name>_IQ28mpyRndSatTable</name>
         <value>0x3fe630</value>
         <object_component_ref idref="oc-121"/>
      </symbol>
      <symbol id="sm-68c">
         <name>_IQ7mpyRndSatTable</name>
         <value>0x3fe72c</value>
         <object_component_ref idref="oc-121"/>
      </symbol>
   </symbol_table>
   <title>Link successful</title>
</link_info>
