******************************************************************************
             TMS320C2000 Linker PC v15.12.3                    
******************************************************************************
>> Linked Sun Oct 23 18:38:55 2016

OUTPUT FILE NAME:   <umc_smart1.out>
ENTRY POINT SYMBOL: "_c_int00"  address: 0000bd89


MEMORY CONFIGURATION

         name            origin    length      used     unused   attr    fill
----------------------  --------  ---------  --------  --------  ----  --------
PAGE 0:
  BEGIN                 00000000   00000002  00000002  00000000  RWIX
  RAMM0                 00000050   000003b0  00000105  000002ab  RWIX
  RAML0_L8              00008000   0000b800  00004949  00006eb7  RWIX
  FPUTABLES             003fd590   000006a0  00000000  000006a0  RWIX
  IQTABLES              003fdc30   00000b50  00000b50  00000000  RWIX
  IQTABLES2             003fe780   0000008c  00000000  0000008c  RWIX
  IQTABLES3             003fe80c   000000aa  00000000  000000aa  RWIX
  BOOTROM               003ff3b0   00000c10  00000000  00000c10  RWIX
  RESET                 003fffc0   00000002  00000000  00000002  RWIX

PAGE 1:
  BOOT_RSVD             00000002   0000004e  00000000  0000004e  RWIX
  RAMM1                 00000400   00000400  000003b0  00000050  RWIX
  USB_RAM               00040000   00000800  00000000  00000800  RWIX


SECTION ALLOCATION MAP

 output                                  attributes/
section   page    origin      length       input sections
--------  ----  ----------  ----------   ----------------
codestart 
*          0    00000000    00000002     
                  00000000    00000002     CodeStartBranch.obj (codestart)

.cinit     0    00000050    000000cf     
                  00000050    000000a4     main_ext1.obj (.cinit)
                  000000f4    0000000e     rts2800_fpu32.lib : exit.obj (.cinit)
                  00000102    0000000d     motorware.obj (.cinit)
                  0000010f    00000005     rts2800_fpu32.lib : _lock.obj (.cinit:__lock)
                  00000114    00000005                       : _lock.obj (.cinit:__unlock)
                  00000119    00000004                       : errno.obj (.cinit)
                  0000011d    00000002     --HOLE-- [fill = 0]

ramfuncs   0    0000011f    00000036     
                  0000011f    00000032     flash.obj (ramfuncs)
                  00000151    00000004     usDelay.obj (ramfuncs)

.text      0    00008000    00004104     
                  00008000    00000e72     hal.obj (.text)
                  00008e72    0000099a     ctrlQEP.obj (.text)
                  0000980c    00000664     user_online.obj (.text)
                  00009e70    0000037f     rts2800_fpu32.lib : e_powf.obj (.text)
                  0000a1ef    00000374     motorware.obj (.text)
                  0000a563    000002f6     pwm.obj (.text)
                  0000a859    00000001     rts2800_fpu32.lib : startup.obj (.text)
                  0000a85a    00000225     main_ext1.obj (.text:retain)
                  0000aa7f    0000020e     ecan_new.obj (.text)
                  0000ac8d    000001f8     adc.obj (.text)
                  0000ae85    0000018a     clk.obj (.text)
                  0000b00f    00000180     gpio.obj (.text)
                  0000b18f    00000176     enc.obj (.text)
                  0000b305    00000127     rts2800_fpu32.lib : e_logf.obj (.text)
                  0000b42c    0000010a     pie.obj (.text)
                  0000b536    000000fc     i2c.obj (.text)
                  0000b632    000000f4     sci.obj (.text)
                  0000b726    000000ec     main_ext1.obj (.text)
                  0000b812    000000ea     defaults.obj (.text)
                  0000b8fc    000000bc     hdlc.obj (.text)
                  0000b9b8    000000aa     throttle.obj (.text)
                  0000ba62    000000a9     spi.obj (.text)
                  0000bb0b    00000088     rts2800_fpu32.lib : fs_div.obj (.text)
                  0000bb93    00000083                       : fd_mpy.obj (.text)
                  0000bc16    00000067                       : s_scalbnf.obj (.text)
                  0000bc7d    0000005b     pll.obj (.text)
                  0000bcd8    00000059     accelerator.obj (.text)
                  0000bd31    00000058     rts2800_fpu32.lib : s_ceilf.obj (.text)
                  0000bd89    00000056                       : boot.obj (.text)
                  0000bddf    00000047     offset.obj (.text)
                  0000be26    00000046     rts2800_fpu32.lib : cpy_tbl.obj (.text)
                  0000be6c    00000046     wdog.obj (.text)
                  0000beb2    00000044     pwr.obj (.text)
                  0000bef6    0000003f     inv_smart.obj (.text)
                  0000bf35    00000032     timer.obj (.text)
                  0000bf67    0000002d     osc.obj (.text)
                  0000bf94    00000029     rts2800_fpu32.lib : exit.obj (.text)
                  0000bfbd    00000025     cpu.obj (.text)
                  0000bfe2    00000025     filter_fo.obj (.text)
                  0000c007    00000001     --HOLE-- [fill = 0]
                  0000c008    00000025     rts2800_fpu32.lib : e_sqrtf.obj (.text)
                  0000c02d    00000020     flash.obj (.text)
                  0000c04d    0000001f     rts2800_fpu32.lib : fd_tol.obj (.text)
                  0000c06c    0000001c                       : fs_tofd.obj (.text)
                  0000c088    0000001a                       : cpy_utils.obj (.text)
                  0000c0a2    00000019                       : args_main.obj (.text)
                  0000c0bb    00000015     protocol.obj (.text)
                  0000c0d0    00000011     rts2800_fpu32.lib : s_copysignf.obj (.text)
                  0000c0e1    0000000a     pie.obj (.text:retain)
                  0000c0eb    00000009     rts2800_fpu32.lib : _lock.obj (.text)
                  0000c0f4    00000008     CodeStartBranch.obj (.text)
                  0000c0fc    00000006     qep.obj (.text)
                  0000c102    00000002     rts2800_fpu32.lib : pre_init.obj (.text)

.pinit     0    00000050    00000000     UNINITIALIZED

.reset     0    003fffc0    00000002     DSECT
                  003fffc0    00000002     rts2800_fpu32.lib : boot.obj (.reset)

.ebss      0    0000c104    000005bc     UNINITIALIZED
                  0000c104    0000000e     motorware.obj (.ebss)
                  0000c112    00000006     rts2800_fpu32.lib : exit.obj (.ebss)
                  0000c118    00000002                       : _lock.obj (.ebss:__lock)
                  0000c11a    00000002                       : _lock.obj (.ebss:__unlock)
                  0000c11c    00000001     cpu.obj (.ebss)
                  0000c11d    00000001     rts2800_fpu32.lib : errno.obj (.ebss)
                  0000c11e    00000022     --HOLE--
                  0000c140    000002aa     hal.obj (.ebss)
                  0000c3ea    00000016     --HOLE--
                  0000c400    000001c2     main_ext1.obj (.ebss)
                  0000c5c2    0000003e     --HOLE--
                  0000c600    0000006c     hdlc.obj (.ebss)
                  0000c66c    00000014     --HOLE--
                  0000c680    00000040     ecan_new.obj (.ebss)

.econst    0    0000c6c0    00000184     
                  0000c6c0    00000100     hdlc.obj (.econst:_crc_ccitt_table)
                  0000c7c0    00000032     rts2800_fpu32.lib : e_powf.obj (.econst)
                  0000c7f2    00000010                       : e_logf.obj (.econst)
                  0000c802    00000008     user_online.obj (.econst)
                  0000c80a    00000006     rts2800_fpu32.lib : s_scalbnf.obj (.econst)
                  0000c810    00000004     ctrlQEP.obj (.econst:_$P$T0$1)
                  0000c814    00000004     ctrlQEP.obj (.econst:_$P$T1$2)
                  0000c818    00000004     ctrlQEP.obj (.econst:_$P$T2$3)
                  0000c81c    00000004     ctrlQEP.obj (.econst:_$P$T3$4)
                  0000c820    00000004     ctrlQEP.obj (.econst:_$P$T4$5)
                  0000c824    00000004     ctrlQEP.obj (.econst:_$P$T5$6)
                  0000c828    00000004     rts2800_fpu32.lib : e_powf.obj (.econst:_bp)
                  0000c82c    00000004                       : e_powf.obj (.econst:_dp_h)
                  0000c830    00000004                       : e_powf.obj (.econst:_dp_l)
                  0000c834    00000004     ctrlQEP.obj (.econst)
                  0000c838    00000004     hal.obj (.econst)
                  0000c83c    00000004     motorware.obj (.econst)
                  0000c840    00000002     main_ext1.obj (.econst:_$P$T0$1)
                  0000c842    00000002     rts2800_fpu32.lib : s_ceilf.obj (.econst)

IQmath     0    0000c844    00000105     
                  0000c844    00000047     IQmath_fpu32.lib : IQ24div.obj (IQmath)
                  0000c88b    00000042                      : IQ24sqrt.obj (IQmath)
                  0000c8cd    00000029                      : IQ24sinPU.obj (IQmath)
                  0000c8f6    00000027                      : IQ24cosPU.obj (IQmath)
                  0000c91d    00000016                      : IQ24toF.obj (IQmath)
                  0000c933    00000016                      : IQ30toF.obj (IQmath)

IQmathTables 
*          0    003fdc30    00000b50     NOLOAD SECTION
                  003fdc30    00000b50     IQmath_fpu32.lib : IQmathTables.obj (IQmathTables)

.stack     1    00000400    000003b0     UNINITIALIZED
                  00000400    000003b0     --HOLE--

MODULE SUMMARY

       Module                code    ro data   rw data
       ------                ----    -------   -------
    .\
       hal.obj               3698    0         686    
       ctrlQEP.obj           2458    0         28     
       user_online.obj       1636    0         8      
       main_ext1.obj         785     0         616    
       motorware.obj         884     0         31     
       pwm.obj               758     0         0      
       ecan_new.obj          526     0         64     
       hdlc.obj              188     0         364    
       adc.obj               504     0         0      
       clk.obj               394     0         0      
       gpio.obj              384     0         0      
       enc.obj               374     0         0      
       pie.obj               276     0         0      
       i2c.obj               252     0         0      
       sci.obj               244     0         0      
       defaults.obj          234     0         0      
       throttle.obj          170     0         0      
       spi.obj               169     0         0      
       pll.obj               91      0         0      
       accelerator.obj       89      0         0      
       flash.obj             82      0         0      
       offset.obj            71      0         0      
       wdog.obj              70      0         0      
       pwr.obj               68      0         0      
       inv_smart.obj         63      0         0      
       timer.obj             50      0         0      
       osc.obj               45      0         0      
       cpu.obj               37      0         1      
       filter_fo.obj         37      0         0      
       protocol.obj          21      0         0      
       CodeStartBranch.obj   10      0         0      
       qep.obj               6       0         0      
       usDelay.obj           4       0         0      
    +--+---------------------+-------+---------+---------+
       Total:                14678   0         1798   
                                                      
    C:/ti/ccsv6/tools/compiler/c2000_15.12.3.LTS/lib/rts2800_fpu32.lib
       e_powf.obj            895     0         62     
       e_logf.obj            295     0         16     
       fs_div.obj            136     0         0      
       fd_mpy.obj            131     0         0      
       s_scalbnf.obj         103     0         6      
       s_ceilf.obj           88      0         2      
       boot.obj              86      0         0      
       cpy_tbl.obj           70      0         0      
       exit.obj              41      0         20     
       e_sqrtf.obj           37      0         0      
       fd_tol.obj            31      0         0      
       fs_tofd.obj           28      0         0      
       cpy_utils.obj         26      0         0      
       args_main.obj         25      0         0      
       _lock.obj             9       0         14     
       s_copysignf.obj       17      0         0      
       errno.obj             0       0         5      
       pre_init.obj          2       0         0      
       startup.obj           1       0         0      
    +--+---------------------+-------+---------+---------+
       Total:                2021    0         125    
                                                      
    C:/work/git/umclib/modules/iqmath/lib/f28x/float/IQmath_fpu32.lib
       IQmathTables.obj      0       0         2896   
       IQ24div.obj           71      0         0      
       IQ24sqrt.obj          66      0         0      
       IQ24sinPU.obj         41      0         0      
       IQ24cosPU.obj         39      0         0      
       IQ24toF.obj           22      0         0      
       IQ30toF.obj           22      0         0      
    +--+---------------------+-------+---------+---------+
       Total:                261     0         2896   
                                                      
       Stack:                0       0         944    
    +--+---------------------+-------+---------+---------+
       Grand Total:          16960   0         5763   


GLOBAL DATA SYMBOLS: SORTED BY DATA PAGE

address     data page           name
--------    ----------------    ----
00000400      10 (00000400)     __stack

0000c104     304 (0000c100)     _Flag_Latch_softwareUpdate
0000c105     304 (0000c100)     _gCounter_updateGlobals
0000c106     304 (0000c100)     _gMaxCurrentSlope
0000c108     304 (0000c100)     _gTorque_Ls_Id_Iq_pu_to_Nm_sf
0000c10a     304 (0000c100)     _gTorque_Flux_Iq_pu_to_Nm_sf
0000c10c     304 (0000c100)     _gFlux_pu_to_VpHz_sf
0000c10e     304 (0000c100)     _controller_obj
0000c110     304 (0000c100)     _gFlux_pu_to_Wb_sf
0000c112     304 (0000c100)     ___TI_enable_exit_profile_output
0000c114     304 (0000c100)     ___TI_cleanup_ptr
0000c116     304 (0000c100)     ___TI_dtors_ptr
0000c118     304 (0000c100)     __lock
0000c11a     304 (0000c100)     __unlock
0000c11c     304 (0000c100)     _cpu
0000c11d     304 (0000c100)     _errno

0000c140     305 (0000c140)     _accelerator

0000c180     306 (0000c180)     _memory

0000c200     308 (0000c200)     _hal

0000c2c0     30b (0000c2c0)     _encoder

0000c400     310 (0000c400)     _crc
0000c401     310 (0000c400)     _gUpdateDisplay
0000c402     310 (0000c400)     _g_sw1
0000c403     310 (0000c400)     _g_enHV
0000c404     310 (0000c400)     _g_enIGBT
0000c405     310 (0000c400)     _g_sw2
0000c406     310 (0000c400)     _success
0000c407     310 (0000c400)     _data
0000c408     310 (0000c400)     _gLEDcnt
0000c409     310 (0000c400)     _g_enDCDC
0000c40a     310 (0000c400)     _halHandle
0000c40c     310 (0000c400)     _throttleA
0000c40e     310 (0000c400)     _throttleResult
0000c410     310 (0000c400)     _throttleB
0000c412     310 (0000c400)     _angle
0000c414     310 (0000c400)     _ctrlHandle
0000c416     310 (0000c400)     _gPwmData
0000c41c     310 (0000c400)     _gAdcData
0000c42a     310 (0000c400)     _gAdcDataSec

0000c440     311 (0000c440)     _gDebugVars

0000c480     312 (0000c480)     _gMotorVars

0000c500     314 (0000c500)     _gUserParams

0000c600     318 (0000c600)     _hdlc

0000c680     31a (0000c680)     _CanaShadow

0000c6c0     31b (0000c6c0)     _crc_ccitt_table

003fdc30    ff70 (003fdc00)     _IQsinTable

003fdd30    ff74 (003fdd00)     _IQcosTable

003fe030    ff80 (003fe000)     _IQsinTableEnd

003fe132    ff84 (003fe100)     _IQcosTableEnd
003fe132    ff84 (003fe100)     _IQdivRoundSatTable

003fe140    ff85 (003fe140)     _IQdivTable

003fe342    ff8d (003fe340)     _IQdivTableEnd
003fe342    ff8d (003fe340)     _IQisqrtRoundSatTable
003fe342    ff8d (003fe340)     _IQsqrtRoundSatTable
003fe352    ff8d (003fe340)     _IQisqrtTable
003fe352    ff8d (003fe340)     _IQsqrtTable

003fe454    ff91 (003fe440)     _IQatan2HalfPITable
003fe454    ff91 (003fe440)     _IQisqrtTableEnd
003fe454    ff91 (003fe440)     _IQsqrtTableEnd

003fe492    ff92 (003fe480)     _IQatan2Table

003fe618    ff98 (003fe600)     _IQ30mpyRndSatTable
003fe618    ff98 (003fe600)     _IQatan2TableEnd
003fe618    ff98 (003fe600)     _IQmpyRndSatTable
003fe624    ff98 (003fe600)     _IQ29mpyRndSatTable
003fe630    ff98 (003fe600)     _IQ28mpyRndSatTable
003fe63c    ff98 (003fe600)     _IQ27mpyRndSatTable

003fe648    ff99 (003fe640)     _IQ26mpyRndSatTable
003fe654    ff99 (003fe640)     _IQ25mpyRndSatTable
003fe660    ff99 (003fe640)     _IQ24mpyRndSatTable
003fe66c    ff99 (003fe640)     _IQ23mpyRndSatTable
003fe678    ff99 (003fe640)     _IQ22mpyRndSatTable

003fe684    ff9a (003fe680)     _IQ21mpyRndSatTable
003fe690    ff9a (003fe680)     _IQ20mpyRndSatTable
003fe69c    ff9a (003fe680)     _IQ19mpyRndSatTable
003fe6a8    ff9a (003fe680)     _IQ18mpyRndSatTable
003fe6b4    ff9a (003fe680)     _IQ17mpyRndSatTable

003fe6c0    ff9b (003fe6c0)     _IQ16mpyRndSatTable
003fe6cc    ff9b (003fe6c0)     _IQ15mpyRndSatTable
003fe6d8    ff9b (003fe6c0)     _IQ14mpyRndSatTable
003fe6e4    ff9b (003fe6c0)     _IQ13mpyRndSatTable
003fe6f0    ff9b (003fe6c0)     _IQ12mpyRndSatTable
003fe6fc    ff9b (003fe6c0)     _IQ11mpyRndSatTable

003fe708    ff9c (003fe700)     _IQ10mpyRndSatTable
003fe714    ff9c (003fe700)     _IQ9mpyRndSatTable
003fe720    ff9c (003fe700)     _IQ8mpyRndSatTable
003fe72c    ff9c (003fe700)     _IQ7mpyRndSatTable
003fe738    ff9c (003fe700)     _IQ6mpyRndSatTable

003fe744    ff9d (003fe740)     _IQ5mpyRndSatTable
003fe750    ff9d (003fe740)     _IQ4mpyRndSatTable
003fe75c    ff9d (003fe740)     _IQ3mpyRndSatTable
003fe768    ff9d (003fe740)     _IQ2mpyRndSatTable
003fe774    ff9d (003fe740)     _IQ1mpyRndSatTable

003fe780    ff9e (003fe780)     _IQmpyRndSatTableEnd


GLOBAL SYMBOLS: SORTED ALPHABETICALLY BY Name 

page  address   name                                             
----  -------   ----                                             
0     00008000  .text                                            
0     0000bf94  C$$EXIT                                          
0     0000bb93  FD$$MPY                                          
0     0000c04d  FD$$TOL                                          
0     0000bb0b  FS$$DIV                                          
0     0000c06c  FS$$TOFD                                         
0     0000bd2b  _ACCEL_init                                      
0     0000bd06  _ACCEL_setParams                                 
0     0000bcd8  _ACCEL_setup                                     
0     0000ae7b  _ADC_disable                                     
0     0000ae71  _ADC_disableBandGap                              
0     0000ae5a  _ADC_disableInt                                  
0     0000ae50  _ADC_disableNoOverlapMode                        
0     0000ae46  _ADC_disableRefBuffers                           
0     0000ae3c  _ADC_disableVoltRefLoConv                        
0     0000ae32  _ADC_enable                                      
0     0000ae28  _ADC_enableBandGap                               
0     0000ae12  _ADC_enableInt                                   
0     0000ae08  _ADC_enableNoOverlapMode                         
0     0000adfe  _ADC_enableRefBuffers                            
0     0000adf4  _ADC_enableVoltRefLoConv                         
0     0000adea  _ADC_getDivideSelect                             
0     0000ade2  _ADC_init                                        
0     0000add8  _ADC_powerDown                                   
0     0000adce  _ADC_powerUp                                     
0     0000adc4  _ADC_reset                                       
0     0000adb3  _ADC_setDivideSelect                             
0     0000ad92  _ADC_setIntMode                                  
0     0000ad81  _ADC_setIntPulseGenMode                          
0     0000ad60  _ADC_setIntSrc                                   
0     0000ad56  _ADC_setOffTrim                                  
0     0000ad3f  _ADC_setSampleMode                               
0     0000ad2c  _ADC_setSampleOverlapMode                        
0     0000ad18  _ADC_setSocChanNumber                            
0     0000ad0b  _ADC_setSocFrc                                   
0     0000ad01  _ADC_setSocFrcWord                               
0     0000aced  _ADC_setSocSampleDelay                           
0     0000acd9  _ADC_setSocTrigSrc                               
0     0000acc8  _ADC_setTempSensorSrc                            
0     0000acb7  _ADC_setVoltRefSrc                               
0     0000ac8d  _ADC_setupSocTrigSrc                             
0     0000ac7e  _CAN_clearGlobalInt                              
0     0000ac74  _CAN_clearRxInt                                  
0     0000ac6a  _CAN_clearTxInt                                  
0     0000ac5e  _CAN_disableGlobalInt                            
0     0000ac56  _CAN_disableMailbox                              
0     0000ac47  _CAN_disableMailboxInt                           
0     0000ac32  _CAN_disablePins                                 
0     0000ac24  _CAN_enableGlobalInt                             
0     0000ac1d  _CAN_enableMailbox                               
0     0000ac0f  _CAN_enableMailboxInt                            
0     0000abf7  _CAN_enablePins                                  
0     0000abef  _CAN_init                                        
0     0000ab9b  _CAN_readByte                                    
0     0000ab90  _CAN_resetErrorFlag                              
0     0000ab86  _CAN_resetMSGCTRL                                
0     0000ab7c  _CAN_resetMsgID                                  
0     0000ab73  _CAN_send                                        
0     0000ab40  _CAN_setBaudRate                                 
0     0000ab06  _CAN_setBitTime                                  
0     0000aaf1  _CAN_setDLC                                      
0     0000aade  _CAN_setMailboxDirection                         
0     0000aad0  _CAN_setModeSCC                                  
0     0000aac2  _CAN_setModeSelfTest                             
0     0000aab2  _CAN_setModeeCAN                                 
0     0000aa91  _CAN_setMsgID                                    
0     0000aa7f  _CAN_write                                       
0     0000b008  _CLK_disableAdcClock                             
0     0000b001  _CLK_disableClaClock                             
0     0000affb  _CLK_disableClkIn                                
0     0000aff7  _CLK_disableCompClock                            
0     0000aff0  _CLK_disableCpuTimerClock                        
0     0000afea  _CLK_disableCrystalOsc                           
0     0000afe3  _CLK_disableEcanaClock                           
0     0000afdc  _CLK_disableEcap1Clock                           
0     0000afd5  _CLK_disableEqep1Clock                           
0     0000afce  _CLK_disableEqep2Clock                           
0     0000afc7  _CLK_disableGpioInputClock                       
0     0000afc0  _CLK_disableHrPwmClock                           
0     0000afb9  _CLK_disableI2cClock                             
0     0000afb2  _CLK_disableLinAClock                            
0     0000afac  _CLK_disableOsc1                                 
0     0000afa6  _CLK_disableOsc1HaltMode                         
0     0000afa0  _CLK_disableOsc2                                 
0     0000af9a  _CLK_disableOsc2HaltMode                         
0     0000af90  _CLK_disablePwmClock                             
0     0000af89  _CLK_disableSciaClock                            
0     0000af82  _CLK_disableScibClock                            
0     0000af7b  _CLK_disableSpiaClock                            
0     0000af77  _CLK_disableSpibClock                            
0     0000af70  _CLK_disableTbClockSync                          
0     0000af6a  _CLK_disableWatchDogHaltMode                     
0     0000af63  _CLK_enableAdcClock                              
0     0000af5c  _CLK_enableClaClock                              
0     0000af56  _CLK_enableClkIn                                 
0     0000af50  _CLK_enableCompClock                             
0     0000af4a  _CLK_enableCpuTimerClock                         
0     0000af44  _CLK_enableCrystalOsc                            
0     0000af3d  _CLK_enableEcanaClock                            
0     0000af36  _CLK_enableEcap1Clock                            
0     0000af2f  _CLK_enableEqep1Clock                            
0     0000af28  _CLK_enableEqep2Clock                            
0     0000af21  _CLK_enableGpioInputClock                        
0     0000af1a  _CLK_enableHrPwmClock                            
0     0000af13  _CLK_enableI2cClock                              
0     0000af0c  _CLK_enableLinAClock                             
0     0000af06  _CLK_enableOsc1                                  
0     0000af00  _CLK_enableOsc1HaltMode                          
0     0000aefa  _CLK_enableOsc2                                  
0     0000aef4  _CLK_enableOsc2HaltMode                          
0     0000aeeb  _CLK_enablePwmClock                              
0     0000aee4  _CLK_enableSciaClock                             
0     0000aedd  _CLK_enableScibClock                             
0     0000aed6  _CLK_enableSpiaClock                             
0     0000aecf  _CLK_enableSpibClock                             
0     0000aec8  _CLK_enableTbClockSync                           
0     0000aec2  _CLK_enableWatchDogHaltMode                      
0     0000aebc  _CLK_init                                        
0     0000aeb5  _CLK_setClkOutPreScaler                          
0     0000aeaf  _CLK_setLowSpdPreScaler                          
0     0000aea8  _CLK_setOsc2Src                                  
0     0000aea1  _CLK_setOscSrc                                   
0     0000ae9a  _CLK_setTimer2PreScale                           
0     0000ae93  _CLK_setTimer2Src                                
0     0000ae8c  _CLK_setWatchDogSrc                              
0     0000ae85  _CLK_setXClkInSrc                                
0     0000bfdf  _CPU_clearIntFlags                               
0     0000bfdc  _CPU_disableDebugInt                             
0     0000bfd9  _CPU_disableGlobalInts                           
0     0000bfd4  _CPU_disableInt                                  
0     0000bfd1  _CPU_disableInts                                 
0     0000bfce  _CPU_disableProtectedRegisterWrite               
0     0000bfcb  _CPU_enableDebugInt                              
0     0000bfc8  _CPU_enableGlobalInts                            
0     0000bfc4  _CPU_enableInt                                   
0     0000bfc1  _CPU_enableProtectedRegisterWrite                
0     0000bfbd  _CPU_init                                        
0     000097ce  _CTRL_getGains                                   
0     000097c7  _CTRL_getIab_filt_pu                             
0     000097c0  _CTRL_getIab_in_pu                               
0     000097b9  _CTRL_getIdq_in_pu                               
0     000097b2  _CTRL_getIdq_ref_pu                              
0     00009809  _CTRL_getMagCurrent_pu                           
0     00009806  _CTRL_getMaximumSpeed_pu                         
0     000097ab  _CTRL_getVab_in_pu                               
0     000097a4  _CTRL_getVab_out_pu                              
0     0000979d  _CTRL_getVdq_out_pu                              
abs   003fa721  _CTRL_getVersion                                 
0     00009794  _CTRL_getWaitTimes                               
abs   003fa6fb  _CTRL_initCtrl                                   
0     00009217  _CTRL_run                                        
abs   003fa5d1  _CTRL_runTraj                                    
abs   003f9e64  _CTRL_setEstParams                               
0     00008f83  _CTRL_setGains                                   
0     00009800  _CTRL_setMagCurrent_pu                           
0     00009803  _CTRL_setMaximumSpeed_pu                         
0     00008fad  _CTRL_setParams                                  
0     00008f70  _CTRL_setSpd_ref_krpm                            
0     00008f6d  _CTRL_setSpd_ref_pu                              
abs   003f9d31  _CTRL_setUserMotorParams                         
0     00008f64  _CTRL_setWaitTimes                               
0     00008f58  _CTRL_setup                                      
0     00008f3b  _CTRL_setupClarke_I                              
0     00008f24  _CTRL_setupClarke_V                              
abs   003f9b43  _CTRL_setupCtrl                                  
abs   003f99a5  _CTRL_setupEstIdleState                          
abs   003f996a  _CTRL_setupEstOnLineState                        
abs   003f9806  _CTRL_setupTraj                                  
0     00008e72  _CTRL_updateState                                
0     0000aa3f  _Can0ISR                                         
0     0000c680  _CanaShadow                                      
0     0000b812  _DEFAULTS_init                                   
0     0000b726  _DebugDisplay                                    
0     0000b2e2  _ENC_calcElecAngle                               
0     0000b2d8  _ENC_getSpeedRPM                                 
0     0000b2d0  _ENC_init                                        
0     0000b226  _ENC_run                                         
0     0000b18f  _ENC_setup                                       
abs   003f9760  _EST_doCurrentCtrl                               
abs   003f9758  _EST_doSpeedCtrl                                 
abs   003f8c0d  _EST_getAngle_pu                                 
abs   003f96be  _EST_getFlux_VpHz                                
abs   003f96ab  _EST_getFlux_pu                                  
abs   003f968e  _EST_getFm_pu                                    
abs   003f9632  _EST_getIdRated                                  
abs   003f95ff  _EST_getLs_coarse_max_pu                         
abs   003f95f5  _EST_getLs_d_H                                   
abs   003f95f0  _EST_getLs_d_pu                                  
abs   003f95ce  _EST_getLs_q_H                                   
abs   003f95c9  _EST_getLs_q_pu                                  
abs   003f95bd  _EST_getMaxCurrentSlope_pu                       
abs   003f95b3  _EST_getOneOverDcBus_pu                          
abs   003f95ad  _EST_getRr_Ohm                                   
abs   003f9513  _EST_getRs_Ohm                                   
abs   003f94c6  _EST_getSpeed_krpm                               
abs   003f861b  _EST_getState                                    
abs   003f9458  _EST_get_krpm_to_pu_sf                           
abs   003f938d  _EST_isError                                     
abs   003f9386  _EST_isIdle                                      
abs   003f937f  _EST_isLockRotor                                 
abs   003f8679  _EST_isMotorIdentified                           
abs   003f9378  _EST_isOnLine                                    
abs   003f927b  _EST_run                                         
abs   003f8bdb  _EST_setFlag_enableForceAngle                    
abs   003f8bd3  _EST_setFlag_enableRsRecalc                      
abs   003f8b80  _EST_setId_ref_pu                                
abs   003f8b7a  _EST_setIdle                                     
abs   003f8b67  _EST_setIdle_all                                 
abs   003f8b63  _EST_setIq_ref_pu                                
abs   003f8b45  _EST_setLs_d_pu                                  
abs   003f8af1  _EST_setLs_qFmt                                  
abs   003f8ae7  _EST_setLs_q_pu                                  
abs   003f8adb  _EST_setMaxCurrentSlope_pu                       
abs   003f8a18  _EST_setRs_pu                                    
abs   003f89f5  _EST_updateId_ref_pu                             
abs   003f8713  _EST_updateState                                 
abs   003f861d  _EST_useZeroIq_ref                               
0     0000c004  _FILTER_FO_getDenCoeffs                          
0     0000bffb  _FILTER_FO_getInitialConditions                  
0     0000bff5  _FILTER_FO_getNumCoeffs                          
0     0000bfef  _FILTER_FO_init                                  
0     0000bfed  _FILTER_FO_setDenCoeffs                          
0     0000bfe6  _FILTER_FO_setInitialConditions                  
0     0000bfe2  _FILTER_FO_setNumCoeffs                          
0     0000c047  _FLASH_clear3VStatus                             
0     0000014b  _FLASH_disablePipelineMode                       
0     00000145  _FLASH_enablePipelineMode                        
0     0000c044  _FLASH_get3VStatus                               
0     0000c041  _FLASH_getActiveWaitCount                        
0     0000c03d  _FLASH_getActiveWaitStatus                       
0     0000c03a  _FLASH_getPowerMode                              
0     0000c037  _FLASH_getStandbyWaitCount                       
0     0000c033  _FLASH_getStandbyWaitStatus                      
0     0000c02d  _FLASH_init                                      
0     00000140  _FLASH_setActiveWaitCount                        
0     00000139  _FLASH_setNumPagedReadWaitStates                 
0     00000132  _FLASH_setNumRandomReadWaitStates                
0     0000012b  _FLASH_setOtpWaitStates                          
0     00000124  _FLASH_setPowerMode                              
0     0000011f  _FLASH_setStandbyWaitCount                       
0     0000c104  _Flag_Latch_softwareUpdate                       
0     0000b181  _GPIO_getData                                    
0     0000b176  _GPIO_getPortData                                
0     0000b170  _GPIO_init                                       
0     0000b166  _GPIO_lpmSelect                                  
0     0000b147  _GPIO_read                                       
0     0000b12d  _GPIO_setDirection                               
0     0000b122  _GPIO_setExtInt                                  
0     0000b112  _GPIO_setHigh                                    
0     0000b102  _GPIO_setLow                                     
0     0000b0ca  _GPIO_setMode                                    
0     0000b0bd  _GPIO_setPortData                                
0     0000b0a3  _GPIO_setPullup                                  
0     0000b066  _GPIO_setQualification                           
0     0000b01f  _GPIO_setQualificationPeriod                     
0     0000b00f  _GPIO_toggle                                     
0     000088af  _HAL_AdcCalChanSelect                            
0     00008906  _HAL_AdcCalConversion                            
0     00008a6b  _HAL_AdcOffsetSelfCal                            
0     00008b31  _HAL_OscTempComp                                 
0     00008b8a  _HAL_cal                                         
0     00008e6e  _HAL_disableGlobalInts                           
0     00008cf6  _HAL_disableWdog                                 
0     00008e5c  _HAL_enableAdcInts                               
0     00008e45  _HAL_enableCANInts                               
0     00008e41  _HAL_enableDebugInt                              
0     00008e3d  _HAL_enableGlobalInts                            
0     00008e2c  _HAL_enablePwmInt                                
0     00008e1c  _HAL_enableSPIBInts                              
0     00008e0b  _HAL_enableSciRxInts                             
0     00008a9e  _HAL_getOscTrimValue                             
0     00008cfb  _HAL_init                                        
0     00008ab1  _HAL_osc1Comp                                    
0     00008af1  _HAL_osc2Comp                                    
0     00008ba1  _HAL_setParams                                   
0     00008078  _HAL_setResolverMode                             
0     00008773  _HAL_setupAdcs                                   
0     0000865d  _HAL_setupCAN                                    
0     00008641  _HAL_setupClks                                   
0     00008619  _HAL_setupFaults                                 
0     000085fb  _HAL_setupFlash                                  
0     00008416  _HAL_setupGpios                                  
0     000083f9  _HAL_setupI2C                                    
0     00008380  _HAL_setupIOExtender                             
0     00008329  _HAL_setupPeripheralClks                         
0     0000830d  _HAL_setupPie                                    
0     000082ce  _HAL_setupPll                                    
0     0000824b  _HAL_setupPwmDacs                                
0     0000815a  _HAL_setupPwms                                   
0     000080b6  _HAL_setupQEP                                    
0     00008088  _HAL_setupResolver                               
0     00008044  _HAL_setupScia                                   
0     00008006  _HAL_setupTimers                                 
0     0000b95f  _HDLC_FrameDecode                                
0     0000b91b  _HDLC_charReceiver                               
0     0000b915  _HDLC_init                                       
0     0000b912  _HDLC_sendChar                                   
0     0000b906  _HDLC_setParams                                  
0     0000b5ea  _I2C_ReadData                                    
0     0000b5a7  _I2C_WriteData                                   
0     0000b5a3  _I2C_clearRxFifoInt                              
0     0000b59f  _I2C_clearTxFifoInt                              
0     0000b59b  _I2C_disable                                     
0     0000b597  _I2C_disableARDYInt                              
0     0000b593  _I2C_disableRXFIFO                               
0     0000b58f  _I2C_disableRxRdyInt                             
0     0000b58b  _I2C_disableStopInt                              
0     0000b587  _I2C_disableTXFIFO                               
0     0000b583  _I2C_disableTxRdyInt                             
0     0000b57f  _I2C_enable                                      
0     0000b57b  _I2C_enableARDYInt                               
0     0000b577  _I2C_enableRXFIFO                                
0     0000b573  _I2C_enableRxRdyInt                              
0     0000b56f  _I2C_enableStopInt                               
0     0000b56b  _I2C_enableTXFIFO                                
0     0000b567  _I2C_enableTxRdyInt                              
0     0000b561  _I2C_init                                        
0     0000b55d  _I2C_isBusy                                      
0     0000b559  _I2C_overrun                                     
0     0000b555  _I2C_resetRXFIFO                                 
0     0000b551  _I2C_resetTXFIFO                                 
0     0000b53e  _I2C_setFrequency                                
0     0000b53a  _I2C_setRXFIFOiLevel                             
0     0000b536  _I2C_setTXFIFOiLevel                             
0     003fe708  _IQ10mpyRndSatTable                              
0     003fe6fc  _IQ11mpyRndSatTable                              
0     003fe6f0  _IQ12mpyRndSatTable                              
0     003fe6e4  _IQ13mpyRndSatTable                              
0     003fe6d8  _IQ14mpyRndSatTable                              
0     003fe6cc  _IQ15mpyRndSatTable                              
0     003fe6c0  _IQ16mpyRndSatTable                              
0     003fe6b4  _IQ17mpyRndSatTable                              
0     003fe6a8  _IQ18mpyRndSatTable                              
0     003fe69c  _IQ19mpyRndSatTable                              
0     003fe774  _IQ1mpyRndSatTable                               
0     003fe690  _IQ20mpyRndSatTable                              
0     003fe684  _IQ21mpyRndSatTable                              
0     003fe678  _IQ22mpyRndSatTable                              
0     003fe66c  _IQ23mpyRndSatTable                              
0     003fe660  _IQ24mpyRndSatTable                              
0     003fe654  _IQ25mpyRndSatTable                              
0     003fe648  _IQ26mpyRndSatTable                              
0     003fe63c  _IQ27mpyRndSatTable                              
0     003fe630  _IQ28mpyRndSatTable                              
0     003fe624  _IQ29mpyRndSatTable                              
0     003fe768  _IQ2mpyRndSatTable                               
0     003fe618  _IQ30mpyRndSatTable                              
0     003fe75c  _IQ3mpyRndSatTable                               
0     003fe750  _IQ4mpyRndSatTable                               
0     003fe744  _IQ5mpyRndSatTable                               
0     003fe738  _IQ6mpyRndSatTable                               
0     003fe72c  _IQ7mpyRndSatTable                               
0     003fe720  _IQ8mpyRndSatTable                               
0     003fe714  _IQ9mpyRndSatTable                               
0     003fe454  _IQatan2HalfPITable                              
0     003fe492  _IQatan2Table                                    
0     003fe618  _IQatan2TableEnd                                 
0     003fdd30  _IQcosTable                                      
0     003fe132  _IQcosTableEnd                                   
0     003fe132  _IQdivRoundSatTable                              
0     003fe140  _IQdivTable                                      
0     003fe342  _IQdivTableEnd                                   
0     003fe342  _IQisqrtRoundSatTable                            
0     003fe352  _IQisqrtTable                                    
0     003fe454  _IQisqrtTableEnd                                 
0     003fe618  _IQmpyRndSatTable                                
0     003fe780  _IQmpyRndSatTableEnd                             
0     003fdc30  _IQsinTable                                      
0     003fe030  _IQsinTableEnd                                   
0     003fe342  _IQsqrtRoundSatTable                             
0     003fe352  _IQsqrtTable                                     
0     003fe454  _IQsqrtTableEnd                                  
0     0000a538  _MOTORWARE_enableInts                            
0     0000a4c5  _MOTORWARE_init                                  
0     0000a2bd  _MOTORWARE_runSequencer                          
0     0000a232  _MOTORWARE_updateGlobalVariables_motor           
0     0000a1ef  _MOTORWARE_updateIqRef                           
0     0000be17  _OFFSET_getBeta                                  
0     0000be06  _OFFSET_init                                     
0     0000bdf0  _OFFSET_setBeta                                  
0     0000bde1  _OFFSET_setInitCond                              
0     0000bddf  _OFFSET_setOffset                                
0     0000bf8e  _OSC_init                                        
0     0000bf81  _OSC_setCoarseTrim                               
0     0000bf70  _OSC_setFineTrim                                 
0     0000bf67  _OSC_setTrim                                     
0     0000b52f  _PIE_clearAllFlags                               
0     0000b52c  _PIE_clearAllInts                                
0     0000b529  _PIE_disable                                     
0     0000b522  _PIE_disableAllInts                              
0     0000b51e  _PIE_disableCaptureInt                           
0     0000b515  _PIE_disableExtInt                               
0     0000b50b  _PIE_disableInt                                  
0     0000b508  _PIE_enable                                      
0     0000b4ee  _PIE_enableAdcInt                                
0     0000b4ea  _PIE_enableCan0Int                               
0     0000b4e6  _PIE_enableCaptureInt                            
0     0000b4c9  _PIE_enableExtInt                                
0     0000b4c0  _PIE_enableInt                                   
0     0000b4bb  _PIE_enablePwmInt                                
0     0000b4b6  _PIE_enablePwmTzInt                              
0     0000b4b2  _PIE_enableSciRxInt                              
0     0000b4ae  _PIE_enableSpibTxInt                             
0     0000b4ab  _PIE_enableTimer0Int                             
0     0000b4a2  _PIE_forceInt                                    
0     0000b49a  _PIE_getExtIntCount                              
0     0000b493  _PIE_getIntEnables                               
0     0000b48c  _PIE_getIntFlags                                 
0     0000c0e1  _PIE_illegalIsr                                  
0     0000b484  _PIE_init                                        
0     0000b473  _PIE_registerPieIntHandler                       
0     0000b468  _PIE_registerSystemIntHandler                    
0     0000b45d  _PIE_setDefaultIntVectorTable                    
0     0000b44c  _PIE_setExtIntPolarity                           
0     0000b439  _PIE_unregisterPieIntHandler                     
0     0000b42c  _PIE_unregisterSystemIntHandler                  
0     0000bcd2  _PLL_disable                                     
0     0000bccc  _PLL_disableClkDetect                            
0     0000bcc6  _PLL_disableNormRdy                              
0     0000bcc0  _PLL_disableOsc                                  
0     0000bcba  _PLL_enable                                      
0     0000bcb4  _PLL_enableClkDetect                             
0     0000bcae  _PLL_enableNormRdy                               
0     0000bca8  _PLL_enableOsc                                   
0     0000bca4  _PLL_getClkFreq                                  
0     0000bca1  _PLL_getClkStatus                                
0     0000bc9e  _PLL_getDivideSelect                             
0     0000bc9b  _PLL_getLockStatus                               
0     0000bc95  _PLL_init                                        
0     0000bc8f  _PLL_resetClkDetect                              
0     0000bc89  _PLL_setClkFreq                                  
0     0000bc82  _PLL_setDivideSelect                             
0     0000bc7d  _PLL_setLockPeriod                               
0     0000c0bb  _PROTO_commandDefault                            
0     0000b811  _PROTO_commandEcho                               
0     0000b7fa  _PROTO_commandError                              
0     0000b7f0  _PROTO_commandToggleLED                          
0     0000b7d7  _PROTO_readSignature                             
0     0000c0bc  _PROTO_router                                    
0     0000a853  _PWM_clearTripZone                               
0     0000a850  _PWM_decrementDeadBandFallingEdgeDelay           
0     0000a84d  _PWM_decrementDeadBandRisingEdgeDelay            
0     0000a846  _PWM_disableAutoConvert                          
0     0000a842  _PWM_disableChopping                             
0     0000a83f  _PWM_disableCounterLoad                          
0     0000a83c  _PWM_disableDeadBand                             
0     0000a838  _PWM_disableDeadBandHalfCycle                    
0     0000a831  _PWM_disableDigitalCompareBlankingWindow         
0     0000a82a  _PWM_disableDigitalCompareBlankingWindowInversion
0     0000a823  _PWM_disableHrPeriod                             
0     0000a81c  _PWM_disableHrPhaseSync                          
0     0000a818  _PWM_disableInt                                  
0     0000a814  _PWM_disableSocAPulse                            
0     0000a810  _PWM_disableSocBPulse                            
0     0000a809  _PWM_disableTripZoneInt                          
0     0000a802  _PWM_disableTripZoneSrc                          
0     0000a7fc  _PWM_disableTripZones                            
0     0000a7f5  _PWM_enableAutoConvert                           
0     0000a7f1  _PWM_enableChopping                              
0     0000a7ee  _PWM_enableCounterLoad                           
0     0000a7ea  _PWM_enableDeadBandHalfCycle                     
0     0000a7e3  _PWM_enableDigitalCompareBlankingWindow          
0     0000a7dc  _PWM_enableDigitalCompareBlankingWindowInversion 
0     0000a7d5  _PWM_enableHrPeriod                              
0     0000a7ce  _PWM_enableHrPhaseSync                           
0     0000a7ca  _PWM_enableInt                                   
0     0000a7c6  _PWM_enableSocAPulse                             
0     0000a7c2  _PWM_enableSocBPulse                             
0     0000a7bc  _PWM_enableTripZoneInt                           
0     0000a7b6  _PWM_enableTripZoneSrc                           
0     0000a7b3  _PWM_getDeadBandFallingEdgeDelay                 
0     0000a7b0  _PWM_getDeadBandRisingEdgeDelay                  
0     0000a7ac  _PWM_getIntCount                                 
0     0000a7a8  _PWM_getShadowStatus_CmpA                        
0     0000a7a4  _PWM_getShadowStatus_CmpB                        
0     0000a79f  _PWM_getSocACount                                
0     0000a79a  _PWM_getSocBCount                                
0     0000a797  _PWM_incrementDeadBandFallingEdgeDelay           
0     0000a794  _PWM_incrementDeadBandRisingEdgeDelay            
0     0000a78e  _PWM_init                                        
0     0000a787  _PWM_setActionQualContSWForce_PwmA               
0     0000a77e  _PWM_setActionQualContSWForce_PwmB               
0     0000a775  _PWM_setActionQual_CntDown_CmpA_PwmA             
0     0000a76c  _PWM_setActionQual_CntDown_CmpA_PwmB             
0     0000a763  _PWM_setActionQual_CntDown_CmpB_PwmA             
0     0000a75a  _PWM_setActionQual_CntDown_CmpB_PwmB             
0     0000a751  _PWM_setActionQual_CntUp_CmpA_PwmA               
0     0000a748  _PWM_setActionQual_CntUp_CmpA_PwmB               
0     0000a73f  _PWM_setActionQual_CntUp_CmpB_PwmA               
0     0000a736  _PWM_setActionQual_CntUp_CmpB_PwmB               
0     0000a72d  _PWM_setActionQual_Period_PwmA                   
0     0000a724  _PWM_setActionQual_Period_PwmB                   
0     0000a71d  _PWM_setActionQual_Zero_PwmA                     
0     0000a716  _PWM_setActionQual_Zero_PwmB                     
0     0000a70f  _PWM_setChoppingClkFreq                          
0     0000a708  _PWM_setChoppingDutyCycle                        
0     0000a701  _PWM_setChoppingPulseWidth                       
0     0000a6fd  _PWM_setClkDiv                                   
0     0000a6fb  _PWM_setCount                                    
0     0000a6f7  _PWM_setCounterMode                              
0     0000a6f4  _PWM_setDeadBandFallingEdgeDelay                 
0     0000a6ed  _PWM_setDeadBandInputMode                        
0     0000a6e6  _PWM_setDeadBandOutputMode                       
0     0000a6df  _PWM_setDeadBandPolarity                         
0     0000a6dc  _PWM_setDeadBandRisingEdgeDelay                  
0     0000a6c2  _PWM_setDigitalCompareAEvent1                    
0     0000a6b2  _PWM_setDigitalCompareAEvent2                    
0     0000a698  _PWM_setDigitalCompareBEvent1                    
0     0000a688  _PWM_setDigitalCompareBEvent2                    
0     0000a67c  _PWM_setDigitalCompareBlankingPulse              
0     0000a679  _PWM_setDigitalCompareFilterOffset               
0     0000a66f  _PWM_setDigitalCompareFilterSource               
0     0000a66c  _PWM_setDigitalCompareFilterWindow               
0     0000a65d  _PWM_setDigitalCompareInput                      
0     0000a659  _PWM_setHighSpeedClkDiv                          
0     0000a64f  _PWM_setHrControlMode                            
0     0000a645  _PWM_setHrEdgeMode                               
0     0000a63b  _PWM_setHrShadowMode                             
0     0000a634  _PWM_setIntMode                                  
0     0000a62d  _PWM_setIntPeriod                                
0     0000a629  _PWM_setLoadMode_CmpA                            
0     0000a623  _PWM_setLoadMode_CmpB                            
0     0000a621  _PWM_setPeriod                                   
0     0000a61c  _PWM_setPeriodHr                                 
0     0000a618  _PWM_setPeriodLoad                               
0     0000a616  _PWM_setPhase                                    
0     0000a612  _PWM_setPhaseDir                                 
0     0000a60e  _PWM_setRunMode                                  
0     0000a608  _PWM_setShadowMode_CmpA                          
0     0000a602  _PWM_setShadowMode_CmpB                          
0     0000a5f9  _PWM_setSocAPeriod                               
0     0000a5f0  _PWM_setSocAPulseSrc                             
0     0000a5e7  _PWM_setSocBPeriod                               
0     0000a5de  _PWM_setSocBPulseSrc                             
0     0000a5db  _PWM_setSwSync                                   
0     0000a5d7  _PWM_setSyncMode                                 
0     0000a5cd  _PWM_setTripZoneDCEventSelect_DCAEVT1            
0     0000a5c1  _PWM_setTripZoneDCEventSelect_DCAEVT2            
0     0000a5b5  _PWM_setTripZoneDCEventSelect_DCBEVT1            
0     0000a5a9  _PWM_setTripZoneDCEventSelect_DCBEVT2            
0     0000a59d  _PWM_setTripZoneState_DCAEVT1                    
0     0000a591  _PWM_setTripZoneState_DCAEVT2                    
0     0000a585  _PWM_setTripZoneState_DCBEVT1                    
0     0000a579  _PWM_setTripZoneState_DCBEVT2                    
0     0000a56f  _PWM_setTripZoneState_TZA                        
0     0000a563  _PWM_setTripZoneState_TZB                        
0     0000bef3  _PWR_disableBrownOutReset                        
0     0000bee9  _PWR_disableWatchDogInt                          
0     0000bee6  _PWR_enableBrownOutReset                         
0     0000bedc  _PWR_enableWatchDogInt                           
0     0000bed4  _PWR_init                                        
0     0000bec3  _PWR_setLowPowerMode                             
0     0000beb2  _PWR_setNumStandByClocks                         
0     0000c0fc  _QEP_init                                        
0     00000155  _RamfuncsLoadEnd                                 
abs   00000036  _RamfuncsLoadSize                                
0     0000011f  _RamfuncsLoadStart                               
0     0000011f  _RamfuncsRunStart                                
0     0000b722  _SCI_clearAutoBaudDetect                         
0     0000b71e  _SCI_clearRxFifoInt                              
0     0000b71a  _SCI_clearRxFifoOvf                              
0     0000b716  _SCI_clearTxFifoInt                              
0     0000b713  _SCI_disable                                     
0     0000b70f  _SCI_disableAutoBaudAlign                        
0     0000b70c  _SCI_disableLoopBack                             
0     0000b709  _SCI_disableParity                               
0     0000b706  _SCI_disableRx                                   
0     0000b703  _SCI_disableRxErrorInt                           
0     0000b6ff  _SCI_disableRxFifoInt                            
0     0000b6fc  _SCI_disableRxInt                                
0     0000b6f9  _SCI_disableSleep                                
0     0000b6f6  _SCI_disableTx                                   
0     0000b6f2  _SCI_disableTxFifoEnh                            
0     0000b6ee  _SCI_disableTxFifoInt                            
0     0000b6eb  _SCI_disableTxInt                                
0     0000b6e8  _SCI_disableTxWake                               
0     0000b6e5  _SCI_enable                                      
0     0000b6e1  _SCI_enableAutoBaudAlign                         
0     0000b6dd  _SCI_enableChannels                              
0     0000b6da  _SCI_enableLoopBack                              
0     0000b6d7  _SCI_enableParity                                
0     0000b6d4  _SCI_enableRx                                    
0     0000b6d1  _SCI_enableRxErrorInt                            
0     0000b6cd  _SCI_enableRxFifo                                
0     0000b6c9  _SCI_enableRxFifoInt                             
0     0000b6c6  _SCI_enableRxInt                                 
0     0000b6c3  _SCI_enableSleep                                 
0     0000b6c0  _SCI_enableTx                                    
0     0000b6bc  _SCI_enableTxFifo                                
0     0000b6b8  _SCI_enableTxFifoEnh                             
0     0000b6b4  _SCI_enableTxFifoInt                             
0     0000b6b1  _SCI_enableTxInt                                 
0     0000b6ae  _SCI_enableTxWake                                
0     0000b6a8  _SCI_getDataBlocking                             
0     0000b69f  _SCI_getDataNonBlocking                          
0     0000b69b  _SCI_getRxFifoStatus                             
0     0000b697  _SCI_getTxFifoStatus                             
0     0000b691  _SCI_init                                        
0     0000b68a  _SCI_putDataBlocking                             
0     0000b681  _SCI_putDataNonBlocking                          
0     0000b67e  _SCI_reset                                       
0     0000b674  _SCI_resetChannels                               
0     0000b66a  _SCI_resetRxFifo                                 
0     0000b660  _SCI_resetTxFifo                                 
0     0000b65a  _SCI_setBaudRate                                 
0     0000b656  _SCI_setCharLength                               
0     0000b652  _SCI_setMode                                     
0     0000b64e  _SCI_setNumStopBits                              
0     0000b64a  _SCI_setParity                                   
0     0000b647  _SCI_setPriority                                 
0     0000b640  _SCI_setRxFifoIntLevel                           
0     0000b639  _SCI_setTxDelay                                  
0     0000b632  _SCI_setTxFifoIntLevel                           
0     0000bef9  _SMART_disableDCDC                               
0     0000beff  _SMART_disableHV                                 
0     0000bf05  _SMART_disableIGBT                               
0     0000bf2f  _SMART_enableDCDC                                
0     0000bf29  _SMART_enableHV                                  
0     0000bf23  _SMART_enableIGBT                                
0     0000bf1d  _SMART_getExtDCDCen                              
0     0000bf17  _SMART_getExtMotorEn                             
0     0000bf0b  _SMART_init                                      
0     0000bef8  _SMART_setBrakeLight                             
0     0000bef7  _SMART_setSpeedo                                 
0     0000bef6  _SMART_setTemp                                   
0     0000bb07  _SPI_clearRxFifoInt                              
0     0000bb03  _SPI_clearRxFifoOvf                              
0     0000baff  _SPI_clearTxFifoInt                              
0     0000bafc  _SPI_disableInt                                  
0     0000baf9  _SPI_disableLoopBack                             
0     0000baf6  _SPI_disableOverRunInt                           
0     0000baf2  _SPI_disableRxFifoInt                            
0     0000baef  _SPI_disableTx                                   
0     0000baeb  _SPI_disableTxFifoEnh                            
0     0000bae7  _SPI_disableTxFifoInt                            
0     0000bae4  _SPI_enable                                      
0     0000bae0  _SPI_enableChannels                              
0     0000badd  _SPI_enableInt                                   
0     0000bada  _SPI_enableLoopBack                              
0     0000bad7  _SPI_enableOverRunInt                            
0     0000bad3  _SPI_enableRxFifo                                
0     0000bacf  _SPI_enableRxFifoInt                             
0     0000bacc  _SPI_enableTx                                    
0     0000bac8  _SPI_enableTxFifo                                
0     0000bac4  _SPI_enableTxFifoEnh                             
0     0000bac0  _SPI_enableTxFifoInt                             
0     0000babd  _SPI_getIntFlagStatus                            
0     0000bab9  _SPI_getRxFifoStatus                             
0     0000bab6  _SPI_getTxBufferStatus                           
0     0000bab2  _SPI_getTxFifoStatus                             
0     0000baac  _SPI_init                                        
0     0000baa9  _SPI_reset                                       
0     0000baa5  _SPI_resetChannels                               
0     0000baa1  _SPI_resetRxFifo                                 
0     0000ba9d  _SPI_resetTxFifo                                 
0     0000ba9b  _SPI_setBaudRate                                 
0     0000ba97  _SPI_setCharLength                               
0     0000ba95  _SPI_setClkPhase                                 
0     0000ba91  _SPI_setClkPolarity                              
0     0000ba8f  _SPI_setMode                                     
0     0000ba88  _SPI_setPriority                                 
0     0000ba81  _SPI_setRxFifoIntLevel                           
0     0000ba7a  _SPI_setSteInv                                   
0     0000ba73  _SPI_setSuspend                                  
0     0000ba6c  _SPI_setTriWire                                  
0     0000ba69  _SPI_setTxDelay                                  
0     0000ba62  _SPI_setTxFifoIntLevel                           
0     0000aa02  _SciaRxISR                                       
0     0000a9f5  _SpiBTxISR                                       
0     0000b9c2  _THROTTLE_calcParams                             
0     0000ba5c  _THROTTLE_init                                   
0     0000b9fd  _THROTTLE_runState                               
0     0000b9e4  _THROTTLE_setParams                              
0     0000b9b8  _THROTTLE_setup                                  
0     0000bf64  _TIMER_clearFlag                                 
0     0000bf61  _TIMER_disableInt                                
0     0000bf5e  _TIMER_enableInt                                 
0     0000bf5b  _TIMER_getStatus                                 
0     0000bf55  _TIMER_init                                      
0     0000bf47  _TIMER_setDecimationFactor                       
0     0000bf43  _TIMER_setEmulationMode                          
0     0000bf35  _TIMER_setPreScaler                              
0     00009da8  _USER_calcPIgains                                
0     00009da7  _USER_checkForErrors                             
0     00009d99  _USER_computeFlux                                
0     00009d41  _USER_computeFlux_pu_to_VpHz_sf                  
0     00009cd9  _USER_computeFlux_pu_to_Wb_sf                    
0     00009c5e  _USER_computeTorque_Flux_Iq_pu_to_Nm_sf          
0     00009c03  _USER_computeTorque_Ls_Id_Iq_pu_to_Nm_sf         
0     00009ba2  _USER_computeTorque_Nm                           
0     00009b35  _USER_computeTorque_lbin                         
0     00009b32  _USER_getErrorCode                               
0     00009b2f  _USER_setErrorCode                               
0     0000989c  _USER_setParams                                  
0     0000980c  _USER_softwareUpdate1p6                          
0     0000beaa  _WDOG_clearCounter                               
0     0000bea2  _WDOG_disable                                    
0     0000be9c  _WDOG_disableInt                                 
0     0000be96  _WDOG_disableOverRide                            
0     0000be8d  _WDOG_enable                                     
0     0000be87  _WDOG_enableInt                                  
0     0000be81  _WDOG_enableOverRide                             
0     0000be7e  _WDOG_getIntStatus                               
0     0000be78  _WDOG_init                                       
0     0000be76  _WDOG_setCount                                   
0     0000be6c  _WDOG_setPreScaler                               
0     0000c8f6  __IQ24cosPU                                      
0     0000c844  __IQ24div                                        
0     0000c8cd  __IQ24sinPU                                      
0     0000c88b  __IQ24sqrt                                       
0     0000c91d  __IQ24toF                                        
0     0000c933  __IQ30toF                                        
1     000007b0  __STACK_END                                      
abs   000003b0  __STACK_SIZE                                     
0     0000c114  ___TI_cleanup_ptr                                
0     0000c116  ___TI_dtors_ptr                                  
0     0000c112  ___TI_enable_exit_profile_output                 
abs   ffffffff  ___TI_pprof_out_hndl                             
abs   ffffffff  ___TI_prof_data_size                             
abs   ffffffff  ___TI_prof_data_start                            
abs   ffffffff  ___binit__                                       
abs   ffffffff  ___c_args__                                      
0     00000050  ___cinit__                                       
0     0000c104  ___etext__                                       
abs   ffffffff  ___pinit__                                       
0     00008000  ___text__                                        
0     0000c0a2  __args_main                                      
0     0000c118  __lock                                           
0     0000c0f3  __nop                                            
0     0000c0ef  __register_lock                                  
0     0000c0eb  __register_unlock                                
1     00000400  __stack                                          
0     0000a859  __system_post_cinit                              
0     0000c102  __system_pre_init                                
0     0000c11a  __unlock                                         
0     0000bf94  _abort                                           
0     0000c140  _accelerator                                     
0     0000c412  _angle                                           
0     0000bd89  _c_int00                                         
0     0000bd31  _ceil                                            
0     0000bd31  _ceilf                                           
0     0000c10e  _controller_obj                                  
0     0000be26  _copy_in                                         
0     0000c0d0  _copysign                                        
0     0000c0d0  _copysignf                                       
0     0000c11c  _cpu                                             
0     0000c400  _crc                                             
0     0000c6c0  _crc_ccitt_table                                 
0     0000b8fc  _crc_ccitt_update                                
0     0000c414  _ctrlHandle                                      
0     0000c407  _data                                            
0     0000c088  _ddcopy                                          
0     0000c088  _dpcopy                                          
0     0000c2c0  _encoder                                         
0     0000c11d  _errno                                           
0     0000bf96  _exit                                            
0     0000c41c  _gAdcData                                        
0     0000c42a  _gAdcDataSec                                     
0     0000c105  _gCounter_updateGlobals                          
0     0000c440  _gDebugVars                                      
0     0000c10c  _gFlux_pu_to_VpHz_sf                             
0     0000c110  _gFlux_pu_to_Wb_sf                               
0     0000c408  _gLEDcnt                                         
0     0000c106  _gMaxCurrentSlope                                
0     0000c480  _gMotorVars                                      
0     0000c416  _gPwmData                                        
0     0000c10a  _gTorque_Flux_Iq_pu_to_Nm_sf                     
0     0000c108  _gTorque_Ls_Id_Iq_pu_to_Nm_sf                    
0     0000c401  _gUpdateDisplay                                  
0     0000c500  _gUserParams                                     
0     0000c409  _g_enDCDC                                        
0     0000c403  _g_enHV                                          
0     0000c404  _g_enIGBT                                        
0     0000c402  _g_sw1                                           
0     0000c405  _g_sw2                                           
0     0000c200  _hal                                             
0     0000c40a  _halHandle                                       
0     0000c600  _hdlc                                            
0     0000bc16  _ldexp                                           
0     0000bc16  _ldexpf                                          
0     0000b305  _log                                             
0     0000b305  _logf                                            
0     0000b7b1  _main                                            
0     0000a85a  _mainISR                                         
0     0000c180  _memory                                          
0     0000c088  _pdcopy                                          
0     00009e70  _pow                                             
0     00009e70  _powf                                            
0     0000c088  _ppcopy                                          
0     0000bc16  _scalbn                                          
0     0000bc16  _scalbnf                                         
0     0000c008  _sqrt                                            
0     0000c008  _sqrtf                                           
0     0000c406  _success                                         
0     0000c40c  _throttleA                                       
0     0000c410  _throttleB                                       
0     0000c40e  _throttleResult                                  
0     00000151  _usDelay                                         
abs   ffffffff  binit                                            
0     00000050  cinit                                            
0     00000000  code_start                                       
0     0000c104  etext                                            
abs   ffffffff  pinit                                            


GLOBAL SYMBOLS: SORTED BY Symbol Address 

page  address   name                                             
----  -------   ----                                             
0     00000000  code_start                                       
0     00000050  ___cinit__                                       
0     00000050  cinit                                            
0     0000011f  _FLASH_setStandbyWaitCount                       
0     0000011f  _RamfuncsLoadStart                               
0     0000011f  _RamfuncsRunStart                                
0     00000124  _FLASH_setPowerMode                              
0     0000012b  _FLASH_setOtpWaitStates                          
0     00000132  _FLASH_setNumRandomReadWaitStates                
0     00000139  _FLASH_setNumPagedReadWaitStates                 
0     00000140  _FLASH_setActiveWaitCount                        
0     00000145  _FLASH_enablePipelineMode                        
0     0000014b  _FLASH_disablePipelineMode                       
0     00000151  _usDelay                                         
0     00000155  _RamfuncsLoadEnd                                 
0     00008000  .text                                            
0     00008000  ___text__                                        
0     00008006  _HAL_setupTimers                                 
0     00008044  _HAL_setupScia                                   
0     00008078  _HAL_setResolverMode                             
0     00008088  _HAL_setupResolver                               
0     000080b6  _HAL_setupQEP                                    
0     0000815a  _HAL_setupPwms                                   
0     0000824b  _HAL_setupPwmDacs                                
0     000082ce  _HAL_setupPll                                    
0     0000830d  _HAL_setupPie                                    
0     00008329  _HAL_setupPeripheralClks                         
0     00008380  _HAL_setupIOExtender                             
0     000083f9  _HAL_setupI2C                                    
0     00008416  _HAL_setupGpios                                  
0     000085fb  _HAL_setupFlash                                  
0     00008619  _HAL_setupFaults                                 
0     00008641  _HAL_setupClks                                   
0     0000865d  _HAL_setupCAN                                    
0     00008773  _HAL_setupAdcs                                   
0     000088af  _HAL_AdcCalChanSelect                            
0     00008906  _HAL_AdcCalConversion                            
0     00008a6b  _HAL_AdcOffsetSelfCal                            
0     00008a9e  _HAL_getOscTrimValue                             
0     00008ab1  _HAL_osc1Comp                                    
0     00008af1  _HAL_osc2Comp                                    
0     00008b31  _HAL_OscTempComp                                 
0     00008b8a  _HAL_cal                                         
0     00008ba1  _HAL_setParams                                   
0     00008cf6  _HAL_disableWdog                                 
0     00008cfb  _HAL_init                                        
0     00008e0b  _HAL_enableSciRxInts                             
0     00008e1c  _HAL_enableSPIBInts                              
0     00008e2c  _HAL_enablePwmInt                                
0     00008e3d  _HAL_enableGlobalInts                            
0     00008e41  _HAL_enableDebugInt                              
0     00008e45  _HAL_enableCANInts                               
0     00008e5c  _HAL_enableAdcInts                               
0     00008e6e  _HAL_disableGlobalInts                           
0     00008e72  _CTRL_updateState                                
0     00008f24  _CTRL_setupClarke_V                              
0     00008f3b  _CTRL_setupClarke_I                              
0     00008f58  _CTRL_setup                                      
0     00008f64  _CTRL_setWaitTimes                               
0     00008f6d  _CTRL_setSpd_ref_pu                              
0     00008f70  _CTRL_setSpd_ref_krpm                            
0     00008f83  _CTRL_setGains                                   
0     00008fad  _CTRL_setParams                                  
0     00009217  _CTRL_run                                        
0     00009794  _CTRL_getWaitTimes                               
0     0000979d  _CTRL_getVdq_out_pu                              
0     000097a4  _CTRL_getVab_out_pu                              
0     000097ab  _CTRL_getVab_in_pu                               
0     000097b2  _CTRL_getIdq_ref_pu                              
0     000097b9  _CTRL_getIdq_in_pu                               
0     000097c0  _CTRL_getIab_in_pu                               
0     000097c7  _CTRL_getIab_filt_pu                             
0     000097ce  _CTRL_getGains                                   
0     00009800  _CTRL_setMagCurrent_pu                           
0     00009803  _CTRL_setMaximumSpeed_pu                         
0     00009806  _CTRL_getMaximumSpeed_pu                         
0     00009809  _CTRL_getMagCurrent_pu                           
0     0000980c  _USER_softwareUpdate1p6                          
0     0000989c  _USER_setParams                                  
0     00009b2f  _USER_setErrorCode                               
0     00009b32  _USER_getErrorCode                               
0     00009b35  _USER_computeTorque_lbin                         
0     00009ba2  _USER_computeTorque_Nm                           
0     00009c03  _USER_computeTorque_Ls_Id_Iq_pu_to_Nm_sf         
0     00009c5e  _USER_computeTorque_Flux_Iq_pu_to_Nm_sf          
0     00009cd9  _USER_computeFlux_pu_to_Wb_sf                    
0     00009d41  _USER_computeFlux_pu_to_VpHz_sf                  
0     00009d99  _USER_computeFlux                                
0     00009da7  _USER_checkForErrors                             
0     00009da8  _USER_calcPIgains                                
0     00009e70  _pow                                             
0     00009e70  _powf                                            
0     0000a1ef  _MOTORWARE_updateIqRef                           
0     0000a232  _MOTORWARE_updateGlobalVariables_motor           
0     0000a2bd  _MOTORWARE_runSequencer                          
0     0000a4c5  _MOTORWARE_init                                  
0     0000a538  _MOTORWARE_enableInts                            
0     0000a563  _PWM_setTripZoneState_TZB                        
0     0000a56f  _PWM_setTripZoneState_TZA                        
0     0000a579  _PWM_setTripZoneState_DCBEVT2                    
0     0000a585  _PWM_setTripZoneState_DCBEVT1                    
0     0000a591  _PWM_setTripZoneState_DCAEVT2                    
0     0000a59d  _PWM_setTripZoneState_DCAEVT1                    
0     0000a5a9  _PWM_setTripZoneDCEventSelect_DCBEVT2            
0     0000a5b5  _PWM_setTripZoneDCEventSelect_DCBEVT1            
0     0000a5c1  _PWM_setTripZoneDCEventSelect_DCAEVT2            
0     0000a5cd  _PWM_setTripZoneDCEventSelect_DCAEVT1            
0     0000a5d7  _PWM_setSyncMode                                 
0     0000a5db  _PWM_setSwSync                                   
0     0000a5de  _PWM_setSocBPulseSrc                             
0     0000a5e7  _PWM_setSocBPeriod                               
0     0000a5f0  _PWM_setSocAPulseSrc                             
0     0000a5f9  _PWM_setSocAPeriod                               
0     0000a602  _PWM_setShadowMode_CmpB                          
0     0000a608  _PWM_setShadowMode_CmpA                          
0     0000a60e  _PWM_setRunMode                                  
0     0000a612  _PWM_setPhaseDir                                 
0     0000a616  _PWM_setPhase                                    
0     0000a618  _PWM_setPeriodLoad                               
0     0000a61c  _PWM_setPeriodHr                                 
0     0000a621  _PWM_setPeriod                                   
0     0000a623  _PWM_setLoadMode_CmpB                            
0     0000a629  _PWM_setLoadMode_CmpA                            
0     0000a62d  _PWM_setIntPeriod                                
[...]
0     0000bacf  _SPI_enableRxFifoInt                             
0     0000bad3  _SPI_enableRxFifo                                
0     0000bad7  _SPI_enableOverRunInt                            
0     0000bada  _SPI_enableLoopBack                              
0     0000badd  _SPI_enableInt                                   
0     0000bae0  _SPI_enableChannels                              
0     0000bae4  _SPI_enable                                      
0     0000bae7  _SPI_disableTxFifoInt                            
0     0000baeb  _SPI_disableTxFifoEnh                            
0     0000baef  _SPI_disableTx                                   
0     0000baf2  _SPI_disableRxFifoInt                            
0     0000baf6  _SPI_disableOverRunInt                           
0     0000baf9  _SPI_disableLoopBack                             
0     0000bafc  _SPI_disableInt                                  
0     0000baff  _SPI_clearTxFifoInt                              
0     0000bb03  _SPI_clearRxFifoOvf                              
0     0000bb07  _SPI_clearRxFifoInt                              
0     0000bb0b  FS$$DIV                                          
0     0000bb93  FD$$MPY                                          
0     0000bc16  _ldexp                                           
0     0000bc16  _ldexpf                                          
0     0000bc16  _scalbn                                          
0     0000bc16  _scalbnf                                         
0     0000bc7d  _PLL_setLockPeriod                               
0     0000bc82  _PLL_setDivideSelect                             
0     0000bc89  _PLL_setClkFreq                                  
0     0000bc8f  _PLL_resetClkDetect                              
0     0000bc95  _PLL_init                                        
0     0000bc9b  _PLL_getLockStatus                               
0     0000bc9e  _PLL_getDivideSelect                             
0     0000bca1  _PLL_getClkStatus                                
0     0000bca4  _PLL_getClkFreq                                  
0     0000bca8  _PLL_enableOsc                                   
0     0000bcae  _PLL_enableNormRdy                               
0     0000bcb4  _PLL_enableClkDetect                             
0     0000bcba  _PLL_enable                                      
0     0000bcc0  _PLL_disableOsc                                  
0     0000bcc6  _PLL_disableNormRdy                              
0     0000bccc  _PLL_disableClkDetect                            
0     0000bcd2  _PLL_disable                                     
0     0000bcd8  _ACCEL_setup                                     
0     0000bd06  _ACCEL_setParams                                 
0     0000bd2b  _ACCEL_init                                      
0     0000bd31  _ceil                                            
0     0000bd31  _ceilf                                           
0     0000bd89  _c_int00                                         
0     0000bddf  _OFFSET_setOffset                                
0     0000bde1  _OFFSET_setInitCond                              
0     0000bdf0  _OFFSET_setBeta                                  
0     0000be06  _OFFSET_init                                     
0     0000be17  _OFFSET_getBeta                                  
0     0000be26  _copy_in                                         
0     0000be6c  _WDOG_setPreScaler                               
0     0000be76  _WDOG_setCount                                   
0     0000be78  _WDOG_init                                       
0     0000be7e  _WDOG_getIntStatus                               
0     0000be81  _WDOG_enableOverRide                             
0     0000be87  _WDOG_enableInt                                  
0     0000be8d  _WDOG_enable                                     
0     0000be96  _WDOG_disableOverRide                            
0     0000be9c  _WDOG_disableInt                                 
0     0000bea2  _WDOG_disable                                    
0     0000beaa  _WDOG_clearCounter                               
0     0000beb2  _PWR_setNumStandByClocks                         
0     0000bec3  _PWR_setLowPowerMode                             
0     0000bed4  _PWR_init                                        
0     0000bedc  _PWR_enableWatchDogInt                           
0     0000bee6  _PWR_enableBrownOutReset                         
0     0000bee9  _PWR_disableWatchDogInt                          
0     0000bef3  _PWR_disableBrownOutReset                        
0     0000bef6  _SMART_setTemp                                   
0     0000bef7  _SMART_setSpeedo                                 
0     0000bef8  _SMART_setBrakeLight                             
0     0000bef9  _SMART_disableDCDC                               
0     0000beff  _SMART_disableHV                                 
0     0000bf05  _SMART_disableIGBT                               
0     0000bf0b  _SMART_init                                      
0     0000bf17  _SMART_getExtMotorEn                             
0     0000bf1d  _SMART_getExtDCDCen                              
0     0000bf23  _SMART_enableIGBT                                
0     0000bf29  _SMART_enableHV                                  
0     0000bf2f  _SMART_enableDCDC                                
0     0000bf35  _TIMER_setPreScaler                              
0     0000bf43  _TIMER_setEmulationMode                          
0     0000bf47  _TIMER_setDecimationFactor                       
0     0000bf55  _TIMER_init                                      
0     0000bf5b  _TIMER_getStatus                                 
0     0000bf5e  _TIMER_enableInt                                 
0     0000bf61  _TIMER_disableInt                                
0     0000bf64  _TIMER_clearFlag                                 
0     0000bf67  _OSC_setTrim                                     
0     0000bf70  _OSC_setFineTrim                                 
0     0000bf81  _OSC_setCoarseTrim                               
0     0000bf8e  _OSC_init                                        
0     0000bf94  C$$EXIT                                          
0     0000bf94  _abort                                           
0     0000bf96  _exit                                            
0     0000bfbd  _CPU_init                                        
0     0000bfc1  _CPU_enableProtectedRegisterWrite                
0     0000bfc4  _CPU_enableInt                                   
0     0000bfc8  _CPU_enableGlobalInts                            
0     0000bfcb  _CPU_enableDebugInt                              
0     0000bfce  _CPU_disableProtectedRegisterWrite               
0     0000bfd1  _CPU_disableInts                                 
0     0000bfd4  _CPU_disableInt                                  
0     0000bfd9  _CPU_disableGlobalInts                           
0     0000bfdc  _CPU_disableDebugInt                             
0     0000bfdf  _CPU_clearIntFlags                               
0     0000bfe2  _FILTER_FO_setNumCoeffs                          
0     0000bfe6  _FILTER_FO_setInitialConditions                  
0     0000bfed  _FILTER_FO_setDenCoeffs                          
0     0000bfef  _FILTER_FO_init                                  
0     0000bff5  _FILTER_FO_getNumCoeffs                          
0     0000bffb  _FILTER_FO_getInitialConditions                  
0     0000c004  _FILTER_FO_getDenCoeffs                          
0     0000c008  _sqrt                                            
0     0000c008  _sqrtf                                           
0     0000c02d  _FLASH_init                                      
0     0000c033  _FLASH_getStandbyWaitStatus                      
0     0000c037  _FLASH_getStandbyWaitCount                       
0     0000c03a  _FLASH_getPowerMode                              
0     0000c03d  _FLASH_getActiveWaitStatus                       
0     0000c041  _FLASH_getActiveWaitCount                        
0     0000c044  _FLASH_get3VStatus                               
0     0000c047  _FLASH_clear3VStatus                             
0     0000c04d  FD$$TOL                                          
0     0000c06c  FS$$TOFD                                         
0     0000c088  _ddcopy                                          
0     0000c088  _dpcopy                                          
0     0000c088  _pdcopy                                          
0     0000c088  _ppcopy                                          
0     0000c0a2  __args_main                                      
0     0000c0bb  _PROTO_commandDefault                            
0     0000c0bc  _PROTO_router                                    
0     0000c0d0  _copysign                                        
0     0000c0d0  _copysignf                                       
0     0000c0e1  _PIE_illegalIsr                                  
0     0000c0eb  __register_unlock                                
0     0000c0ef  __register_lock                                  
0     0000c0f3  __nop                                            
0     0000c0fc  _QEP_init                                        
0     0000c102  __system_pre_init                                
0     0000c104  _Flag_Latch_softwareUpdate                       
0     0000c104  ___etext__                                       
0     0000c104  etext                                            
0     0000c105  _gCounter_updateGlobals                          
0     0000c106  _gMaxCurrentSlope                                
0     0000c108  _gTorque_Ls_Id_Iq_pu_to_Nm_sf                    
0     0000c10a  _gTorque_Flux_Iq_pu_to_Nm_sf                     
0     0000c10c  _gFlux_pu_to_VpHz_sf                             
0     0000c10e  _controller_obj                                  
0     0000c110  _gFlux_pu_to_Wb_sf                               
0     0000c112  ___TI_enable_exit_profile_output                 
0     0000c114  ___TI_cleanup_ptr                                
0     0000c116  ___TI_dtors_ptr                                  
0     0000c118  __lock                                           
0     0000c11a  __unlock                                         
0     0000c11c  _cpu                                             
0     0000c11d  _errno                                           
0     0000c140  _accelerator                                     
0     0000c180  _memory                                          
0     0000c200  _hal                                             
0     0000c2c0  _encoder                                         
0     0000c400  _crc                                             
0     0000c401  _gUpdateDisplay                                  
0     0000c402  _g_sw1                                           
0     0000c403  _g_enHV                                          
0     0000c404  _g_enIGBT                                        
0     0000c405  _g_sw2                                           
0     0000c406  _success                                         
0     0000c407  _data                                            
0     0000c408  _gLEDcnt                                         
0     0000c409  _g_enDCDC                                        
0     0000c40a  _halHandle                                       
0     0000c40c  _throttleA                                       
0     0000c40e  _throttleResult                                  
0     0000c410  _throttleB                                       
0     0000c412  _angle                                           
0     0000c414  _ctrlHandle                                      
0     0000c416  _gPwmData                                        
0     0000c41c  _gAdcData                                        
0     0000c42a  _gAdcDataSec                                     
0     0000c440  _gDebugVars                                      
0     0000c480  _gMotorVars                                      
0     0000c500  _gUserParams                                     
0     0000c600  _hdlc                                            
0     0000c680  _CanaShadow                                      
0     0000c6c0  _crc_ccitt_table                                 
0     0000c844  __IQ24div                                        
0     0000c88b  __IQ24sqrt                                       
0     0000c8cd  __IQ24sinPU                                      
0     0000c8f6  __IQ24cosPU                                      
0     0000c91d  __IQ24toF                                        
0     0000c933  __IQ30toF                                        
0     003fdc30  _IQsinTable                                      
0     003fdd30  _IQcosTable                                      
0     003fe030  _IQsinTableEnd                                   
0     003fe132  _IQcosTableEnd                                   
0     003fe132  _IQdivRoundSatTable                              
0     003fe140  _IQdivTable                                      
0     003fe342  _IQdivTableEnd                                   
0     003fe342  _IQisqrtRoundSatTable                            
0     003fe342  _IQsqrtRoundSatTable                             
0     003fe352  _IQisqrtTable                                    
0     003fe352  _IQsqrtTable                                     
0     003fe454  _IQatan2HalfPITable                              
0     003fe454  _IQisqrtTableEnd                                 
0     003fe454  _IQsqrtTableEnd                                  
0     003fe492  _IQatan2Table                                    
0     003fe618  _IQ30mpyRndSatTable                              
0     003fe618  _IQatan2TableEnd                                 
0     003fe618  _IQmpyRndSatTable                                
0     003fe624  _IQ29mpyRndSatTable                              
0     003fe630  _IQ28mpyRndSatTable                              
0     003fe63c  _IQ27mpyRndSatTable                              
0     003fe648  _IQ26mpyRndSatTable                              
0     003fe654  _IQ25mpyRndSatTable                              
0     003fe660  _IQ24mpyRndSatTable                              
0     003fe66c  _IQ23mpyRndSatTable                              
0     003fe678  _IQ22mpyRndSatTable                              
0     003fe684  _IQ21mpyRndSatTable                              
0     003fe690  _IQ20mpyRndSatTable                              
0     003fe69c  _IQ19mpyRndSatTable                              
0     003fe6a8  _IQ18mpyRndSatTable                              
0     003fe6b4  _IQ17mpyRndSatTable                              
0     003fe6c0  _IQ16mpyRndSatTable                              
0     003fe6cc  _IQ15mpyRndSatTable                              
0     003fe6d8  _IQ14mpyRndSatTable                              
0     003fe6e4  _IQ13mpyRndSatTable                              
0     003fe6f0  _IQ12mpyRndSatTable                              
0     003fe6fc  _IQ11mpyRndSatTable                              
0     003fe708  _IQ10mpyRndSatTable                              
0     003fe714  _IQ9mpyRndSatTable                               
0     003fe720  _IQ8mpyRndSatTable                               
0     003fe72c  _IQ7mpyRndSatTable                               
0     003fe738  _IQ6mpyRndSatTable                               
0     003fe744  _IQ5mpyRndSatTable                               
0     003fe750  _IQ4mpyRndSatTable                               
0     003fe75c  _IQ3mpyRndSatTable                               
0     003fe768  _IQ2mpyRndSatTable                               
0     003fe774  _IQ1mpyRndSatTable                               
0     003fe780  _IQmpyRndSatTableEnd                             
1     00000400  __stack                                          
1     000007b0  __STACK_END                                      
abs   00000036  _RamfuncsLoadSize                                
abs   000003b0  __STACK_SIZE                                     
abs   003f861b  _EST_getState                                    
abs   003f861d  _EST_useZeroIq_ref                               
abs   003f8679  _EST_isMotorIdentified                           
abs   003f8713  _EST_updateState                                 
abs   003f89f5  _EST_updateId_ref_pu                             
abs   003f8a18  _EST_setRs_pu                                    
abs   003f8adb  _EST_setMaxCurrentSlope_pu                       
abs   003f8ae7  _EST_setLs_q_pu                                  
abs   003f8af1  _EST_setLs_qFmt                                  
abs   003f8b45  _EST_setLs_d_pu                                  
abs   003f8b63  _EST_setIq_ref_pu                                
abs   003f8b67  _EST_setIdle_all                                 
abs   003f8b7a  _EST_setIdle                                     
abs   003f8b80  _EST_setId_ref_pu                                
abs   003f8bd3  _EST_setFlag_enableRsRecalc                      
abs   003f8bdb  _EST_setFlag_enableForceAngle                    
abs   003f8c0d  _EST_getAngle_pu                                 
abs   003f927b  _EST_run                                         
abs   003f9378  _EST_isOnLine                                    
abs   003f937f  _EST_isLockRotor                                 
abs   003f9386  _EST_isIdle                                      
abs   003f938d  _EST_isError                                     
abs   003f9458  _EST_get_krpm_to_pu_sf                           
abs   003f94c6  _EST_getSpeed_krpm                               
abs   003f9513  _EST_getRs_Ohm                                   
abs   003f95ad  _EST_getRr_Ohm                                   
abs   003f95b3  _EST_getOneOverDcBus_pu                          
abs   003f95bd  _EST_getMaxCurrentSlope_pu                       
abs   003f95c9  _EST_getLs_q_pu                                  
abs   003f95ce  _EST_getLs_q_H                                   
abs   003f95f0  _EST_getLs_d_pu                                  
abs   003f95f5  _EST_getLs_d_H                                   
abs   003f95ff  _EST_getLs_coarse_max_pu                         
abs   003f9632  _EST_getIdRated                                  
abs   003f968e  _EST_getFm_pu                                    
abs   003f96ab  _EST_getFlux_pu                                  
abs   003f96be  _EST_getFlux_VpHz                                
abs   003f9758  _EST_doSpeedCtrl                                 
abs   003f9760  _EST_doCurrentCtrl                               
abs   003f9806  _CTRL_setupTraj                                  
abs   003f996a  _CTRL_setupEstOnLineState                        
abs   003f99a5  _CTRL_setupEstIdleState                          
abs   003f9b43  _CTRL_setupCtrl                                  
abs   003f9d31  _CTRL_setUserMotorParams                         
abs   003f9e64  _CTRL_setEstParams                               
abs   003fa5d1  _CTRL_runTraj                                    
abs   003fa6fb  _CTRL_initCtrl                                   
abs   003fa721  _CTRL_getVersion                                 
abs   ffffffff  ___TI_pprof_out_hndl                             
abs   ffffffff  ___TI_prof_data_size                             
abs   ffffffff  ___TI_prof_data_start                            
abs   ffffffff  ___binit__                                       
abs   ffffffff  ___c_args__                                      
abs   ffffffff  ___pinit__                                       
abs   ffffffff  binit                                            
abs   ffffffff  pinit                                            

[803 symbols]
